// Jest Snapshot v1, https://goo.gl/fbAQLP

exports[`Random matches snapshot 1`] = `
<div>
  <h6
    className="MuiTypography-root MuiTypography-h6"
    style={
      Object {
        "margin": 16,
      }
    }
  >
    Some other fun stuff - enjoy!
  </h6>
  <div>
    <div
      className="MuiPaper-root MuiCard-root card MuiPaper-elevation8 MuiPaper-rounded"
    >
      <div
        className="MuiCardHeader-root"
      >
        <div
          className="MuiCardHeader-content"
        >
          <span
            className="MuiTypography-root MuiCardHeader-title MuiTypography-h5 MuiTypography-displayBlock"
          >
            Gimble A Cappella
          </span>
          <span
            className="MuiTypography-root MuiCardHeader-subheader MuiTypography-body1 MuiTypography-colorTextSecondary MuiTypography-displayBlock"
          >
            My acappella group - check out our new EP: "home"!
          </span>
        </div>
      </div>
      <div
        className="MuiCardMedia-root"
        id="GimbleCard-gimbleCardMedia-31"
        style={
          Object {
            "backgroundImage": "url(\\"../static/images/photos/gimble_group_pic.jpg\\")",
          }
        }
        title="Gimble A Cappella - 2019"
      />
      <div
        className="MuiCardContent-root"
      >
        <iframe
          allow="encrypted-media"
          frameBorder="8"
          height="235"
          src="https://open.spotify.com/embed/album/2YI8uuf2AUnN2hRxXx4TIo"
          title="Fallingwater - Gimble A Cappella"
          width="320"
        />
        <iframe
          allow="encrypted-media"
          frameBorder="8"
          height="235"
          src="https://open.spotify.com/embed/track/0WteMpcOWgCTUnMfiBwJXC"
          title="Fallingwater - Gimble A Cappella"
          width="320"
        />
        <iframe
          allow="accelerometer; autoplay; encrypted-media; gyroscope; picture-in-picture"
          allowFullScreen={true}
          frameBorder="8"
          height="235"
          src="https://www.youtube.com/embed/Iiy4V1oq1QU"
          title="when the party's over Video - Gimble A Cappella"
          width="320"
        />
        <iframe
          allow="encrypted-media"
          frameBorder="8"
          height="235"
          src="https://open.spotify.com/embed/track/0qR0w1pbjEaQK5WI4vCCvK"
          title="Fallingwater - Gimble A Cappella"
          width="320"
        />
        <iframe
          allow="accelerometer; autoplay; encrypted-media; gyroscope; picture-in-picture"
          allowFullScreen={true}
          frameBorder="8"
          height="235"
          src="https://www.youtube-nocookie.com/embed/6Qge12ldMqU"
          title="Fallingwater Video - Gimble A Cappella"
          width="320"
        />
        <iframe
          allow="encrypted-media"
          frameBorder="8"
          height="235"
          src="https://open.spotify.com/embed/track/0syVmzCQYedVdmjHtxGy9K"
          title="Dancing On My Own - Gimble A Cappella"
          width="320"
        />
        <iframe
          allow="encrypted-media"
          frameBorder="8"
          height="235"
          src="https://open.spotify.com/embed/track/69Wf0jtGtFujPkddCZMdCl"
          title="715 - CR∑∑KS - Gimble A Cappella"
          width="320"
        />
        <iframe
          allow="encrypted-media"
          frameBorder="8"
          height="235"
          src="https://open.spotify.com/embed/album/6tgeYaO5FiHOzZuFcIEFTR"
          title="XX - Gimble A Cappella"
          width="320"
        />
      </div>
      <div
        className="MuiCardActions-root MuiCardActions-spacing"
      >
        <a
          aria-disabled={false}
          aria-label="Go to website"
          className="MuiButtonBase-root MuiIconButton-root"
          href="https://www.gimbleacappella.com/"
          onBlur={[Function]}
          onDragLeave={[Function]}
          onFocus={[Function]}
          onKeyDown={[Function]}
          onKeyUp={[Function]}
          onMouseDown={[Function]}
          onMouseLeave={[Function]}
          onMouseUp={[Function]}
          onTouchEnd={[Function]}
          onTouchMove={[Function]}
          onTouchStart={[Function]}
          tabIndex={0}
        >
          <span
            className="MuiIconButton-label"
          >
            <svg
              aria-hidden="true"
              className="MuiSvgIcon-root"
              focusable="false"
              viewBox="0 0 24 24"
            >
              <path
                d="M20 4H4c-1.1 0-1.99.9-1.99 2L2 18c0 1.1.9 2 2 2h16c1.1 0 2-.9 2-2V6c0-1.1-.9-2-2-2zm-5 14H4v-4h11v4zm0-5H4V9h11v4zm5 5h-4V9h4v9z"
              />
            </svg>
          </span>
          <span
            className="MuiTouchRipple-root"
          />
        </a>
        <a
          aria-disabled={false}
          aria-label="Gimble A Cappella on Apple Music"
          className="MuiButtonBase-root MuiIconButton-root"
          href="https://itunes.apple.com/us/artist/gimble-a-cappella/1221861150?ign-gact=3&ls=1"
          onBlur={[Function]}
          onDragLeave={[Function]}
          onFocus={[Function]}
          onKeyDown={[Function]}
          onKeyUp={[Function]}
          onMouseDown={[Function]}
          onMouseLeave={[Function]}
          onMouseUp={[Function]}
          onTouchEnd={[Function]}
          onTouchMove={[Function]}
          onTouchStart={[Function]}
          tabIndex={0}
        >
          <span
            className="MuiIconButton-label"
          >
            <img
              alt="Gimble A Cappella on Apple Music"
              className="GimbleCard-gimbleCardActionIcon-32"
              src={
                Object {
                  "process": [Function],
                }
              }
              title="Gimble A Cappella on Apple Music"
            />
          </span>
          <span
            className="MuiTouchRipple-root"
          />
        </a>
        <a
          aria-disabled={false}
          aria-label="Gimble A Cappella on Facebook"
          className="MuiButtonBase-root MuiIconButton-root"
          href="https://www.facebook.com/gimbleacappella/"
          onBlur={[Function]}
          onDragLeave={[Function]}
          onFocus={[Function]}
          onKeyDown={[Function]}
          onKeyUp={[Function]}
          onMouseDown={[Function]}
          onMouseLeave={[Function]}
          onMouseUp={[Function]}
          onTouchEnd={[Function]}
          onTouchMove={[Function]}
          onTouchStart={[Function]}
          tabIndex={0}
        >
          <span
            className="MuiIconButton-label"
          >
            <img
              alt="Gimble A Cappella on Facebook"
              className="GimbleCard-gimbleCardActionIcon-32"
              src={
                Object {
                  "process": [Function],
                }
              }
              title="Gimble A Cappella on Facebook"
            />
          </span>
          <span
            className="MuiTouchRipple-root"
          />
        </a>
        <a
          aria-disabled={false}
          aria-label="Gimble A Cappella on Spotify"
          className="MuiButtonBase-root MuiIconButton-root"
          href="https://open.spotify.com/artist/0CgETTTImSmkeCBkoUJiMg?autoplay=true&v=A"
          onBlur={[Function]}
          onDragLeave={[Function]}
          onFocus={[Function]}
          onKeyDown={[Function]}
          onKeyUp={[Function]}
          onMouseDown={[Function]}
          onMouseLeave={[Function]}
          onMouseUp={[Function]}
          onTouchEnd={[Function]}
          onTouchMove={[Function]}
          onTouchStart={[Function]}
          tabIndex={0}
        >
          <span
            className="MuiIconButton-label"
          >
            <img
              alt="Gimble A Cappella on Spotify"
              className="GimbleCard-gimbleCardActionIcon-32"
              src={
                Object {
                  "process": [Function],
                }
              }
              title="Gimble A Cappella on Spotify"
            />
          </span>
          <span
            className="MuiTouchRipple-root"
          />
        </a>
        <a
          aria-disabled={false}
          aria-label="Gimble A Cappella on Google Play Music"
          className="MuiButtonBase-root MuiIconButton-root"
          href="https://play.google.com/music/m/A6i265eewm2mhu5p2fvikdbf5tm?play=1"
          onBlur={[Function]}
          onDragLeave={[Function]}
          onFocus={[Function]}
          onKeyDown={[Function]}
          onKeyUp={[Function]}
          onMouseDown={[Function]}
          onMouseLeave={[Function]}
          onMouseUp={[Function]}
          onTouchEnd={[Function]}
          onTouchMove={[Function]}
          onTouchStart={[Function]}
          tabIndex={0}
        >
          <span
            className="MuiIconButton-label"
          >
            <img
              alt="Gimble A Cappella on Google Play Music"
              className="GimbleCard-gimbleCardActionIcon-32"
              src={
                Object {
                  "process": [Function],
                }
              }
              title="Gimble A Cappella on Google Play Music"
            />
          </span>
          <span
            className="MuiTouchRipple-root"
          />
        </a>
        <a
          aria-disabled={false}
          aria-label="Gimble A Cappella on SoundCloud"
          className="MuiButtonBase-root MuiIconButton-root"
          href="https://soundcloud.com/gimble-a-cappella"
          onBlur={[Function]}
          onDragLeave={[Function]}
          onFocus={[Function]}
          onKeyDown={[Function]}
          onKeyUp={[Function]}
          onMouseDown={[Function]}
          onMouseLeave={[Function]}
          onMouseUp={[Function]}
          onTouchEnd={[Function]}
          onTouchMove={[Function]}
          onTouchStart={[Function]}
          tabIndex={0}
        >
          <span
            className="MuiIconButton-label"
          >
            <img
              alt="Gimble A Cappella on SoundCloud"
              className="GimbleCard-gimbleCardActionIcon-32"
              src={
                Object {
                  "process": [Function],
                }
              }
              title="Gimble A Cappella on SoundCloud"
            />
          </span>
          <span
            className="MuiTouchRipple-root"
          />
        </a>
        <a
          aria-disabled={false}
          aria-label="Gimble A Cappella on YouTube"
          className="MuiButtonBase-root MuiIconButton-root"
          href="https://www.youtube.com/channel/UCH2dQr26tAWVijoYdKHcgdg"
          onBlur={[Function]}
          onDragLeave={[Function]}
          onFocus={[Function]}
          onKeyDown={[Function]}
          onKeyUp={[Function]}
          onMouseDown={[Function]}
          onMouseLeave={[Function]}
          onMouseUp={[Function]}
          onTouchEnd={[Function]}
          onTouchMove={[Function]}
          onTouchStart={[Function]}
          tabIndex={0}
        >
          <span
            className="MuiIconButton-label"
          >
            <img
              alt="Gimble A Cappella on YouTube"
              className="GimbleCard-gimbleCardActionIcon-32"
              src={
                Object {
                  "process": [Function],
                }
              }
              title="Gimble A Cappella on YouTube"
            />
          </span>
          <span
            className="MuiTouchRipple-root"
          />
        </a>
        <a
          aria-disabled={false}
          aria-label="Gimble A Cappella on YouTube Music"
          className="MuiButtonBase-root MuiIconButton-root"
          href="https://www.youtube.com/channel/UCzwG1_hJ5hRCMqzNlTJj2ZQ"
          onBlur={[Function]}
          onDragLeave={[Function]}
          onFocus={[Function]}
          onKeyDown={[Function]}
          onKeyUp={[Function]}
          onMouseDown={[Function]}
          onMouseLeave={[Function]}
          onMouseUp={[Function]}
          onTouchEnd={[Function]}
          onTouchMove={[Function]}
          onTouchStart={[Function]}
          tabIndex={0}
        >
          <span
            className="MuiIconButton-label"
          >
            <img
              alt="Gimble A Cappella on YouTube Music"
              className="GimbleCard-gimbleCardActionIcon-32"
              src={
                Object {
                  "process": [Function],
                }
              }
              title="Gimble A Cappella on YouTube Music"
            />
          </span>
          <span
            className="MuiTouchRipple-root"
          />
        </a>
        <a
          aria-disabled={false}
          aria-label="Gimble A Cappella on Instagram"
          className="MuiButtonBase-root MuiIconButton-root"
          href="https://www.instagram.com/gimbleacappella/"
          onBlur={[Function]}
          onDragLeave={[Function]}
          onFocus={[Function]}
          onKeyDown={[Function]}
          onKeyUp={[Function]}
          onMouseDown={[Function]}
          onMouseLeave={[Function]}
          onMouseUp={[Function]}
          onTouchEnd={[Function]}
          onTouchMove={[Function]}
          onTouchStart={[Function]}
          tabIndex={0}
        >
          <span
            className="MuiIconButton-label"
          >
            <img
              alt="Gimble A Cappella on Instagram"
              className="GimbleCard-gimbleCardActionIcon-32"
              src={
                Object {
                  "process": [Function],
                }
              }
              title="Gimble A Cappella on Instagram"
            />
          </span>
          <span
            className="MuiTouchRipple-root"
          />
        </a>
        <a
          aria-disabled={false}
          aria-label="Gimble A Cappella on Amazon Music"
          className="MuiButtonBase-root MuiIconButton-root"
          href="https://music.amazon.com/artists/B06XZ8143C?tab=LIBRARY&ref=dm_wcp_artist_link_s"
          onBlur={[Function]}
          onDragLeave={[Function]}
          onFocus={[Function]}
          onKeyDown={[Function]}
          onKeyUp={[Function]}
          onMouseDown={[Function]}
          onMouseLeave={[Function]}
          onMouseUp={[Function]}
          onTouchEnd={[Function]}
          onTouchMove={[Function]}
          onTouchStart={[Function]}
          tabIndex={0}
        >
          <span
            className="MuiIconButton-label"
          >
            <img
              alt="Gimble A Cappella on Amazon Music"
              className="GimbleCard-gimbleCardActionIcon-32"
              src={
                Object {
                  "process": [Function],
                }
              }
              title="Gimble A Cappella on Amazon Music"
            />
          </span>
          <span
            className="MuiTouchRipple-root"
          />
        </a>
      </div>
    </div>
  </div>
  <div
    className="MuiPaper-root MuiCard-root card MuiPaper-elevation8 MuiPaper-rounded"
  >
    <div
      className="MuiCardHeader-root"
    >
      <div
        className="MuiCardHeader-content"
      >
        <span
          className="MuiTypography-root MuiCardHeader-title MuiTypography-h5 MuiTypography-displayBlock"
        >
          Tic Tac Toe
        </span>
        <span
          className="MuiTypography-root MuiCardHeader-subheader MuiTypography-body1 MuiTypography-colorTextSecondary MuiTypography-displayBlock"
        >
          because why not?
        </span>
      </div>
    </div>
    <div
      className="MuiCardContent-root"
    >
      <h6
        className="MuiTypography-root MuiTypography-subtitle1"
      />
      <div
        className="MuiGrid-root TicTacToeGame-game-98"
      >
        <div
          className="MuiGrid-root TicTacToeGame-gameBoard-97"
        >
          <div>
            <div>
              <button
                className="MuiButtonBase-root MuiButton-root MuiButton-outlined TicTacToeSquare-square-203"
                disabled={false}
                onBlur={[Function]}
                onClick={[Function]}
                onDragLeave={[Function]}
                onFocus={[Function]}
                onKeyDown={[Function]}
                onKeyUp={[Function]}
                onMouseDown={[Function]}
                onMouseLeave={[Function]}
                onMouseUp={[Function]}
                onTouchEnd={[Function]}
                onTouchMove={[Function]}
                onTouchStart={[Function]}
                tabIndex={0}
                type="button"
              >
                <span
                  className="MuiButton-label"
                >
                  <h5
                    className="MuiTypography-root MuiTypography-h5"
                  />
                </span>
                <span
                  className="MuiTouchRipple-root"
                />
              </button>
              <button
                className="MuiButtonBase-root MuiButton-root MuiButton-outlined TicTacToeSquare-square-203"
                disabled={false}
                onBlur={[Function]}
                onClick={[Function]}
                onDragLeave={[Function]}
                onFocus={[Function]}
                onKeyDown={[Function]}
                onKeyUp={[Function]}
                onMouseDown={[Function]}
                onMouseLeave={[Function]}
                onMouseUp={[Function]}
                onTouchEnd={[Function]}
                onTouchMove={[Function]}
                onTouchStart={[Function]}
                tabIndex={0}
                type="button"
              >
                <span
                  className="MuiButton-label"
                >
                  <h5
                    className="MuiTypography-root MuiTypography-h5"
                  />
                </span>
                <span
                  className="MuiTouchRipple-root"
                />
              </button>
              <button
                className="MuiButtonBase-root MuiButton-root MuiButton-outlined TicTacToeSquare-square-203"
                disabled={false}
                onBlur={[Function]}
                onClick={[Function]}
                onDragLeave={[Function]}
                onFocus={[Function]}
                onKeyDown={[Function]}
                onKeyUp={[Function]}
                onMouseDown={[Function]}
                onMouseLeave={[Function]}
                onMouseUp={[Function]}
                onTouchEnd={[Function]}
                onTouchMove={[Function]}
                onTouchStart={[Function]}
                tabIndex={0}
                type="button"
              >
                <span
                  className="MuiButton-label"
                >
                  <h5
                    className="MuiTypography-root MuiTypography-h5"
                  />
                </span>
                <span
                  className="MuiTouchRipple-root"
                />
              </button>
            </div>
            <div>
              <button
                className="MuiButtonBase-root MuiButton-root MuiButton-outlined TicTacToeSquare-square-203"
                disabled={false}
                onBlur={[Function]}
                onClick={[Function]}
                onDragLeave={[Function]}
                onFocus={[Function]}
                onKeyDown={[Function]}
                onKeyUp={[Function]}
                onMouseDown={[Function]}
                onMouseLeave={[Function]}
                onMouseUp={[Function]}
                onTouchEnd={[Function]}
                onTouchMove={[Function]}
                onTouchStart={[Function]}
                tabIndex={0}
                type="button"
              >
                <span
                  className="MuiButton-label"
                >
                  <h5
                    className="MuiTypography-root MuiTypography-h5"
                  />
                </span>
                <span
                  className="MuiTouchRipple-root"
                />
              </button>
              <button
                className="MuiButtonBase-root MuiButton-root MuiButton-outlined TicTacToeSquare-square-203"
                disabled={false}
                onBlur={[Function]}
                onClick={[Function]}
                onDragLeave={[Function]}
                onFocus={[Function]}
                onKeyDown={[Function]}
                onKeyUp={[Function]}
                onMouseDown={[Function]}
                onMouseLeave={[Function]}
                onMouseUp={[Function]}
                onTouchEnd={[Function]}
                onTouchMove={[Function]}
                onTouchStart={[Function]}
                tabIndex={0}
                type="button"
              >
                <span
                  className="MuiButton-label"
                >
                  <h5
                    className="MuiTypography-root MuiTypography-h5"
                  />
                </span>
                <span
                  className="MuiTouchRipple-root"
                />
              </button>
              <button
                className="MuiButtonBase-root MuiButton-root MuiButton-outlined TicTacToeSquare-square-203"
                disabled={false}
                onBlur={[Function]}
                onClick={[Function]}
                onDragLeave={[Function]}
                onFocus={[Function]}
                onKeyDown={[Function]}
                onKeyUp={[Function]}
                onMouseDown={[Function]}
                onMouseLeave={[Function]}
                onMouseUp={[Function]}
                onTouchEnd={[Function]}
                onTouchMove={[Function]}
                onTouchStart={[Function]}
                tabIndex={0}
                type="button"
              >
                <span
                  className="MuiButton-label"
                >
                  <h5
                    className="MuiTypography-root MuiTypography-h5"
                  />
                </span>
                <span
                  className="MuiTouchRipple-root"
                />
              </button>
            </div>
            <div>
              <button
                className="MuiButtonBase-root MuiButton-root MuiButton-outlined TicTacToeSquare-square-203"
                disabled={false}
                onBlur={[Function]}
                onClick={[Function]}
                onDragLeave={[Function]}
                onFocus={[Function]}
                onKeyDown={[Function]}
                onKeyUp={[Function]}
                onMouseDown={[Function]}
                onMouseLeave={[Function]}
                onMouseUp={[Function]}
                onTouchEnd={[Function]}
                onTouchMove={[Function]}
                onTouchStart={[Function]}
                tabIndex={0}
                type="button"
              >
                <span
                  className="MuiButton-label"
                >
                  <h5
                    className="MuiTypography-root MuiTypography-h5"
                  />
                </span>
                <span
                  className="MuiTouchRipple-root"
                />
              </button>
              <button
                className="MuiButtonBase-root MuiButton-root MuiButton-outlined TicTacToeSquare-square-203"
                disabled={false}
                onBlur={[Function]}
                onClick={[Function]}
                onDragLeave={[Function]}
                onFocus={[Function]}
                onKeyDown={[Function]}
                onKeyUp={[Function]}
                onMouseDown={[Function]}
                onMouseLeave={[Function]}
                onMouseUp={[Function]}
                onTouchEnd={[Function]}
                onTouchMove={[Function]}
                onTouchStart={[Function]}
                tabIndex={0}
                type="button"
              >
                <span
                  className="MuiButton-label"
                >
                  <h5
                    className="MuiTypography-root MuiTypography-h5"
                  />
                </span>
                <span
                  className="MuiTouchRipple-root"
                />
              </button>
              <button
                className="MuiButtonBase-root MuiButton-root MuiButton-outlined TicTacToeSquare-square-203"
                disabled={false}
                onBlur={[Function]}
                onClick={[Function]}
                onDragLeave={[Function]}
                onFocus={[Function]}
                onKeyDown={[Function]}
                onKeyUp={[Function]}
                onMouseDown={[Function]}
                onMouseLeave={[Function]}
                onMouseUp={[Function]}
                onTouchEnd={[Function]}
                onTouchMove={[Function]}
                onTouchStart={[Function]}
                tabIndex={0}
                type="button"
              >
                <span
                  className="MuiButton-label"
                >
                  <h5
                    className="MuiTypography-root MuiTypography-h5"
                  />
                </span>
                <span
                  className="MuiTouchRipple-root"
                />
              </button>
            </div>
          </div>
        </div>
        <div
          className="MuiGrid-root TicTacToeGame-gameInfo-99"
        >
          <div>
            <h6
              className="MuiTypography-root MuiTypography-subtitle1 MuiTypography-colorSecondary"
            >
               
              Next player: X
            </h6>
          </div>
          <p />
        </div>
      </div>
    </div>
    <div
      className="MuiCardActions-root MuiCardActions-spacing"
    >
      <a
        aria-disabled={false}
        aria-label="credit: reactjs tutorial"
        className="MuiButtonBase-root MuiIconButton-root"
        href="https://reactjs.org/tutorial/tutorial.html#overview"
        onBlur={[Function]}
        onDragLeave={[Function]}
        onFocus={[Function]}
        onKeyDown={[Function]}
        onKeyUp={[Function]}
        onMouseDown={[Function]}
        onMouseLeave={[Function]}
        onMouseUp={[Function]}
        onTouchEnd={[Function]}
        onTouchMove={[Function]}
        onTouchStart={[Function]}
        tabIndex={0}
      >
        <span
          className="MuiIconButton-label"
        >
          <svg
            aria-hidden="true"
            className="MuiSvgIcon-root"
            focusable="false"
            viewBox="0 0 24 24"
          >
            <path
              d="M14 2H6c-1.1 0-1.99.9-1.99 2L4 20c0 1.1.89 2 1.99 2H18c1.1 0 2-.9 2-2V8l-6-6zm2 16H8v-2h8v2zm0-4H8v-2h8v2zm-3-5V3.5L18.5 9H13z"
            />
          </svg>
        </span>
        <span
          className="MuiTouchRipple-root"
        />
      </a>
    </div>
  </div>
  <div>
    <div
      className="MuiPaper-root MuiCard-root card MuiPaper-elevation8 MuiPaper-rounded"
    >
      <div
        className="MuiCardHeader-root"
      >
        <div
          className="MuiCardHeader-content"
        >
          <span
            className="MuiTypography-root MuiCardHeader-title MuiTypography-h5 MuiTypography-displayBlock"
          >
            Recommended Sites
          </span>
          <span
            className="MuiTypography-root MuiCardHeader-subheader MuiTypography-body1 MuiTypography-colorTextSecondary MuiTypography-displayBlock"
          >
            Check out these amazing people's websites!
          </span>
        </div>
      </div>
      <div
        className="MuiCardContent-root"
      >
        <div
          className="RecommendedSitesTable-recommendedSitesWrapper-233"
        >
          <table
            className="MuiTable-root"
            role={null}
          >
            <tbody
              className="MuiTableBody-root"
              role={null}
            >
              <tr
                className="MuiTableRow-root"
                role={null}
              >
                <th
                  aria-sort={null}
                  className="MuiTableCell-root MuiTableCell-body MuiTableCell-alignCenter"
                  role="cell"
                  scope="row"
                >
                  <h5
                    className="MuiTypography-root RecommendedSitesTable-nameText-236 MuiTypography-h5"
                  >
                    Jacob Fedrigon
                  </h5>
                  <div>
                    <a
                      className="MuiTypography-root MuiLink-root MuiLink-underlineHover MuiTypography-colorPrimary"
                      href="http://www-personal.umich.edu/~jacobfed/"
                      onBlur={[Function]}
                      onFocus={[Function]}
                    >
                      <img
                        alt="undefined's website"
                        src={
                          Object {
                            "process": [Function],
                          }
                        }
                        style={
                          Object {
                            "maxHeight": "400px",
                            "maxWidth": "80%",
                          }
                        }
                      />
                    </a>
                  </div>
                  <a
                    aria-disabled={false}
                    className="MuiButtonBase-root MuiButton-root MuiButton-outlined RecommendedSitesTable-websiteButton-235 MuiButton-outlinedSecondary"
                    href="http://www-personal.umich.edu/~jacobfed/"
                    onBlur={[Function]}
                    onDragLeave={[Function]}
                    onFocus={[Function]}
                    onKeyDown={[Function]}
                    onKeyUp={[Function]}
                    onMouseDown={[Function]}
                    onMouseLeave={[Function]}
                    onMouseUp={[Function]}
                    onTouchEnd={[Function]}
                    onTouchMove={[Function]}
                    onTouchStart={[Function]}
                    tabIndex={0}
                  >
                    <span
                      className="MuiButton-label"
                    >
                      Go To Jacob's Website
                    </span>
                    <span
                      className="MuiTouchRipple-root"
                    />
                  </a>
                </th>
              </tr>
              <tr
                className="MuiTableRow-root"
                role={null}
              >
                <th
                  aria-sort={null}
                  className="MuiTableCell-root MuiTableCell-body MuiTableCell-alignCenter"
                  role="cell"
                  scope="row"
                >
                  <h5
                    className="MuiTypography-root RecommendedSitesTable-nameText-236 MuiTypography-h5"
                  >
                    Nathan Johnson
                  </h5>
                  <div>
                    <a
                      className="MuiTypography-root MuiLink-root MuiLink-underlineHover MuiTypography-colorPrimary"
                      href="https://nathanieljohnson.me/"
                      onBlur={[Function]}
                      onFocus={[Function]}
                    >
                      <img
                        alt="undefined's website"
                        src={
                          Object {
                            "process": [Function],
                          }
                        }
                        style={
                          Object {
                            "maxHeight": "400px",
                            "maxWidth": "80%",
                          }
                        }
                      />
                    </a>
                  </div>
                  <a
                    aria-disabled={false}
                    className="MuiButtonBase-root MuiButton-root MuiButton-outlined RecommendedSitesTable-websiteButton-235 MuiButton-outlinedSecondary"
                    href="https://nathanieljohnson.me/"
                    onBlur={[Function]}
                    onDragLeave={[Function]}
                    onFocus={[Function]}
                    onKeyDown={[Function]}
                    onKeyUp={[Function]}
                    onMouseDown={[Function]}
                    onMouseLeave={[Function]}
                    onMouseUp={[Function]}
                    onTouchEnd={[Function]}
                    onTouchMove={[Function]}
                    onTouchStart={[Function]}
                    tabIndex={0}
                  >
                    <span
                      className="MuiButton-label"
                    >
                      Go To Nathan's Website
                    </span>
                    <span
                      className="MuiTouchRipple-root"
                    />
                  </a>
                </th>
              </tr>
              <tr
                className="MuiTableRow-root"
                role={null}
              >
                <th
                  aria-sort={null}
                  className="MuiTableCell-root MuiTableCell-body MuiTableCell-alignCenter"
                  role="cell"
                  scope="row"
                >
                  <h5
                    className="MuiTypography-root RecommendedSitesTable-nameText-236 MuiTypography-h5"
                  >
                    Salvador Villalon
                  </h5>
                  <div>
                    <a
                      className="MuiTypography-root MuiLink-root MuiLink-underlineHover MuiTypography-colorPrimary"
                      href="https://salvillalon45.github.io/"
                      onBlur={[Function]}
                      onFocus={[Function]}
                    >
                      <img
                        alt="undefined's website"
                        src={
                          Object {
                            "process": [Function],
                          }
                        }
                        style={
                          Object {
                            "maxHeight": "400px",
                            "maxWidth": "80%",
                          }
                        }
                      />
                    </a>
                  </div>
                  <a
                    aria-disabled={false}
                    className="MuiButtonBase-root MuiButton-root MuiButton-outlined RecommendedSitesTable-websiteButton-235 MuiButton-outlinedSecondary"
                    href="https://salvillalon45.github.io/"
                    onBlur={[Function]}
                    onDragLeave={[Function]}
                    onFocus={[Function]}
                    onKeyDown={[Function]}
                    onKeyUp={[Function]}
                    onMouseDown={[Function]}
                    onMouseLeave={[Function]}
                    onMouseUp={[Function]}
                    onTouchEnd={[Function]}
                    onTouchMove={[Function]}
                    onTouchStart={[Function]}
                    tabIndex={0}
                  >
                    <span
                      className="MuiButton-label"
                    >
                      Go To Sal's Website
                    </span>
                    <span
                      className="MuiTouchRipple-root"
                    />
                  </a>
                </th>
              </tr>
              <tr
                className="MuiTableRow-root"
                role={null}
              >
                <th
                  aria-sort={null}
                  className="MuiTableCell-root MuiTableCell-body MuiTableCell-alignCenter"
                  role="cell"
                  scope="row"
                >
                  <h5
                    className="MuiTypography-root RecommendedSitesTable-nameText-236 MuiTypography-h5"
                  >
                    Sarah Koop
                  </h5>
                  <div>
                    <a
                      className="MuiTypography-root MuiLink-root MuiLink-underlineHover MuiTypography-colorPrimary"
                      href="http://sarah-koop.com/"
                      onBlur={[Function]}
                      onFocus={[Function]}
                    >
                      <img
                        alt="undefined's website"
                        src={
                          Object {
                            "process": [Function],
                          }
                        }
                        style={
                          Object {
                            "maxHeight": "400px",
                            "maxWidth": "80%",
                          }
                        }
                      />
                    </a>
                  </div>
                  <a
                    aria-disabled={false}
                    className="MuiButtonBase-root MuiButton-root MuiButton-outlined RecommendedSitesTable-websiteButton-235 MuiButton-outlinedSecondary"
                    href="http://sarah-koop.com/"
                    onBlur={[Function]}
                    onDragLeave={[Function]}
                    onFocus={[Function]}
                    onKeyDown={[Function]}
                    onKeyUp={[Function]}
                    onMouseDown={[Function]}
                    onMouseLeave={[Function]}
                    onMouseUp={[Function]}
                    onTouchEnd={[Function]}
                    onTouchMove={[Function]}
                    onTouchStart={[Function]}
                    tabIndex={0}
                  >
                    <span
                      className="MuiButton-label"
                    >
                      Go To Sarah's Website
                    </span>
                    <span
                      className="MuiTouchRipple-root"
                    />
                  </a>
                </th>
              </tr>
              <tr
                className="MuiTableRow-root"
                role={null}
              >
                <th
                  aria-sort={null}
                  className="MuiTableCell-root MuiTableCell-body MuiTableCell-alignCenter"
                  role="cell"
                  scope="row"
                >
                  <h5
                    className="MuiTypography-root RecommendedSitesTable-nameText-236 MuiTypography-h5"
                  >
                    Sean Barber
                  </h5>
                  <div>
                    <a
                      className="MuiTypography-root MuiLink-root MuiLink-underlineHover MuiTypography-colorPrimary"
                      href="https://seanbarber.me/"
                      onBlur={[Function]}
                      onFocus={[Function]}
                    >
                      <img
                        alt="undefined's website"
                        src={
                          Object {
                            "process": [Function],
                          }
                        }
                        style={
                          Object {
                            "maxHeight": "400px",
                            "maxWidth": "80%",
                          }
                        }
                      />
                    </a>
                  </div>
                  <a
                    aria-disabled={false}
                    className="MuiButtonBase-root MuiButton-root MuiButton-outlined RecommendedSitesTable-websiteButton-235 MuiButton-outlinedSecondary"
                    href="https://seanbarber.me/"
                    onBlur={[Function]}
                    onDragLeave={[Function]}
                    onFocus={[Function]}
                    onKeyDown={[Function]}
                    onKeyUp={[Function]}
                    onMouseDown={[Function]}
                    onMouseLeave={[Function]}
                    onMouseUp={[Function]}
                    onTouchEnd={[Function]}
                    onTouchMove={[Function]}
                    onTouchStart={[Function]}
                    tabIndex={0}
                  >
                    <span
                      className="MuiButton-label"
                    >
                      Go To Sean's Website
                    </span>
                    <span
                      className="MuiTouchRipple-root"
                    />
                  </a>
                </th>
              </tr>
            </tbody>
          </table>
        </div>
      </div>
    </div>
  </div>
  <div
    className="InteractionCard-root-263"
  >
    <div
      className="MuiPaper-root MuiCard-root MuiPaper-elevation8 MuiPaper-rounded"
    >
      <div
        className="MuiCardContent-root"
      >
        <div
          className="MuiPaper-root MuiCard-root PrideSwitch-flatCard-264 MuiPaper-elevation1 MuiPaper-rounded"
        >
          <div
            className="PrideSwitch-prideSwitchContent-265"
          >
            <h5
              className="MuiTypography-root PrideSwitch-prideTitle-266 MuiTypography-h5"
            >
              Pride
            </h5>
            <span
              className="MuiSwitch-root PrideSwitch-prideSwitch-267"
            >
              <span
                aria-disabled={false}
                className="MuiButtonBase-root MuiIconButton-root PrivateSwitchBase-root-280 MuiSwitch-switchBase MuiSwitch-colorSecondary"
                onBlur={[Function]}
                onClick={[Function]}
                onDragLeave={[Function]}
                onFocus={[Function]}
                onKeyDown={[Function]}
                onKeyUp={[Function]}
                onMouseDown={[Function]}
                onMouseLeave={[Function]}
                onMouseUp={[Function]}
                onTouchEnd={[Function]}
                onTouchMove={[Function]}
                onTouchStart={[Function]}
                tabIndex={null}
              >
                <span
                  className="MuiIconButton-label"
                >
                  <input
                    checked={false}
                    className="PrivateSwitchBase-input-283 MuiSwitch-input"
                    onChange={[Function]}
                    type="checkbox"
                  />
                  <span
                    className="MuiSwitch-thumb"
                  />
                </span>
                <span
                  className="MuiTouchRipple-root"
                />
              </span>
              <span
                className="MuiSwitch-track"
              />
            </span>
          </div>
          <p
            className="MuiTypography-root MuiTypography-body1"
          >
            I deeply care about diversity and inclusivity. Show your pride or your solidarity.
          </p>
          <br />
          <a
            className="MuiTypography-root MuiLink-root MuiLink-underlineHover MuiTypography-caption MuiTypography-colorTextSecondary"
            href="https://travis-ci.org/account/preferences"
            onBlur={[Function]}
            onFocus={[Function]}
          >
            credit: Travis CI
          </a>
        </div>
        <div
          className="LikeButton-root-284"
        >
          <div
            className="LikeButton-likeButtonWrapper-285"
          >
            <svg
              aria-hidden="true"
              className="MuiSvgIcon-root MuiSvgIcon-fontSizeLarge"
              focusable="false"
              onClick={[Function]}
              viewBox="0 0 24 24"
            >
              <path
                d="M16.5 3c-1.74 0-3.41.81-4.5 2.09C10.91 3.81 9.24 3 7.5 3 4.42 3 2 5.42 2 8.5c0 3.78 3.4 6.86 8.55 11.54L12 21.35l1.45-1.32C18.6 15.36 22 12.28 22 8.5 22 5.42 19.58 3 16.5 3zm-4.4 15.55l-.1.1-.1-.1C7.14 14.24 4 11.39 4 8.5 4 6.5 5.5 5 7.5 5c1.54 0 3.04.99 3.57 2.36h1.87C13.46 5.99 14.96 5 16.5 5c2 0 3.5 1.5 3.5 3.5 0 2.89-3.14 5.74-7.9 10.05z"
              />
            </svg>
            <div
              className="MuiPaper-root MuiCard-root LikeButton-captionRoot-286 MuiPaper-elevation1 MuiPaper-rounded"
            >
              <span
                className="MuiTypography-root LikeButton-captionText-287 MuiTypography-caption MuiTypography-colorInherit"
                size="small"
              >
                0
                 likes
              </span>
            </div>
          </div>
        </div>
      </div>
    </div>
  </div>
</div>
`;
