// Jest Snapshot v1, https://goo.gl/fbAQLP

exports[`Extra matches snapshot 1`] = `
<div>
  <h6
    className="MuiTypography-root MuiTypography-h6"
    style={
      Object {
        "margin": 16,
      }
    }
  >
    Some other fun stuff - enjoy!
  </h6>
  <p
    className="MuiTypography-root MuiTypography-body1 MuiTypography-colorSecondary"
  >
    <b>
      Click to expand/collapse cards
    </b>
  </p>
  <div
    className="MuiPaper-root MuiCard-root card MuiPaper-elevation8 MuiPaper-rounded"
  >
    <div
      className="MuiPaper-root MuiExpansionPanel-root MuiExpansionPanel-rounded MuiPaper-elevation1 MuiPaper-rounded"
    >
      <div
        aria-controls="gimble-content"
        aria-disabled={false}
        aria-expanded={false}
        aria-label="Gimble"
        className="MuiButtonBase-root MuiExpansionPanelSummary-root"
        id="gimble-header"
        onBlur={[Function]}
        onClick={[Function]}
        onDragLeave={[Function]}
        onFocus={[Function]}
        onKeyDown={[Function]}
        onKeyUp={[Function]}
        onMouseDown={[Function]}
        onMouseLeave={[Function]}
        onMouseUp={[Function]}
        onTouchEnd={[Function]}
        onTouchMove={[Function]}
        onTouchStart={[Function]}
        role="button"
        tabIndex={0}
      >
        <div
          className="MuiExpansionPanelSummary-content"
        >
          <a
            className="gone"
            href="#gimble_card"
            name="gimble_card"
          >
            Gimble Card
          </a>
          <div
            className="GimbleCard-expansionHeaderContainer-35"
          >
            <div
              className="MuiCardHeader-root"
            >
              <div
                className="MuiCardHeader-content"
              >
                <span
                  className="MuiTypography-root MuiCardHeader-title MuiTypography-h5 MuiTypography-displayBlock"
                >
                  Gimble A Cappella
                </span>
                <span
                  className="MuiTypography-root MuiCardHeader-subheader MuiTypography-body1 MuiTypography-colorTextSecondary MuiTypography-displayBlock"
                >
                  My acappella group!
                </span>
              </div>
            </div>
            <img
              className="MuiCardMedia-root GimbleCard-gimbleCardMedia-31 MuiCardMedia-media MuiCardMedia-img"
              src="/images/gimble_group_pic.jpeg"
              title="Gimble group pic"
            />
          </div>
        </div>
        <div
          aria-disabled={false}
          aria-hidden={true}
          className="MuiButtonBase-root MuiIconButton-root MuiExpansionPanelSummary-expandIcon MuiIconButton-edgeEnd"
          onBlur={[Function]}
          onDragLeave={[Function]}
          onFocus={[Function]}
          onKeyDown={[Function]}
          onKeyUp={[Function]}
          onMouseDown={[Function]}
          onMouseLeave={[Function]}
          onMouseUp={[Function]}
          onTouchEnd={[Function]}
          onTouchMove={[Function]}
          onTouchStart={[Function]}
          role={null}
          tabIndex={null}
        >
          <span
            className="MuiIconButton-label"
          >
            <button
              aria-describedby={null}
              className="MuiButtonBase-root MuiIconButton-root"
              disabled={false}
              onBlur={[Function]}
              onDragLeave={[Function]}
              onFocus={[Function]}
              onKeyDown={[Function]}
              onKeyUp={[Function]}
              onMouseDown={[Function]}
              onMouseLeave={[Function]}
              onMouseOver={[Function]}
              onMouseUp={[Function]}
              onTouchEnd={[Function]}
              onTouchMove={[Function]}
              onTouchStart={[Function]}
              tabIndex={0}
              title="Expand/collapse card"
              type="button"
            >
              <span
                className="MuiIconButton-label"
              >
                <svg
                  aria-hidden={true}
                  className="MuiSvgIcon-root"
                  focusable="false"
                  viewBox="0 0 24 24"
                >
                  <path
                    d="M16.59 8.59L12 13.17 7.41 8.59 6 10l6 6 6-6z"
                  />
                </svg>
              </span>
              <span
                className="MuiTouchRipple-root"
              />
            </button>
          </span>
          <span
            className="MuiTouchRipple-root"
          />
        </div>
      </div>
    </div>
    <span
      className="MuiTypography-root GimbleCard-buttonExplanation-36 MuiTypography-caption MuiTypography-colorTextSecondary"
    >
      These buttons scroll horizontally on smaller-width devices!
    </span>
    <div
      className="MuiCardActions-root GimbleCard-cardActions-34 MuiCardActions-spacing"
    >
      <a
        aria-describedby={null}
        aria-disabled={false}
        aria-label="Go to website"
        className="MuiButtonBase-root MuiIconButton-root"
        href="https://www.gimbleacappella.com/"
        onBlur={[Function]}
        onDragLeave={[Function]}
        onFocus={[Function]}
        onKeyDown={[Function]}
        onKeyUp={[Function]}
        onMouseDown={[Function]}
        onMouseLeave={[Function]}
        onMouseOver={[Function]}
        onMouseUp={[Function]}
        onTouchEnd={[Function]}
        onTouchMove={[Function]}
        onTouchStart={[Function]}
        tabIndex={0}
        title="Go to Gimble A Cappella's website"
      >
        <span
          className="MuiIconButton-label"
        >
          <svg
            aria-hidden={true}
            className="MuiSvgIcon-root"
            focusable="false"
            viewBox="0 0 24 24"
          >
            <path
              d="M20 4H4c-1.1 0-1.99.9-1.99 2L2 18c0 1.1.9 2 2 2h16c1.1 0 2-.9 2-2V6c0-1.1-.9-2-2-2zm-5 14H4v-4h11v4zm0-5H4V9h11v4zm5 5h-4V9h4v9z"
            />
          </svg>
        </span>
        <span
          className="MuiTouchRipple-root"
        />
      </a>
      <a
        aria-describedby={null}
        aria-disabled={false}
        aria-label="Gimble A Cappella on Apple Music"
        className="MuiButtonBase-root MuiIconButton-root"
        href="https://itunes.apple.com/us/artist/gimble-a-cappella/1221861150?ign-gact=3&ls=1"
        onBlur={[Function]}
        onDragLeave={[Function]}
        onFocus={[Function]}
        onKeyDown={[Function]}
        onKeyUp={[Function]}
        onMouseDown={[Function]}
        onMouseLeave={[Function]}
        onMouseOver={[Function]}
        onMouseUp={[Function]}
        onTouchEnd={[Function]}
        onTouchMove={[Function]}
        onTouchStart={[Function]}
        tabIndex={0}
        title="Go to Gimble A Cappella on Apple Music"
      >
        <span
          className="MuiIconButton-label"
        >
          <img
            alt="Gimble A Cappella on Apple Music button"
            className="GimbleCard-gimbleCardActionIcon-32"
            src={
              Object {
                "process": [Function],
              }
            }
          />
        </span>
        <span
          className="MuiTouchRipple-root"
        />
      </a>
      <a
        aria-describedby={null}
        aria-disabled={false}
        aria-label="Gimble A Cappella on Facebook"
        className="MuiButtonBase-root MuiIconButton-root"
        href="https://www.facebook.com/gimbleacappella/"
        onBlur={[Function]}
        onDragLeave={[Function]}
        onFocus={[Function]}
        onKeyDown={[Function]}
        onKeyUp={[Function]}
        onMouseDown={[Function]}
        onMouseLeave={[Function]}
        onMouseOver={[Function]}
        onMouseUp={[Function]}
        onTouchEnd={[Function]}
        onTouchMove={[Function]}
        onTouchStart={[Function]}
        tabIndex={0}
        title="Go to Gimble A Cappella on Facebook"
      >
        <span
          className="MuiIconButton-label"
        >
          <img
            alt="Gimble A Cappella on Facebook button"
            className="GimbleCard-gimbleCardActionIcon-32"
            src={
              Object {
                "process": [Function],
              }
            }
          />
        </span>
        <span
          className="MuiTouchRipple-root"
        />
      </a>
      <a
        aria-describedby={null}
        aria-disabled={false}
        aria-label="Gimble A Cappella on Spotify"
        className="MuiButtonBase-root MuiIconButton-root"
        href="https://open.spotify.com/artist/0CgETTTImSmkeCBkoUJiMg?autoplay=true&v=A"
        onBlur={[Function]}
        onDragLeave={[Function]}
        onFocus={[Function]}
        onKeyDown={[Function]}
        onKeyUp={[Function]}
        onMouseDown={[Function]}
        onMouseLeave={[Function]}
        onMouseOver={[Function]}
        onMouseUp={[Function]}
        onTouchEnd={[Function]}
        onTouchMove={[Function]}
        onTouchStart={[Function]}
        tabIndex={0}
        title="Go to Gimble A Cappella on Spotify"
      >
        <span
          className="MuiIconButton-label"
        >
          <img
            alt="Gimble A Cappella on Spotify button"
            className="GimbleCard-gimbleCardActionIcon-32"
            src={
              Object {
                "process": [Function],
              }
            }
          />
        </span>
        <span
          className="MuiTouchRipple-root"
        />
      </a>
      <a
        aria-describedby={null}
        aria-disabled={false}
        aria-label="Gimble A Cappella on Google Play Music"
        className="MuiButtonBase-root MuiIconButton-root"
        href="https://play.google.com/music/m/A6i265eewm2mhu5p2fvikdbf5tm?play=1"
        onBlur={[Function]}
        onDragLeave={[Function]}
        onFocus={[Function]}
        onKeyDown={[Function]}
        onKeyUp={[Function]}
        onMouseDown={[Function]}
        onMouseLeave={[Function]}
        onMouseOver={[Function]}
        onMouseUp={[Function]}
        onTouchEnd={[Function]}
        onTouchMove={[Function]}
        onTouchStart={[Function]}
        tabIndex={0}
        title="Go to Gimble A Cappella on Google Play Music"
      >
        <span
          className="MuiIconButton-label"
        >
          <img
            alt="Gimble A Cappella on Google Play Music button"
            className="GimbleCard-gimbleCardActionIcon-32"
            src={
              Object {
                "process": [Function],
              }
            }
          />
        </span>
        <span
          className="MuiTouchRipple-root"
        />
      </a>
      <a
        aria-describedby={null}
        aria-disabled={false}
        aria-label="Gimble A Cappella on SoundCloud"
        className="MuiButtonBase-root MuiIconButton-root"
        href="https://soundcloud.com/gimble-a-cappella"
        onBlur={[Function]}
        onDragLeave={[Function]}
        onFocus={[Function]}
        onKeyDown={[Function]}
        onKeyUp={[Function]}
        onMouseDown={[Function]}
        onMouseLeave={[Function]}
        onMouseOver={[Function]}
        onMouseUp={[Function]}
        onTouchEnd={[Function]}
        onTouchMove={[Function]}
        onTouchStart={[Function]}
        tabIndex={0}
        title="Go to Gimble A Cappella on SoundCloud"
      >
        <span
          className="MuiIconButton-label"
        >
          <img
            alt="Gimble A Cappella on SoundCloud button"
            className="GimbleCard-gimbleCardActionIcon-32"
            src={
              Object {
                "process": [Function],
              }
            }
          />
        </span>
        <span
          className="MuiTouchRipple-root"
        />
      </a>
      <a
        aria-describedby={null}
        aria-disabled={false}
        aria-label="Gimble A Cappella on YouTube"
        className="MuiButtonBase-root MuiIconButton-root"
        href="https://www.youtube.com/channel/UCH2dQr26tAWVijoYdKHcgdg"
        onBlur={[Function]}
        onDragLeave={[Function]}
        onFocus={[Function]}
        onKeyDown={[Function]}
        onKeyUp={[Function]}
        onMouseDown={[Function]}
        onMouseLeave={[Function]}
        onMouseOver={[Function]}
        onMouseUp={[Function]}
        onTouchEnd={[Function]}
        onTouchMove={[Function]}
        onTouchStart={[Function]}
        tabIndex={0}
        title="Go to Gimble A Cappella on YouTube"
      >
        <span
          className="MuiIconButton-label"
        >
          <img
            alt="Gimble A Cappella on YouTube button"
            className="GimbleCard-gimbleCardActionIcon-32"
            src={
              Object {
                "process": [Function],
              }
            }
          />
        </span>
        <span
          className="MuiTouchRipple-root"
        />
      </a>
      <a
        aria-describedby={null}
        aria-disabled={false}
        aria-label="Gimble A Cappella on YouTube Music"
        className="MuiButtonBase-root MuiIconButton-root"
        href="https://www.youtube.com/channel/UCzwG1_hJ5hRCMqzNlTJj2ZQ"
        onBlur={[Function]}
        onDragLeave={[Function]}
        onFocus={[Function]}
        onKeyDown={[Function]}
        onKeyUp={[Function]}
        onMouseDown={[Function]}
        onMouseLeave={[Function]}
        onMouseOver={[Function]}
        onMouseUp={[Function]}
        onTouchEnd={[Function]}
        onTouchMove={[Function]}
        onTouchStart={[Function]}
        tabIndex={0}
        title="Go to Gimble A Cappella on YouTube Music"
      >
        <span
          className="MuiIconButton-label"
        >
          <img
            alt="Gimble A Cappella on YouTube Music button"
            className="GimbleCard-gimbleCardActionIcon-32"
            src={
              Object {
                "process": [Function],
              }
            }
          />
        </span>
        <span
          className="MuiTouchRipple-root"
        />
      </a>
      <a
        aria-describedby={null}
        aria-disabled={false}
        aria-label="Gimble A Cappella on Instagram"
        className="MuiButtonBase-root MuiIconButton-root"
        href="https://www.instagram.com/gimbleacappella/"
        onBlur={[Function]}
        onDragLeave={[Function]}
        onFocus={[Function]}
        onKeyDown={[Function]}
        onKeyUp={[Function]}
        onMouseDown={[Function]}
        onMouseLeave={[Function]}
        onMouseOver={[Function]}
        onMouseUp={[Function]}
        onTouchEnd={[Function]}
        onTouchMove={[Function]}
        onTouchStart={[Function]}
        tabIndex={0}
        title="Go to Gimble A Cappella on Instagram"
      >
        <span
          className="MuiIconButton-label"
        >
          <img
            alt="Gimble A Cappella on Instagram button"
            className="GimbleCard-gimbleCardActionIcon-32"
            src={
              Object {
                "process": [Function],
              }
            }
          />
        </span>
        <span
          className="MuiTouchRipple-root"
        />
      </a>
      <a
        aria-describedby={null}
        aria-disabled={false}
        aria-label="Gimble A Cappella on Amazon Music"
        className="MuiButtonBase-root MuiIconButton-root"
        href="https://music.amazon.com/artists/B06XZ8143C?tab=LIBRARY&ref=dm_wcp_artist_link_s"
        onBlur={[Function]}
        onDragLeave={[Function]}
        onFocus={[Function]}
        onKeyDown={[Function]}
        onKeyUp={[Function]}
        onMouseDown={[Function]}
        onMouseLeave={[Function]}
        onMouseOver={[Function]}
        onMouseUp={[Function]}
        onTouchEnd={[Function]}
        onTouchMove={[Function]}
        onTouchStart={[Function]}
        tabIndex={0}
        title="Go to Gimble A Cappella on Amazon Music"
      >
        <span
          className="MuiIconButton-label"
        >
          <img
            alt="Gimble A Cappella on Amazon Music button"
            className="GimbleCard-gimbleCardActionIcon-32"
            src={
              Object {
                "process": [Function],
              }
            }
          />
        </span>
        <span
          className="MuiTouchRipple-root"
        />
      </a>
    </div>
  </div>
  <div
    className="MuiPaper-root MuiCard-root card MuiPaper-elevation8 MuiPaper-rounded"
  >
    <a
      className="gone"
      href="#tic_tac_toe_card"
      name="tic_tac_toe_card"
    >
      Tic Tac Toe Card
    </a>
    <div
      className="MuiCardHeader-root"
    >
      <div
        className="MuiCardHeader-content"
      >
        <span
          className="MuiTypography-root MuiCardHeader-title MuiTypography-h5 MuiTypography-displayBlock"
        >
          Tic Tac Toe
        </span>
        <span
          className="MuiTypography-root MuiCardHeader-subheader MuiTypography-body1 MuiTypography-colorTextSecondary MuiTypography-displayBlock"
        >
          just for fun!
        </span>
      </div>
    </div>
    <div
      className="MuiCardContent-root TicTacToeCard-cardContent-124"
    >
      <h6
        className="MuiTypography-root MuiTypography-subtitle1"
      />
      <div
        className="MuiGrid-root TicTacToeGame-game-129"
      >
        <div
          className="MuiGrid-root TicTacToeGame-gameBoard-128"
        >
          <div>
            <div>
              <button
                aria-describedby={null}
                className="MuiButtonBase-root MuiButton-root MuiButton-outlined TicTacToeSquare-square-234"
                disabled={false}
                onBlur={[Function]}
                onClick={[Function]}
                onDragLeave={[Function]}
                onFocus={[Function]}
                onKeyDown={[Function]}
                onKeyUp={[Function]}
                onMouseDown={[Function]}
                onMouseLeave={[Function]}
                onMouseOver={[Function]}
                onMouseUp={[Function]}
                onTouchEnd={[Function]}
                onTouchMove={[Function]}
                onTouchStart={[Function]}
                tabIndex={0}
                title="Play at this square!"
                type="button"
              >
                <span
                  className="MuiButton-label"
                >
                  <h5
                    className="MuiTypography-root MuiTypography-h5"
                  />
                </span>
                <span
                  className="MuiTouchRipple-root"
                />
              </button>
              <button
                aria-describedby={null}
                className="MuiButtonBase-root MuiButton-root MuiButton-outlined TicTacToeSquare-square-234"
                disabled={false}
                onBlur={[Function]}
                onClick={[Function]}
                onDragLeave={[Function]}
                onFocus={[Function]}
                onKeyDown={[Function]}
                onKeyUp={[Function]}
                onMouseDown={[Function]}
                onMouseLeave={[Function]}
                onMouseOver={[Function]}
                onMouseUp={[Function]}
                onTouchEnd={[Function]}
                onTouchMove={[Function]}
                onTouchStart={[Function]}
                tabIndex={0}
                title="Play at this square!"
                type="button"
              >
                <span
                  className="MuiButton-label"
                >
                  <h5
                    className="MuiTypography-root MuiTypography-h5"
                  />
                </span>
                <span
                  className="MuiTouchRipple-root"
                />
              </button>
              <button
                aria-describedby={null}
                className="MuiButtonBase-root MuiButton-root MuiButton-outlined TicTacToeSquare-square-234"
                disabled={false}
                onBlur={[Function]}
                onClick={[Function]}
                onDragLeave={[Function]}
                onFocus={[Function]}
                onKeyDown={[Function]}
                onKeyUp={[Function]}
                onMouseDown={[Function]}
                onMouseLeave={[Function]}
                onMouseOver={[Function]}
                onMouseUp={[Function]}
                onTouchEnd={[Function]}
                onTouchMove={[Function]}
                onTouchStart={[Function]}
                tabIndex={0}
                title="Play at this square!"
                type="button"
              >
                <span
                  className="MuiButton-label"
                >
                  <h5
                    className="MuiTypography-root MuiTypography-h5"
                  />
                </span>
                <span
                  className="MuiTouchRipple-root"
                />
              </button>
            </div>
            <div>
              <button
                aria-describedby={null}
                className="MuiButtonBase-root MuiButton-root MuiButton-outlined TicTacToeSquare-square-234"
                disabled={false}
                onBlur={[Function]}
                onClick={[Function]}
                onDragLeave={[Function]}
                onFocus={[Function]}
                onKeyDown={[Function]}
                onKeyUp={[Function]}
                onMouseDown={[Function]}
                onMouseLeave={[Function]}
                onMouseOver={[Function]}
                onMouseUp={[Function]}
                onTouchEnd={[Function]}
                onTouchMove={[Function]}
                onTouchStart={[Function]}
                tabIndex={0}
                title="Play at this square!"
                type="button"
              >
                <span
                  className="MuiButton-label"
                >
                  <h5
                    className="MuiTypography-root MuiTypography-h5"
                  />
                </span>
                <span
                  className="MuiTouchRipple-root"
                />
              </button>
              <button
                aria-describedby={null}
                className="MuiButtonBase-root MuiButton-root MuiButton-outlined TicTacToeSquare-square-234"
                disabled={false}
                onBlur={[Function]}
                onClick={[Function]}
                onDragLeave={[Function]}
                onFocus={[Function]}
                onKeyDown={[Function]}
                onKeyUp={[Function]}
                onMouseDown={[Function]}
                onMouseLeave={[Function]}
                onMouseOver={[Function]}
                onMouseUp={[Function]}
                onTouchEnd={[Function]}
                onTouchMove={[Function]}
                onTouchStart={[Function]}
                tabIndex={0}
                title="Play at this square!"
                type="button"
              >
                <span
                  className="MuiButton-label"
                >
                  <h5
                    className="MuiTypography-root MuiTypography-h5"
                  />
                </span>
                <span
                  className="MuiTouchRipple-root"
                />
              </button>
              <button
                aria-describedby={null}
                className="MuiButtonBase-root MuiButton-root MuiButton-outlined TicTacToeSquare-square-234"
                disabled={false}
                onBlur={[Function]}
                onClick={[Function]}
                onDragLeave={[Function]}
                onFocus={[Function]}
                onKeyDown={[Function]}
                onKeyUp={[Function]}
                onMouseDown={[Function]}
                onMouseLeave={[Function]}
                onMouseOver={[Function]}
                onMouseUp={[Function]}
                onTouchEnd={[Function]}
                onTouchMove={[Function]}
                onTouchStart={[Function]}
                tabIndex={0}
                title="Play at this square!"
                type="button"
              >
                <span
                  className="MuiButton-label"
                >
                  <h5
                    className="MuiTypography-root MuiTypography-h5"
                  />
                </span>
                <span
                  className="MuiTouchRipple-root"
                />
              </button>
            </div>
            <div>
              <button
                aria-describedby={null}
                className="MuiButtonBase-root MuiButton-root MuiButton-outlined TicTacToeSquare-square-234"
                disabled={false}
                onBlur={[Function]}
                onClick={[Function]}
                onDragLeave={[Function]}
                onFocus={[Function]}
                onKeyDown={[Function]}
                onKeyUp={[Function]}
                onMouseDown={[Function]}
                onMouseLeave={[Function]}
                onMouseOver={[Function]}
                onMouseUp={[Function]}
                onTouchEnd={[Function]}
                onTouchMove={[Function]}
                onTouchStart={[Function]}
                tabIndex={0}
                title="Play at this square!"
                type="button"
              >
                <span
                  className="MuiButton-label"
                >
                  <h5
                    className="MuiTypography-root MuiTypography-h5"
                  />
                </span>
                <span
                  className="MuiTouchRipple-root"
                />
              </button>
              <button
                aria-describedby={null}
                className="MuiButtonBase-root MuiButton-root MuiButton-outlined TicTacToeSquare-square-234"
                disabled={false}
                onBlur={[Function]}
                onClick={[Function]}
                onDragLeave={[Function]}
                onFocus={[Function]}
                onKeyDown={[Function]}
                onKeyUp={[Function]}
                onMouseDown={[Function]}
                onMouseLeave={[Function]}
                onMouseOver={[Function]}
                onMouseUp={[Function]}
                onTouchEnd={[Function]}
                onTouchMove={[Function]}
                onTouchStart={[Function]}
                tabIndex={0}
                title="Play at this square!"
                type="button"
              >
                <span
                  className="MuiButton-label"
                >
                  <h5
                    className="MuiTypography-root MuiTypography-h5"
                  />
                </span>
                <span
                  className="MuiTouchRipple-root"
                />
              </button>
              <button
                aria-describedby={null}
                className="MuiButtonBase-root MuiButton-root MuiButton-outlined TicTacToeSquare-square-234"
                disabled={false}
                onBlur={[Function]}
                onClick={[Function]}
                onDragLeave={[Function]}
                onFocus={[Function]}
                onKeyDown={[Function]}
                onKeyUp={[Function]}
                onMouseDown={[Function]}
                onMouseLeave={[Function]}
                onMouseOver={[Function]}
                onMouseUp={[Function]}
                onTouchEnd={[Function]}
                onTouchMove={[Function]}
                onTouchStart={[Function]}
                tabIndex={0}
                title="Play at this square!"
                type="button"
              >
                <span
                  className="MuiButton-label"
                >
                  <h5
                    className="MuiTypography-root MuiTypography-h5"
                  />
                </span>
                <span
                  className="MuiTouchRipple-root"
                />
              </button>
            </div>
          </div>
        </div>
        <div
          className="MuiGrid-root TicTacToeGame-gameInfo-130"
        >
          <div>
            <h6
              className="MuiTypography-root MuiTypography-subtitle1 MuiTypography-colorSecondary"
            >
               
              Next player: X
            </h6>
          </div>
          <p />
        </div>
      </div>
    </div>
    <div
      className="MuiCardActions-root MuiCardActions-spacing"
    >
      <a
        aria-describedby={null}
        aria-disabled={false}
        aria-label="credit: reactjs tutorial"
        className="MuiButtonBase-root MuiIconButton-root"
        href="https://reactjs.org/tutorial/tutorial.html#overview"
        onBlur={[Function]}
        onDragLeave={[Function]}
        onFocus={[Function]}
        onKeyDown={[Function]}
        onKeyUp={[Function]}
        onMouseDown={[Function]}
        onMouseLeave={[Function]}
        onMouseOver={[Function]}
        onMouseUp={[Function]}
        onTouchEnd={[Function]}
        onTouchMove={[Function]}
        onTouchStart={[Function]}
        tabIndex={0}
        title="Go to React Tutorial (where I got most of this code)"
      >
        <span
          className="MuiIconButton-label"
        >
          <svg
            aria-hidden={true}
            className="MuiSvgIcon-root"
            focusable="false"
            viewBox="0 0 24 24"
          >
            <path
              d="M14 2H6c-1.1 0-1.99.9-1.99 2L4 20c0 1.1.89 2 1.99 2H18c1.1 0 2-.9 2-2V8l-6-6zm2 16H8v-2h8v2zm0-4H8v-2h8v2zm-3-5V3.5L18.5 9H13z"
            />
          </svg>
        </span>
        <span
          className="MuiTouchRipple-root"
        />
      </a>
    </div>
  </div>
  <div
    className="MuiPaper-root MuiCard-root card MuiPaper-elevation8 MuiPaper-rounded"
  >
    <div
      className="MuiPaper-root MuiExpansionPanel-root MuiExpansionPanel-rounded MuiPaper-elevation1 MuiPaper-rounded"
    >
      <div
        aria-controls="recommended-sites-content"
        aria-disabled={false}
        aria-expanded={false}
        aria-label="Recommended Sites"
        className="MuiButtonBase-root MuiExpansionPanelSummary-root"
        id="recommended-sites-header"
        onBlur={[Function]}
        onClick={[Function]}
        onDragLeave={[Function]}
        onFocus={[Function]}
        onKeyDown={[Function]}
        onKeyUp={[Function]}
        onMouseDown={[Function]}
        onMouseLeave={[Function]}
        onMouseUp={[Function]}
        onTouchEnd={[Function]}
        onTouchMove={[Function]}
        onTouchStart={[Function]}
        role="button"
        tabIndex={0}
      >
        <div
          className="MuiExpansionPanelSummary-content"
        >
          <a
            className="gone"
            href="#recommended_sites_card"
            name="recommended_sites_card"
          >
            Recommended Sites Card
          </a>
          <div
            className="RecommendedSitesCard-expansionHeaderContainer-267"
          >
            <div
              className="MuiCardHeader-root"
            >
              <div
                className="MuiCardHeader-content"
              >
                <span
                  className="MuiTypography-root MuiCardHeader-title MuiTypography-h5 MuiTypography-displayBlock"
                >
                  🌐 Recommended Websites
                </span>
                <span
                  className="MuiTypography-root MuiCardHeader-subheader MuiTypography-body1 MuiTypography-colorTextSecondary MuiTypography-displayBlock"
                >
                  Check out these amazing people's websites!
                </span>
              </div>
            </div>
          </div>
        </div>
        <div
          aria-disabled={false}
          aria-hidden={true}
          className="MuiButtonBase-root MuiIconButton-root MuiExpansionPanelSummary-expandIcon MuiIconButton-edgeEnd"
          onBlur={[Function]}
          onDragLeave={[Function]}
          onFocus={[Function]}
          onKeyDown={[Function]}
          onKeyUp={[Function]}
          onMouseDown={[Function]}
          onMouseLeave={[Function]}
          onMouseUp={[Function]}
          onTouchEnd={[Function]}
          onTouchMove={[Function]}
          onTouchStart={[Function]}
          role={null}
          tabIndex={null}
        >
          <span
            className="MuiIconButton-label"
          >
            <button
              aria-describedby={null}
              className="MuiButtonBase-root MuiIconButton-root"
              disabled={false}
              onBlur={[Function]}
              onDragLeave={[Function]}
              onFocus={[Function]}
              onKeyDown={[Function]}
              onKeyUp={[Function]}
              onMouseDown={[Function]}
              onMouseLeave={[Function]}
              onMouseOver={[Function]}
              onMouseUp={[Function]}
              onTouchEnd={[Function]}
              onTouchMove={[Function]}
              onTouchStart={[Function]}
              tabIndex={0}
              title="Expand/collapse card"
              type="button"
            >
              <span
                className="MuiIconButton-label"
              >
                <svg
                  aria-hidden={true}
                  className="MuiSvgIcon-root"
                  focusable="false"
                  viewBox="0 0 24 24"
                >
                  <path
                    d="M16.59 8.59L12 13.17 7.41 8.59 6 10l6 6 6-6z"
                  />
                </svg>
              </span>
              <span
                className="MuiTouchRipple-root"
              />
            </button>
          </span>
          <span
            className="MuiTouchRipple-root"
          />
        </div>
      </div>
    </div>
  </div>
  <div
    className="InteractionCard-root-269"
  >
    <div
      className="MuiPaper-root MuiCard-root MuiPaper-elevation8 MuiPaper-rounded"
    >
      <a
        className="gone"
        href="#interaction_card"
        name="interaction_card"
      >
        Interaction Card
      </a>
      <div
        className="MuiCardContent-root"
      >
        <div
          className="MuiPaper-root MuiCard-root PrideSwitch-flatCard-270 MuiPaper-elevation1 MuiPaper-rounded"
        >
          <div
            className="PrideSwitch-prideSwitchContent-271"
          >
            <h5
              className="MuiTypography-root PrideSwitch-prideTitle-272 MuiTypography-h5"
            >
              Pride
            </h5>
            <span
              className="MuiSwitch-root PrideSwitch-prideSwitch-273"
            >
              <span
                aria-describedby={null}
                aria-disabled={false}
                className="MuiButtonBase-root MuiIconButton-root PrivateSwitchBase-root-286 MuiSwitch-switchBase MuiSwitch-colorSecondary"
                onBlur={[Function]}
                onClick={[Function]}
                onDragLeave={[Function]}
                onFocus={[Function]}
                onKeyDown={[Function]}
                onKeyUp={[Function]}
                onMouseDown={[Function]}
                onMouseLeave={[Function]}
                onMouseOver={[Function]}
                onMouseUp={[Function]}
                onTouchEnd={[Function]}
                onTouchMove={[Function]}
                onTouchStart={[Function]}
                tabIndex={null}
                title="Click to add a rainbow header and footer to the page"
              >
                <span
                  className="MuiIconButton-label"
                >
                  <input
                    aria-label="primary checkbox"
                    checked={false}
                    className="PrivateSwitchBase-input-289 MuiSwitch-input"
                    onChange={[Function]}
                    type="checkbox"
                  />
                  <span
                    className="MuiSwitch-thumb"
                  />
                </span>
                <span
                  className="MuiTouchRipple-root"
                />
              </span>
              <span
                className="MuiSwitch-track"
              />
            </span>
          </div>
          <p
            className="MuiTypography-root MuiTypography-body1"
          >
            I deeply care about diversity and inclusivity. Click the switch to show your pride or your solidarity.
          </p>
          <br />
          <a
            aria-describedby={null}
            className="MuiTypography-root MuiLink-root MuiLink-underlineHover MuiTypography-caption MuiTypography-colorTextSecondary"
            href="https://travis-ci.org/account/preferences"
            onBlur={[Function]}
            onFocus={[Function]}
            onMouseLeave={[Function]}
            onMouseOver={[Function]}
            onTouchEnd={[Function]}
            onTouchStart={[Function]}
            title="Go to Travis CI (where I got this idea)"
          >
            credit: Travis CI
          </a>
        </div>
        <div
          className="LikeButton-root-296"
        >
          <div
            className="LikeButton-likeButtonWrapper-297"
          >
            <button
              aria-describedby={null}
              className="MuiButtonBase-root MuiIconButton-root"
              disabled={false}
              onBlur={[Function]}
              onClick={[Function]}
              onDragLeave={[Function]}
              onFocus={[Function]}
              onKeyDown={[Function]}
              onKeyUp={[Function]}
              onMouseDown={[Function]}
              onMouseLeave={[Function]}
              onMouseOver={[Function]}
              onMouseUp={[Function]}
              onTouchEnd={[Function]}
              onTouchMove={[Function]}
              onTouchStart={[Function]}
              tabIndex={0}
              title="Click to like page"
              type="button"
            >
              <span
                className="MuiIconButton-label"
              >
                <svg
                  aria-hidden={true}
                  className="MuiSvgIcon-root MuiSvgIcon-fontSizeLarge"
                  focusable="false"
                  viewBox="0 0 24 24"
                >
                  <path
                    d="M16.5 3c-1.74 0-3.41.81-4.5 2.09C10.91 3.81 9.24 3 7.5 3 4.42 3 2 5.42 2 8.5c0 3.78 3.4 6.86 8.55 11.54L12 21.35l1.45-1.32C18.6 15.36 22 12.28 22 8.5 22 5.42 19.58 3 16.5 3zm-4.4 15.55l-.1.1-.1-.1C7.14 14.24 4 11.39 4 8.5 4 6.5 5.5 5 7.5 5c1.54 0 3.04.99 3.57 2.36h1.87C13.46 5.99 14.96 5 16.5 5c2 0 3.5 1.5 3.5 3.5 0 2.89-3.14 5.74-7.9 10.05z"
                  />
                </svg>
              </span>
              <span
                className="MuiTouchRipple-root"
              />
            </button>
            <div
              className="MuiPaper-root MuiCard-root LikeButton-captionRoot-298 MuiPaper-elevation1 MuiPaper-rounded"
            >
              <span
                className="MuiTypography-root LikeButton-captionText-299 MuiTypography-caption MuiTypography-colorInherit"
                size="small"
              >
                0
                 likes
              </span>
            </div>
          </div>
        </div>
      </div>
    </div>
  </div>
</div>
`;
