// Jest Snapshot v1, https://goo.gl/fbAQLP

exports[`Home matches snapshot 1`] = `
<div>
  <h6
    className="MuiTypography-root Home-title-1 MuiTypography-h6"
  >
    <a
      aria-describedby={null}
      className="MuiTypography-root MuiLink-root MuiLink-underlineHover MuiTypography-colorTextSecondary"
      href="https://amazon.jobs/en/job_categories/software-development"
      onBlur={[Function]}
      onFocus={[Function]}
      onMouseLeave={[Function]}
      onMouseOver={[Function]}
      onTouchEnd={[Function]}
      onTouchStart={[Function]}
      title="Go to Amazon Software Jobs page"
    >
      <i>
        Software Development Engineer
      </i>
    </a>
     
    at
     
    <a
      aria-describedby={null}
      className="MuiTypography-root MuiLink-root MuiLink-underlineHover amazonColorLight MuiTypography-colorPrimary"
      href="https://www.amazon.com/"
      onBlur={[Function]}
      onFocus={[Function]}
      onMouseLeave={[Function]}
      onMouseOver={[Function]}
      onTouchEnd={[Function]}
      onTouchStart={[Function]}
      title="Go to Amazon.com"
    >
      <i>
        Amazon
      </i>
    </a>
     
    ·
     
    <a
      aria-describedby={null}
      className="MuiTypography-root MuiLink-root MuiLink-underlineHover MuiTypography-colorTextSecondary"
      href="https://majors.engin.umich.edu/program/computer-science/"
      onBlur={[Function]}
      onFocus={[Function]}
      onMouseLeave={[Function]}
      onMouseOver={[Function]}
      onTouchEnd={[Function]}
      onTouchStart={[Function]}
      title="Go to U of M computer science page"
    >
      <i>
        Computer Science in Engineering
      </i>
    </a>
     
    degree from the
     
    <a
      aria-describedby={null}
      className="MuiTypography-root MuiLink-root MuiLink-underlineHover michiganColorLight MuiTypography-colorPrimary"
      href="https://umich.edu/"
      onBlur={[Function]}
      onFocus={[Function]}
      onMouseLeave={[Function]}
      onMouseOver={[Function]}
      onTouchEnd={[Function]}
      onTouchStart={[Function]}
      title="Go to U of M website"
    >
      <i>
        University of Michigan
      </i>
    </a>
     
    · Minor in
     
    <a
      aria-describedby={null}
      className="MuiTypography-root MuiLink-root MuiLink-underlineHover MuiTypography-colorTextSecondary"
      href="https://innovateblue.umich.edu/academics/minor-in-entrepreneurship/"
      onBlur={[Function]}
      onFocus={[Function]}
      onMouseLeave={[Function]}
      onMouseOver={[Function]}
      onTouchEnd={[Function]}
      onTouchStart={[Function]}
      title="Go to U of M Entrepreneurship page"
    >
      <i>
        Entrepreneurship
      </i>
    </a>
     
    · Focus on
     
    <a
      aria-describedby={null}
      className="MuiTypography-root MuiLink-root MuiLink-underlineHover webColorLight MuiTypography-colorPrimary"
      href="https://en.wikipedia.org/wiki/Web_development"
      onBlur={[Function]}
      onFocus={[Function]}
      onMouseLeave={[Function]}
      onMouseOver={[Function]}
      onTouchEnd={[Function]}
      onTouchStart={[Function]}
      title="Go to web development page"
    >
      <i>
        Web
      </i>
    </a>
     
    &
     
    <a
      aria-describedby={null}
      className="MuiTypography-root MuiLink-root MuiLink-underlineHover androidColorLight MuiTypography-colorPrimary"
      href="https://developer.android.com/"
      onBlur={[Function]}
      onFocus={[Function]}
      onMouseLeave={[Function]}
      onMouseOver={[Function]}
      onTouchEnd={[Function]}
      onTouchStart={[Function]}
      title="Go to Android Developers page"
    >
      <i>
        Android
      </i>
    </a>
     
    development
  </h6>
  <div
    className="MuiPaper-root MuiCard-root card MuiPaper-elevation8 MuiPaper-rounded"
  >
    <div
      className="MuiPaper-root MuiAccordion-root MuiAccordion-rounded MuiPaper-elevation1 MuiPaper-rounded"
    >
      <div
        aria-controls="welcome-content"
        aria-disabled={false}
        aria-expanded={false}
        aria-label="Welcome"
        className="MuiButtonBase-root MuiAccordionSummary-root"
        id="welcome-header"
        onBlur={[Function]}
        onClick={[Function]}
        onDragLeave={[Function]}
        onFocus={[Function]}
        onKeyDown={[Function]}
        onKeyUp={[Function]}
        onMouseDown={[Function]}
        onMouseLeave={[Function]}
        onMouseUp={[Function]}
        onTouchEnd={[Function]}
        onTouchMove={[Function]}
        onTouchStart={[Function]}
        role="button"
        tabIndex={0}
      >
        <div
          className="MuiAccordionSummary-content"
        >
          <a
            className="gone"
            href="#welcome_card"
            name="welcome_card"
          >
            Welcome Card
          </a>
          <div
            className="WelcomeCard-expansionHeaderContainer-9"
          >
            <div
              className="MuiCardHeader-root cardHeader"
            >
              <div
                className="MuiCardHeader-content"
              >
                <span
                  className="MuiTypography-root MuiCardHeader-title MuiTypography-h5 MuiTypography-displayBlock"
                >
                  Welcome!
                </span>
                <span
                  className="MuiTypography-root MuiCardHeader-subheader MuiTypography-body1 MuiTypography-colorTextSecondary MuiTypography-displayBlock"
                >
                  Click for a little about me...
                </span>
              </div>
            </div>
            <img
              alt="Mark grad pic 1"
              className="MuiCardMedia-root WelcomeCard-welcomeImage-10 MuiCardMedia-media MuiCardMedia-img"
              src="/images/mark_grad_pic_1.jpg"
              title="Mark grad pic 1"
            />
          </div>
        </div>
        <div
          aria-disabled={false}
          aria-hidden={true}
          className="MuiButtonBase-root MuiIconButton-root MuiAccordionSummary-expandIcon MuiIconButton-edgeEnd"
          onBlur={[Function]}
          onDragLeave={[Function]}
          onFocus={[Function]}
          onKeyDown={[Function]}
          onKeyUp={[Function]}
          onMouseDown={[Function]}
          onMouseLeave={[Function]}
          onMouseUp={[Function]}
          onTouchEnd={[Function]}
          onTouchMove={[Function]}
          onTouchStart={[Function]}
          role={null}
          tabIndex={null}
        >
          <span
            className="MuiIconButton-label"
          >
            <button
              aria-describedby={null}
              className="MuiButtonBase-root MuiIconButton-root"
              disabled={false}
              onBlur={[Function]}
              onDragLeave={[Function]}
              onFocus={[Function]}
              onKeyDown={[Function]}
              onKeyUp={[Function]}
              onMouseDown={[Function]}
              onMouseLeave={[Function]}
              onMouseOver={[Function]}
              onMouseUp={[Function]}
              onTouchEnd={[Function]}
              onTouchMove={[Function]}
              onTouchStart={[Function]}
              style={
                Object {
                  "padding": 0,
                }
              }
              tabIndex={0}
              title="Expand/collapse card"
              type="button"
            >
              <span
                className="MuiIconButton-label"
              >
                <svg
                  aria-hidden={true}
                  className="MuiSvgIcon-root"
                  focusable="false"
                  viewBox="0 0 24 24"
                >
                  <path
                    d="M16.59 8.59L12 13.17 7.41 8.59 6 10l6 6 6-6z"
                  />
                </svg>
              </span>
              <span
                className="MuiTouchRipple-root"
              />
            </button>
          </span>
          <span
            className="MuiTouchRipple-root"
          />
        </div>
      </div>
    </div>
  </div>
  <div
    className="MuiPaper-root MuiCard-root card MuiPaper-elevation8 MuiPaper-rounded"
  >
    <div
      className="MuiPaper-root MuiAccordion-root MuiAccordion-rounded MuiPaper-elevation1 MuiPaper-rounded"
    >
      <div
        aria-controls="built-with-table-content"
        aria-disabled={false}
        aria-expanded={false}
        aria-label="Built With Table"
        className="MuiButtonBase-root MuiAccordionSummary-root"
        id="built-with-table-header"
        onBlur={[Function]}
        onClick={[Function]}
        onDragLeave={[Function]}
        onFocus={[Function]}
        onKeyDown={[Function]}
        onKeyUp={[Function]}
        onMouseDown={[Function]}
        onMouseLeave={[Function]}
        onMouseUp={[Function]}
        onTouchEnd={[Function]}
        onTouchMove={[Function]}
        onTouchStart={[Function]}
        role="button"
        tabIndex={0}
      >
        <div
          className="MuiAccordionSummary-content"
        >
          <a
            className="gone"
            href="#built_with_table_card"
            name="built_with_table_card"
          >
            Built With Table Card
          </a>
          <div
            className="BuiltWithTableCard-expansionHeaderContainer-15"
          >
            <div
              className="MuiCardHeader-root cardHeader"
            >
              <div
                className="MuiCardHeader-content"
              >
                <span
                  className="MuiTypography-root MuiCardHeader-title MuiTypography-h5 MuiTypography-displayBlock"
                >
                  🛠️ Built With:
                </span>
                <span
                  className="MuiTypography-root MuiCardHeader-subheader MuiTypography-body1 MuiTypography-colorTextSecondary MuiTypography-displayBlock"
                >
                  What I used to build this website
                </span>
              </div>
            </div>
            <div>
              <div
                className="MuiButtonBase-root MuiChip-root BuiltWithTableCard-tags-17 MuiChip-colorSecondary MuiChip-clickableColorSecondary MuiChip-outlined MuiChip-outlinedSecondary MuiChip-clickable"
                onBlur={[Function]}
                onDragLeave={[Function]}
                onFocus={[Function]}
                onKeyDown={[Function]}
                onKeyUp={[Function]}
                onMouseDown={[Function]}
                onMouseLeave={[Function]}
                onMouseUp={[Function]}
                onTouchEnd={[Function]}
                onTouchMove={[Function]}
                onTouchStart={[Function]}
                role="button"
                tabIndex={0}
              >
                <div
                  className="MuiChip-icon MuiChip-iconColorSecondary"
                />
                <span
                  className="MuiChip-label"
                >
                  DigitalOcean
                </span>
                <span
                  className="MuiTouchRipple-root"
                />
              </div>
              <div
                className="MuiButtonBase-root MuiChip-root BuiltWithTableCard-tags-17 MuiChip-colorSecondary MuiChip-clickableColorSecondary MuiChip-outlined MuiChip-outlinedSecondary MuiChip-clickable"
                onBlur={[Function]}
                onDragLeave={[Function]}
                onFocus={[Function]}
                onKeyDown={[Function]}
                onKeyUp={[Function]}
                onMouseDown={[Function]}
                onMouseLeave={[Function]}
                onMouseUp={[Function]}
                onTouchEnd={[Function]}
                onTouchMove={[Function]}
                onTouchStart={[Function]}
                role="button"
                tabIndex={0}
              >
                <div
                  className="MuiChip-icon MuiChip-iconColorSecondary"
                />
                <span
                  className="MuiChip-label"
                >
                  Express.js
                </span>
                <span
                  className="MuiTouchRipple-root"
                />
              </div>
              <div
                className="MuiButtonBase-root MuiChip-root BuiltWithTableCard-tags-17 MuiChip-colorSecondary MuiChip-clickableColorSecondary MuiChip-outlined MuiChip-outlinedSecondary MuiChip-clickable"
                onBlur={[Function]}
                onDragLeave={[Function]}
                onFocus={[Function]}
                onKeyDown={[Function]}
                onKeyUp={[Function]}
                onMouseDown={[Function]}
                onMouseLeave={[Function]}
                onMouseUp={[Function]}
                onTouchEnd={[Function]}
                onTouchMove={[Function]}
                onTouchStart={[Function]}
                role="button"
                tabIndex={0}
              >
                <div
                  className="MuiChip-icon MuiChip-iconColorSecondary"
                />
                <span
                  className="MuiChip-label"
                >
                  GitHub
                </span>
                <span
                  className="MuiTouchRipple-root"
                />
              </div>
              <div
                className="MuiButtonBase-root MuiChip-root BuiltWithTableCard-tags-17 MuiChip-colorSecondary MuiChip-clickableColorSecondary MuiChip-outlined MuiChip-outlinedSecondary MuiChip-clickable"
                onBlur={[Function]}
                onDragLeave={[Function]}
                onFocus={[Function]}
                onKeyDown={[Function]}
                onKeyUp={[Function]}
                onMouseDown={[Function]}
                onMouseLeave={[Function]}
                onMouseUp={[Function]}
                onTouchEnd={[Function]}
                onTouchMove={[Function]}
                onTouchStart={[Function]}
                role="button"
                tabIndex={0}
              >
                <div
                  className="MuiChip-icon MuiChip-iconColorSecondary"
                />
                <span
                  className="MuiChip-label"
                >
                  JavaScript
                </span>
                <span
                  className="MuiTouchRipple-root"
                />
              </div>
              <div
                className="MuiButtonBase-root MuiChip-root BuiltWithTableCard-tags-17 MuiChip-colorSecondary MuiChip-clickableColorSecondary MuiChip-outlined MuiChip-outlinedSecondary MuiChip-clickable"
                onBlur={[Function]}
                onDragLeave={[Function]}
                onFocus={[Function]}
                onKeyDown={[Function]}
                onKeyUp={[Function]}
                onMouseDown={[Function]}
                onMouseLeave={[Function]}
                onMouseUp={[Function]}
                onTouchEnd={[Function]}
                onTouchMove={[Function]}
                onTouchStart={[Function]}
                role="button"
                tabIndex={0}
              >
                <div
                  className="MuiChip-icon MuiChip-iconColorSecondary"
                />
                <span
                  className="MuiChip-label"
                >
                  Jest
                </span>
                <span
                  className="MuiTouchRipple-root"
                />
              </div>
              <div
                className="MuiButtonBase-root MuiChip-root BuiltWithTableCard-tags-17 MuiChip-colorSecondary MuiChip-clickableColorSecondary MuiChip-outlined MuiChip-outlinedSecondary MuiChip-clickable"
                onBlur={[Function]}
                onDragLeave={[Function]}
                onFocus={[Function]}
                onKeyDown={[Function]}
                onKeyUp={[Function]}
                onMouseDown={[Function]}
                onMouseLeave={[Function]}
                onMouseUp={[Function]}
                onTouchEnd={[Function]}
                onTouchMove={[Function]}
                onTouchStart={[Function]}
                role="button"
                tabIndex={0}
              >
                <div
                  className="MuiChip-icon MuiChip-iconColorSecondary"
                />
                <span
                  className="MuiChip-label"
                >
                  Material-UI
                </span>
                <span
                  className="MuiTouchRipple-root"
                />
              </div>
              <div
                className="MuiButtonBase-root MuiChip-root BuiltWithTableCard-tags-17 MuiChip-colorSecondary MuiChip-clickableColorSecondary MuiChip-outlined MuiChip-outlinedSecondary MuiChip-clickable"
                onBlur={[Function]}
                onDragLeave={[Function]}
                onFocus={[Function]}
                onKeyDown={[Function]}
                onKeyUp={[Function]}
                onMouseDown={[Function]}
                onMouseLeave={[Function]}
                onMouseUp={[Function]}
                onTouchEnd={[Function]}
                onTouchMove={[Function]}
                onTouchStart={[Function]}
                role="button"
                tabIndex={0}
              >
                <div
                  className="MuiChip-icon MuiChip-iconColorSecondary"
                />
                <span
                  className="MuiChip-label"
                >
                  Nginx
                </span>
                <span
                  className="MuiTouchRipple-root"
                />
              </div>
              <div
                className="MuiButtonBase-root MuiChip-root BuiltWithTableCard-tags-17 MuiChip-colorSecondary MuiChip-clickableColorSecondary MuiChip-outlined MuiChip-outlinedSecondary MuiChip-clickable"
                onBlur={[Function]}
                onDragLeave={[Function]}
                onFocus={[Function]}
                onKeyDown={[Function]}
                onKeyUp={[Function]}
                onMouseDown={[Function]}
                onMouseLeave={[Function]}
                onMouseUp={[Function]}
                onTouchEnd={[Function]}
                onTouchMove={[Function]}
                onTouchStart={[Function]}
                role="button"
                tabIndex={0}
              >
                <div
                  className="MuiChip-icon MuiChip-iconColorSecondary"
                />
                <span
                  className="MuiChip-label"
                >
                  NodeJS
                </span>
                <span
                  className="MuiTouchRipple-root"
                />
              </div>
              <div
                className="MuiButtonBase-root MuiChip-root BuiltWithTableCard-tags-17 MuiChip-colorSecondary MuiChip-clickableColorSecondary MuiChip-outlined MuiChip-outlinedSecondary MuiChip-clickable"
                onBlur={[Function]}
                onDragLeave={[Function]}
                onFocus={[Function]}
                onKeyDown={[Function]}
                onKeyUp={[Function]}
                onMouseDown={[Function]}
                onMouseLeave={[Function]}
                onMouseUp={[Function]}
                onTouchEnd={[Function]}
                onTouchMove={[Function]}
                onTouchStart={[Function]}
                role="button"
                tabIndex={0}
              >
                <div
                  className="MuiChip-icon MuiChip-iconColorSecondary"
                />
                <span
                  className="MuiChip-label"
                >
                  React
                </span>
                <span
                  className="MuiTouchRipple-root"
                />
              </div>
              <div
                className="MuiButtonBase-root MuiChip-root BuiltWithTableCard-tags-17 MuiChip-colorSecondary MuiChip-clickableColorSecondary MuiChip-outlined MuiChip-outlinedSecondary MuiChip-clickable"
                onBlur={[Function]}
                onDragLeave={[Function]}
                onFocus={[Function]}
                onKeyDown={[Function]}
                onKeyUp={[Function]}
                onMouseDown={[Function]}
                onMouseLeave={[Function]}
                onMouseUp={[Function]}
                onTouchEnd={[Function]}
                onTouchMove={[Function]}
                onTouchStart={[Function]}
                role="button"
                tabIndex={0}
              >
                <div
                  className="MuiChip-icon MuiChip-iconColorSecondary"
                />
                <span
                  className="MuiChip-label"
                >
                  SQLite
                </span>
                <span
                  className="MuiTouchRipple-root"
                />
              </div>
              <div
                className="MuiButtonBase-root MuiChip-root BuiltWithTableCard-tags-17 MuiChip-colorSecondary MuiChip-clickableColorSecondary MuiChip-outlined MuiChip-outlinedSecondary MuiChip-clickable"
                onBlur={[Function]}
                onDragLeave={[Function]}
                onFocus={[Function]}
                onKeyDown={[Function]}
                onKeyUp={[Function]}
                onMouseDown={[Function]}
                onMouseLeave={[Function]}
                onMouseUp={[Function]}
                onTouchEnd={[Function]}
                onTouchMove={[Function]}
                onTouchStart={[Function]}
                role="button"
                tabIndex={0}
              >
                <div
                  className="MuiChip-icon MuiChip-iconColorSecondary"
                />
                <span
                  className="MuiChip-label"
                >
                  TravisCI
                </span>
                <span
                  className="MuiTouchRipple-root"
                />
              </div>
              <div
                className="MuiButtonBase-root MuiChip-root BuiltWithTableCard-tags-17 MuiChip-colorSecondary MuiChip-clickableColorSecondary MuiChip-outlined MuiChip-outlinedSecondary MuiChip-clickable"
                onBlur={[Function]}
                onDragLeave={[Function]}
                onFocus={[Function]}
                onKeyDown={[Function]}
                onKeyUp={[Function]}
                onMouseDown={[Function]}
                onMouseLeave={[Function]}
                onMouseUp={[Function]}
                onTouchEnd={[Function]}
                onTouchMove={[Function]}
                onTouchStart={[Function]}
                role="button"
                tabIndex={0}
              >
                <div
                  className="MuiChip-icon MuiChip-iconColorSecondary"
                />
                <span
                  className="MuiChip-label"
                >
                  Trello
                </span>
                <span
                  className="MuiTouchRipple-root"
                />
              </div>
            </div>
          </div>
        </div>
        <div
          aria-disabled={false}
          aria-hidden={true}
          className="MuiButtonBase-root MuiIconButton-root MuiAccordionSummary-expandIcon MuiIconButton-edgeEnd"
          onBlur={[Function]}
          onDragLeave={[Function]}
          onFocus={[Function]}
          onKeyDown={[Function]}
          onKeyUp={[Function]}
          onMouseDown={[Function]}
          onMouseLeave={[Function]}
          onMouseUp={[Function]}
          onTouchEnd={[Function]}
          onTouchMove={[Function]}
          onTouchStart={[Function]}
          role={null}
          tabIndex={null}
        >
          <span
            className="MuiIconButton-label"
          >
            <button
              aria-describedby={null}
              className="MuiButtonBase-root MuiIconButton-root"
              disabled={false}
              onBlur={[Function]}
              onDragLeave={[Function]}
              onFocus={[Function]}
              onKeyDown={[Function]}
              onKeyUp={[Function]}
              onMouseDown={[Function]}
              onMouseLeave={[Function]}
              onMouseOver={[Function]}
              onMouseUp={[Function]}
              onTouchEnd={[Function]}
              onTouchMove={[Function]}
              onTouchStart={[Function]}
              style={
                Object {
                  "padding": 0,
                }
              }
              tabIndex={0}
              title="Expand/collapse card"
              type="button"
            >
              <span
                className="MuiIconButton-label"
              >
                <svg
                  aria-hidden={true}
                  className="MuiSvgIcon-root"
                  focusable="false"
                  viewBox="0 0 24 24"
                >
                  <path
                    d="M16.59 8.59L12 13.17 7.41 8.59 6 10l6 6 6-6z"
                  />
                </svg>
              </span>
              <span
                className="MuiTouchRipple-root"
              />
            </button>
          </span>
          <span
            className="MuiTouchRipple-root"
          />
        </div>
      </div>
    </div>
  </div>
  <div
    className="MuiPaper-root MuiCard-root card MuiPaper-elevation8 MuiPaper-rounded"
    style={
      Object {
        "maxWidth": 500,
      }
    }
  >
    <a
      className="gone"
      href="#glossary_card"
      name="glossary_card"
    >
      Glossary Card
    </a>
    <div
      className="MuiCardHeader-root cardHeader"
    >
      <div
        className="MuiCardHeader-content"
      >
        <span
          className="MuiTypography-root MuiCardHeader-title MuiTypography-h5 MuiTypography-displayBlock"
        >
          Glossary
        </span>
      </div>
    </div>
    <div
      className="MuiCardContent-root GlossaryCard-expansionPanel-19"
    >
      <div
        className="MuiPaper-root MuiAccordion-root MuiAccordion-rounded MuiPaper-elevation1 MuiPaper-rounded"
      >
        <div
          aria-controls="Full Time Positions-content"
          aria-disabled={false}
          aria-expanded={false}
          aria-label="Full Time Positions"
          className="MuiButtonBase-root MuiAccordionSummary-root"
          id="Full Time Positions-header"
          onBlur={[Function]}
          onClick={[Function]}
          onDragLeave={[Function]}
          onFocus={[Function]}
          onKeyDown={[Function]}
          onKeyUp={[Function]}
          onMouseDown={[Function]}
          onMouseLeave={[Function]}
          onMouseUp={[Function]}
          onTouchEnd={[Function]}
          onTouchMove={[Function]}
          onTouchStart={[Function]}
          role="button"
          tabIndex={0}
        >
          <div
            className="MuiAccordionSummary-content"
          >
            <img
              alt="Full Time Positions button"
              className="GlossaryCard-tagIcon-21"
              src=""
            />
            <h6
              className="MuiTypography-root GlossaryCard-tag-20 MuiTypography-h6 MuiTypography-colorSecondary"
            >
              Full Time Positions
               
              (
              1
              )
            </h6>
          </div>
          <div
            aria-disabled={false}
            aria-hidden={true}
            className="MuiButtonBase-root MuiIconButton-root MuiAccordionSummary-expandIcon MuiIconButton-edgeEnd"
            onBlur={[Function]}
            onDragLeave={[Function]}
            onFocus={[Function]}
            onKeyDown={[Function]}
            onKeyUp={[Function]}
            onMouseDown={[Function]}
            onMouseLeave={[Function]}
            onMouseUp={[Function]}
            onTouchEnd={[Function]}
            onTouchMove={[Function]}
            onTouchStart={[Function]}
            role={null}
            tabIndex={null}
          >
            <span
              className="MuiIconButton-label"
            >
              <button
                aria-describedby={null}
                className="MuiButtonBase-root MuiIconButton-root"
                disabled={false}
                onBlur={[Function]}
                onDragLeave={[Function]}
                onFocus={[Function]}
                onKeyDown={[Function]}
                onKeyUp={[Function]}
                onMouseDown={[Function]}
                onMouseLeave={[Function]}
                onMouseOver={[Function]}
                onMouseUp={[Function]}
                onTouchEnd={[Function]}
                onTouchMove={[Function]}
                onTouchStart={[Function]}
                style={
                  Object {
                    "padding": 0,
                  }
                }
                tabIndex={0}
                title="Expand/collapse card"
                type="button"
              >
                <span
                  className="MuiIconButton-label"
                >
                  <svg
                    aria-hidden={true}
                    className="MuiSvgIcon-root"
                    focusable="false"
                    viewBox="0 0 24 24"
                  >
                    <path
                      d="M16.59 8.59L12 13.17 7.41 8.59 6 10l6 6 6-6z"
                    />
                  </svg>
                </span>
                <span
                  className="MuiTouchRipple-root"
                />
              </button>
            </span>
            <span
              className="MuiTouchRipple-root"
            />
          </div>
        </div>
      </div>
      <div
        className="MuiPaper-root MuiAccordion-root MuiAccordion-rounded MuiPaper-elevation1 MuiPaper-rounded"
      >
        <div
          aria-controls="Internships-content"
          aria-disabled={false}
          aria-expanded={false}
          aria-label="Internships"
          className="MuiButtonBase-root MuiAccordionSummary-root"
          id="Internships-header"
          onBlur={[Function]}
          onClick={[Function]}
          onDragLeave={[Function]}
          onFocus={[Function]}
          onKeyDown={[Function]}
          onKeyUp={[Function]}
          onMouseDown={[Function]}
          onMouseLeave={[Function]}
          onMouseUp={[Function]}
          onTouchEnd={[Function]}
          onTouchMove={[Function]}
          onTouchStart={[Function]}
          role="button"
          tabIndex={0}
        >
          <div
            className="MuiAccordionSummary-content"
          >
            <img
              alt="Internships button"
              className="GlossaryCard-tagIcon-21"
              src=""
            />
            <h6
              className="MuiTypography-root GlossaryCard-tag-20 MuiTypography-h6 MuiTypography-colorSecondary"
            >
              Internships
               
              (
              3
              )
            </h6>
          </div>
          <div
            aria-disabled={false}
            aria-hidden={true}
            className="MuiButtonBase-root MuiIconButton-root MuiAccordionSummary-expandIcon MuiIconButton-edgeEnd"
            onBlur={[Function]}
            onDragLeave={[Function]}
            onFocus={[Function]}
            onKeyDown={[Function]}
            onKeyUp={[Function]}
            onMouseDown={[Function]}
            onMouseLeave={[Function]}
            onMouseUp={[Function]}
            onTouchEnd={[Function]}
            onTouchMove={[Function]}
            onTouchStart={[Function]}
            role={null}
            tabIndex={null}
          >
            <span
              className="MuiIconButton-label"
            >
              <button
                aria-describedby={null}
                className="MuiButtonBase-root MuiIconButton-root"
                disabled={false}
                onBlur={[Function]}
                onDragLeave={[Function]}
                onFocus={[Function]}
                onKeyDown={[Function]}
                onKeyUp={[Function]}
                onMouseDown={[Function]}
                onMouseLeave={[Function]}
                onMouseOver={[Function]}
                onMouseUp={[Function]}
                onTouchEnd={[Function]}
                onTouchMove={[Function]}
                onTouchStart={[Function]}
                style={
                  Object {
                    "padding": 0,
                  }
                }
                tabIndex={0}
                title="Expand/collapse card"
                type="button"
              >
                <span
                  className="MuiIconButton-label"
                >
                  <svg
                    aria-hidden={true}
                    className="MuiSvgIcon-root"
                    focusable="false"
                    viewBox="0 0 24 24"
                  >
                    <path
                      d="M16.59 8.59L12 13.17 7.41 8.59 6 10l6 6 6-6z"
                    />
                  </svg>
                </span>
                <span
                  className="MuiTouchRipple-root"
                />
              </button>
            </span>
            <span
              className="MuiTouchRipple-root"
            />
          </div>
        </div>
      </div>
      <div
        className="MuiPaper-root MuiAccordion-root MuiAccordion-rounded MuiPaper-elevation1 MuiPaper-rounded"
      >
        <div
          aria-controls="Startups-content"
          aria-disabled={false}
          aria-expanded={false}
          aria-label="Startups"
          className="MuiButtonBase-root MuiAccordionSummary-root"
          id="Startups-header"
          onBlur={[Function]}
          onClick={[Function]}
          onDragLeave={[Function]}
          onFocus={[Function]}
          onKeyDown={[Function]}
          onKeyUp={[Function]}
          onMouseDown={[Function]}
          onMouseLeave={[Function]}
          onMouseUp={[Function]}
          onTouchEnd={[Function]}
          onTouchMove={[Function]}
          onTouchStart={[Function]}
          role="button"
          tabIndex={0}
        >
          <div
            className="MuiAccordionSummary-content"
          >
            <img
              alt="Startups button"
              className="GlossaryCard-tagIcon-21"
              src=""
            />
            <h6
              className="MuiTypography-root GlossaryCard-tag-20 MuiTypography-h6 MuiTypography-colorSecondary"
            >
              Startups
               
              (
              4
              )
            </h6>
          </div>
          <div
            aria-disabled={false}
            aria-hidden={true}
            className="MuiButtonBase-root MuiIconButton-root MuiAccordionSummary-expandIcon MuiIconButton-edgeEnd"
            onBlur={[Function]}
            onDragLeave={[Function]}
            onFocus={[Function]}
            onKeyDown={[Function]}
            onKeyUp={[Function]}
            onMouseDown={[Function]}
            onMouseLeave={[Function]}
            onMouseUp={[Function]}
            onTouchEnd={[Function]}
            onTouchMove={[Function]}
            onTouchStart={[Function]}
            role={null}
            tabIndex={null}
          >
            <span
              className="MuiIconButton-label"
            >
              <button
                aria-describedby={null}
                className="MuiButtonBase-root MuiIconButton-root"
                disabled={false}
                onBlur={[Function]}
                onDragLeave={[Function]}
                onFocus={[Function]}
                onKeyDown={[Function]}
                onKeyUp={[Function]}
                onMouseDown={[Function]}
                onMouseLeave={[Function]}
                onMouseOver={[Function]}
                onMouseUp={[Function]}
                onTouchEnd={[Function]}
                onTouchMove={[Function]}
                onTouchStart={[Function]}
                style={
                  Object {
                    "padding": 0,
                  }
                }
                tabIndex={0}
                title="Expand/collapse card"
                type="button"
              >
                <span
                  className="MuiIconButton-label"
                >
                  <svg
                    aria-hidden={true}
                    className="MuiSvgIcon-root"
                    focusable="false"
                    viewBox="0 0 24 24"
                  >
                    <path
                      d="M16.59 8.59L12 13.17 7.41 8.59 6 10l6 6 6-6z"
                    />
                  </svg>
                </span>
                <span
                  className="MuiTouchRipple-root"
                />
              </button>
            </span>
            <span
              className="MuiTouchRipple-root"
            />
          </div>
        </div>
      </div>
      <div
        className="MuiPaper-root MuiAccordion-root MuiAccordion-rounded MuiPaper-elevation1 MuiPaper-rounded"
      >
        <div
          aria-controls="Hackathon Projects-content"
          aria-disabled={false}
          aria-expanded={false}
          aria-label="Hackathon Projects"
          className="MuiButtonBase-root MuiAccordionSummary-root"
          id="Hackathon Projects-header"
          onBlur={[Function]}
          onClick={[Function]}
          onDragLeave={[Function]}
          onFocus={[Function]}
          onKeyDown={[Function]}
          onKeyUp={[Function]}
          onMouseDown={[Function]}
          onMouseLeave={[Function]}
          onMouseUp={[Function]}
          onTouchEnd={[Function]}
          onTouchMove={[Function]}
          onTouchStart={[Function]}
          role="button"
          tabIndex={0}
        >
          <div
            className="MuiAccordionSummary-content"
          >
            <img
              alt="Hackathon Projects button"
              className="GlossaryCard-tagIcon-21"
              src=""
            />
            <h6
              className="MuiTypography-root GlossaryCard-tag-20 MuiTypography-h6 MuiTypography-colorSecondary"
            >
              Hackathon Projects
               
              (
              4
              )
            </h6>
          </div>
          <div
            aria-disabled={false}
            aria-hidden={true}
            className="MuiButtonBase-root MuiIconButton-root MuiAccordionSummary-expandIcon MuiIconButton-edgeEnd"
            onBlur={[Function]}
            onDragLeave={[Function]}
            onFocus={[Function]}
            onKeyDown={[Function]}
            onKeyUp={[Function]}
            onMouseDown={[Function]}
            onMouseLeave={[Function]}
            onMouseUp={[Function]}
            onTouchEnd={[Function]}
            onTouchMove={[Function]}
            onTouchStart={[Function]}
            role={null}
            tabIndex={null}
          >
            <span
              className="MuiIconButton-label"
            >
              <button
                aria-describedby={null}
                className="MuiButtonBase-root MuiIconButton-root"
                disabled={false}
                onBlur={[Function]}
                onDragLeave={[Function]}
                onFocus={[Function]}
                onKeyDown={[Function]}
                onKeyUp={[Function]}
                onMouseDown={[Function]}
                onMouseLeave={[Function]}
                onMouseOver={[Function]}
                onMouseUp={[Function]}
                onTouchEnd={[Function]}
                onTouchMove={[Function]}
                onTouchStart={[Function]}
                style={
                  Object {
                    "padding": 0,
                  }
                }
                tabIndex={0}
                title="Expand/collapse card"
                type="button"
              >
                <span
                  className="MuiIconButton-label"
                >
                  <svg
                    aria-hidden={true}
                    className="MuiSvgIcon-root"
                    focusable="false"
                    viewBox="0 0 24 24"
                  >
                    <path
                      d="M16.59 8.59L12 13.17 7.41 8.59 6 10l6 6 6-6z"
                    />
                  </svg>
                </span>
                <span
                  className="MuiTouchRipple-root"
                />
              </button>
            </span>
            <span
              className="MuiTouchRipple-root"
            />
          </div>
        </div>
      </div>
      <div
        className="MuiPaper-root MuiAccordion-root MuiAccordion-rounded MuiPaper-elevation1 MuiPaper-rounded"
      >
        <div
          aria-controls="Class Projects-content"
          aria-disabled={false}
          aria-expanded={false}
          aria-label="Class Projects"
          className="MuiButtonBase-root MuiAccordionSummary-root"
          id="Class Projects-header"
          onBlur={[Function]}
          onClick={[Function]}
          onDragLeave={[Function]}
          onFocus={[Function]}
          onKeyDown={[Function]}
          onKeyUp={[Function]}
          onMouseDown={[Function]}
          onMouseLeave={[Function]}
          onMouseUp={[Function]}
          onTouchEnd={[Function]}
          onTouchMove={[Function]}
          onTouchStart={[Function]}
          role="button"
          tabIndex={0}
        >
          <div
            className="MuiAccordionSummary-content"
          >
            <img
              alt="Class Projects button"
              className="GlossaryCard-tagIcon-21"
              src=""
            />
            <h6
              className="MuiTypography-root GlossaryCard-tag-20 MuiTypography-h6 MuiTypography-colorSecondary"
            >
              Class Projects
               
              (
              4
              )
            </h6>
          </div>
          <div
            aria-disabled={false}
            aria-hidden={true}
            className="MuiButtonBase-root MuiIconButton-root MuiAccordionSummary-expandIcon MuiIconButton-edgeEnd"
            onBlur={[Function]}
            onDragLeave={[Function]}
            onFocus={[Function]}
            onKeyDown={[Function]}
            onKeyUp={[Function]}
            onMouseDown={[Function]}
            onMouseLeave={[Function]}
            onMouseUp={[Function]}
            onTouchEnd={[Function]}
            onTouchMove={[Function]}
            onTouchStart={[Function]}
            role={null}
            tabIndex={null}
          >
            <span
              className="MuiIconButton-label"
            >
              <button
                aria-describedby={null}
                className="MuiButtonBase-root MuiIconButton-root"
                disabled={false}
                onBlur={[Function]}
                onDragLeave={[Function]}
                onFocus={[Function]}
                onKeyDown={[Function]}
                onKeyUp={[Function]}
                onMouseDown={[Function]}
                onMouseLeave={[Function]}
                onMouseOver={[Function]}
                onMouseUp={[Function]}
                onTouchEnd={[Function]}
                onTouchMove={[Function]}
                onTouchStart={[Function]}
                style={
                  Object {
                    "padding": 0,
                  }
                }
                tabIndex={0}
                title="Expand/collapse card"
                type="button"
              >
                <span
                  className="MuiIconButton-label"
                >
                  <svg
                    aria-hidden={true}
                    className="MuiSvgIcon-root"
                    focusable="false"
                    viewBox="0 0 24 24"
                  >
                    <path
                      d="M16.59 8.59L12 13.17 7.41 8.59 6 10l6 6 6-6z"
                    />
                  </svg>
                </span>
                <span
                  className="MuiTouchRipple-root"
                />
              </button>
            </span>
            <span
              className="MuiTouchRipple-root"
            />
          </div>
        </div>
      </div>
      <div
        className="MuiPaper-root MuiAccordion-root MuiAccordion-rounded MuiPaper-elevation1 MuiPaper-rounded"
      >
        <div
          aria-controls="Android Projects-content"
          aria-disabled={false}
          aria-expanded={false}
          aria-label="Android Projects"
          className="MuiButtonBase-root MuiAccordionSummary-root"
          id="Android Projects-header"
          onBlur={[Function]}
          onClick={[Function]}
          onDragLeave={[Function]}
          onFocus={[Function]}
          onKeyDown={[Function]}
          onKeyUp={[Function]}
          onMouseDown={[Function]}
          onMouseLeave={[Function]}
          onMouseUp={[Function]}
          onTouchEnd={[Function]}
          onTouchMove={[Function]}
          onTouchStart={[Function]}
          role="button"
          tabIndex={0}
        >
          <div
            className="MuiAccordionSummary-content"
          >
            <img
              alt="Android Projects button"
              className="GlossaryCard-tagIcon-21"
              src={
                Object {
                  "process": [Function],
                }
              }
            />
            <h6
              className="MuiTypography-root GlossaryCard-tag-20 MuiTypography-h6 MuiTypography-colorTextPrimary"
            >
              Android Projects
               
              (
              5
              )
            </h6>
          </div>
          <div
            aria-disabled={false}
            aria-hidden={true}
            className="MuiButtonBase-root MuiIconButton-root MuiAccordionSummary-expandIcon MuiIconButton-edgeEnd"
            onBlur={[Function]}
            onDragLeave={[Function]}
            onFocus={[Function]}
            onKeyDown={[Function]}
            onKeyUp={[Function]}
            onMouseDown={[Function]}
            onMouseLeave={[Function]}
            onMouseUp={[Function]}
            onTouchEnd={[Function]}
            onTouchMove={[Function]}
            onTouchStart={[Function]}
            role={null}
            tabIndex={null}
          >
            <span
              className="MuiIconButton-label"
            >
              <button
                aria-describedby={null}
                className="MuiButtonBase-root MuiIconButton-root"
                disabled={false}
                onBlur={[Function]}
                onDragLeave={[Function]}
                onFocus={[Function]}
                onKeyDown={[Function]}
                onKeyUp={[Function]}
                onMouseDown={[Function]}
                onMouseLeave={[Function]}
                onMouseOver={[Function]}
                onMouseUp={[Function]}
                onTouchEnd={[Function]}
                onTouchMove={[Function]}
                onTouchStart={[Function]}
                style={
                  Object {
                    "padding": 0,
                  }
                }
                tabIndex={0}
                title="Expand/collapse card"
                type="button"
              >
                <span
                  className="MuiIconButton-label"
                >
                  <svg
                    aria-hidden={true}
                    className="MuiSvgIcon-root"
                    focusable="false"
                    viewBox="0 0 24 24"
                  >
                    <path
                      d="M16.59 8.59L12 13.17 7.41 8.59 6 10l6 6 6-6z"
                    />
                  </svg>
                </span>
                <span
                  className="MuiTouchRipple-root"
                />
              </button>
            </span>
            <span
              className="MuiTouchRipple-root"
            />
          </div>
        </div>
      </div>
      <div
        className="MuiPaper-root MuiAccordion-root MuiAccordion-rounded MuiPaper-elevation1 MuiPaper-rounded"
      >
        <div
          aria-controls="Firebase Projects-content"
          aria-disabled={false}
          aria-expanded={false}
          aria-label="Firebase Projects"
          className="MuiButtonBase-root MuiAccordionSummary-root"
          id="Firebase Projects-header"
          onBlur={[Function]}
          onClick={[Function]}
          onDragLeave={[Function]}
          onFocus={[Function]}
          onKeyDown={[Function]}
          onKeyUp={[Function]}
          onMouseDown={[Function]}
          onMouseLeave={[Function]}
          onMouseUp={[Function]}
          onTouchEnd={[Function]}
          onTouchMove={[Function]}
          onTouchStart={[Function]}
          role="button"
          tabIndex={0}
        >
          <div
            className="MuiAccordionSummary-content"
          >
            <img
              alt="Firebase Projects button"
              className="GlossaryCard-tagIcon-21"
              src={
                Object {
                  "process": [Function],
                }
              }
            />
            <h6
              className="MuiTypography-root GlossaryCard-tag-20 MuiTypography-h6 MuiTypography-colorTextPrimary"
            >
              Firebase Projects
               
              (
              4
              )
            </h6>
          </div>
          <div
            aria-disabled={false}
            aria-hidden={true}
            className="MuiButtonBase-root MuiIconButton-root MuiAccordionSummary-expandIcon MuiIconButton-edgeEnd"
            onBlur={[Function]}
            onDragLeave={[Function]}
            onFocus={[Function]}
            onKeyDown={[Function]}
            onKeyUp={[Function]}
            onMouseDown={[Function]}
            onMouseLeave={[Function]}
            onMouseUp={[Function]}
            onTouchEnd={[Function]}
            onTouchMove={[Function]}
            onTouchStart={[Function]}
            role={null}
            tabIndex={null}
          >
            <span
              className="MuiIconButton-label"
            >
              <button
                aria-describedby={null}
                className="MuiButtonBase-root MuiIconButton-root"
                disabled={false}
                onBlur={[Function]}
                onDragLeave={[Function]}
                onFocus={[Function]}
                onKeyDown={[Function]}
                onKeyUp={[Function]}
                onMouseDown={[Function]}
                onMouseLeave={[Function]}
                onMouseOver={[Function]}
                onMouseUp={[Function]}
                onTouchEnd={[Function]}
                onTouchMove={[Function]}
                onTouchStart={[Function]}
                style={
                  Object {
                    "padding": 0,
                  }
                }
                tabIndex={0}
                title="Expand/collapse card"
                type="button"
              >
                <span
                  className="MuiIconButton-label"
                >
                  <svg
                    aria-hidden={true}
                    className="MuiSvgIcon-root"
                    focusable="false"
                    viewBox="0 0 24 24"
                  >
                    <path
                      d="M16.59 8.59L12 13.17 7.41 8.59 6 10l6 6 6-6z"
                    />
                  </svg>
                </span>
                <span
                  className="MuiTouchRipple-root"
                />
              </button>
            </span>
            <span
              className="MuiTouchRipple-root"
            />
          </div>
        </div>
      </div>
      <div
        className="MuiPaper-root MuiAccordion-root MuiAccordion-rounded MuiPaper-elevation1 MuiPaper-rounded"
      >
        <div
          aria-controls="Java Projects-content"
          aria-disabled={false}
          aria-expanded={false}
          aria-label="Java Projects"
          className="MuiButtonBase-root MuiAccordionSummary-root"
          id="Java Projects-header"
          onBlur={[Function]}
          onClick={[Function]}
          onDragLeave={[Function]}
          onFocus={[Function]}
          onKeyDown={[Function]}
          onKeyUp={[Function]}
          onMouseDown={[Function]}
          onMouseLeave={[Function]}
          onMouseUp={[Function]}
          onTouchEnd={[Function]}
          onTouchMove={[Function]}
          onTouchStart={[Function]}
          role="button"
          tabIndex={0}
        >
          <div
            className="MuiAccordionSummary-content"
          >
            <img
              alt="Java Projects button"
              className="GlossaryCard-tagIcon-21"
              src={
                Object {
                  "process": [Function],
                }
              }
            />
            <h6
              className="MuiTypography-root GlossaryCard-tag-20 MuiTypography-h6 MuiTypography-colorTextPrimary"
            >
              Java Projects
               
              (
              2
              )
            </h6>
          </div>
          <div
            aria-disabled={false}
            aria-hidden={true}
            className="MuiButtonBase-root MuiIconButton-root MuiAccordionSummary-expandIcon MuiIconButton-edgeEnd"
            onBlur={[Function]}
            onDragLeave={[Function]}
            onFocus={[Function]}
            onKeyDown={[Function]}
            onKeyUp={[Function]}
            onMouseDown={[Function]}
            onMouseLeave={[Function]}
            onMouseUp={[Function]}
            onTouchEnd={[Function]}
            onTouchMove={[Function]}
            onTouchStart={[Function]}
            role={null}
            tabIndex={null}
          >
            <span
              className="MuiIconButton-label"
            >
              <button
                aria-describedby={null}
                className="MuiButtonBase-root MuiIconButton-root"
                disabled={false}
                onBlur={[Function]}
                onDragLeave={[Function]}
                onFocus={[Function]}
                onKeyDown={[Function]}
                onKeyUp={[Function]}
                onMouseDown={[Function]}
                onMouseLeave={[Function]}
                onMouseOver={[Function]}
                onMouseUp={[Function]}
                onTouchEnd={[Function]}
                onTouchMove={[Function]}
                onTouchStart={[Function]}
                style={
                  Object {
                    "padding": 0,
                  }
                }
                tabIndex={0}
                title="Expand/collapse card"
                type="button"
              >
                <span
                  className="MuiIconButton-label"
                >
                  <svg
                    aria-hidden={true}
                    className="MuiSvgIcon-root"
                    focusable="false"
                    viewBox="0 0 24 24"
                  >
                    <path
                      d="M16.59 8.59L12 13.17 7.41 8.59 6 10l6 6 6-6z"
                    />
                  </svg>
                </span>
                <span
                  className="MuiTouchRipple-root"
                />
              </button>
            </span>
            <span
              className="MuiTouchRipple-root"
            />
          </div>
        </div>
      </div>
      <div
        className="MuiPaper-root MuiAccordion-root MuiAccordion-rounded MuiPaper-elevation1 MuiPaper-rounded"
      >
        <div
          aria-controls="JavaScript Projects-content"
          aria-disabled={false}
          aria-expanded={false}
          aria-label="JavaScript Projects"
          className="MuiButtonBase-root MuiAccordionSummary-root"
          id="JavaScript Projects-header"
          onBlur={[Function]}
          onClick={[Function]}
          onDragLeave={[Function]}
          onFocus={[Function]}
          onKeyDown={[Function]}
          onKeyUp={[Function]}
          onMouseDown={[Function]}
          onMouseLeave={[Function]}
          onMouseUp={[Function]}
          onTouchEnd={[Function]}
          onTouchMove={[Function]}
          onTouchStart={[Function]}
          role="button"
          tabIndex={0}
        >
          <div
            className="MuiAccordionSummary-content"
          >
            <img
              alt="JavaScript Projects button"
              className="GlossaryCard-tagIcon-21"
              src={
                Object {
                  "process": [Function],
                }
              }
            />
            <h6
              className="MuiTypography-root GlossaryCard-tag-20 MuiTypography-h6 MuiTypography-colorTextPrimary"
            >
              JavaScript Projects
               
              (
              8
              )
            </h6>
          </div>
          <div
            aria-disabled={false}
            aria-hidden={true}
            className="MuiButtonBase-root MuiIconButton-root MuiAccordionSummary-expandIcon MuiIconButton-edgeEnd"
            onBlur={[Function]}
            onDragLeave={[Function]}
            onFocus={[Function]}
            onKeyDown={[Function]}
            onKeyUp={[Function]}
            onMouseDown={[Function]}
            onMouseLeave={[Function]}
            onMouseUp={[Function]}
            onTouchEnd={[Function]}
            onTouchMove={[Function]}
            onTouchStart={[Function]}
            role={null}
            tabIndex={null}
          >
            <span
              className="MuiIconButton-label"
            >
              <button
                aria-describedby={null}
                className="MuiButtonBase-root MuiIconButton-root"
                disabled={false}
                onBlur={[Function]}
                onDragLeave={[Function]}
                onFocus={[Function]}
                onKeyDown={[Function]}
                onKeyUp={[Function]}
                onMouseDown={[Function]}
                onMouseLeave={[Function]}
                onMouseOver={[Function]}
                onMouseUp={[Function]}
                onTouchEnd={[Function]}
                onTouchMove={[Function]}
                onTouchStart={[Function]}
                style={
                  Object {
                    "padding": 0,
                  }
                }
                tabIndex={0}
                title="Expand/collapse card"
                type="button"
              >
                <span
                  className="MuiIconButton-label"
                >
                  <svg
                    aria-hidden={true}
                    className="MuiSvgIcon-root"
                    focusable="false"
                    viewBox="0 0 24 24"
                  >
                    <path
                      d="M16.59 8.59L12 13.17 7.41 8.59 6 10l6 6 6-6z"
                    />
                  </svg>
                </span>
                <span
                  className="MuiTouchRipple-root"
                />
              </button>
            </span>
            <span
              className="MuiTouchRipple-root"
            />
          </div>
        </div>
      </div>
      <div
        className="MuiPaper-root MuiAccordion-root MuiAccordion-rounded MuiPaper-elevation1 MuiPaper-rounded"
      >
        <div
          aria-controls="Kotlin Projects-content"
          aria-disabled={false}
          aria-expanded={false}
          aria-label="Kotlin Projects"
          className="MuiButtonBase-root MuiAccordionSummary-root"
          id="Kotlin Projects-header"
          onBlur={[Function]}
          onClick={[Function]}
          onDragLeave={[Function]}
          onFocus={[Function]}
          onKeyDown={[Function]}
          onKeyUp={[Function]}
          onMouseDown={[Function]}
          onMouseLeave={[Function]}
          onMouseUp={[Function]}
          onTouchEnd={[Function]}
          onTouchMove={[Function]}
          onTouchStart={[Function]}
          role="button"
          tabIndex={0}
        >
          <div
            className="MuiAccordionSummary-content"
          >
            <img
              alt="Kotlin Projects button"
              className="GlossaryCard-tagIcon-21"
              src={
                Object {
                  "process": [Function],
                }
              }
            />
            <h6
              className="MuiTypography-root GlossaryCard-tag-20 MuiTypography-h6 MuiTypography-colorTextPrimary"
            >
              Kotlin Projects
               
              (
              4
              )
            </h6>
          </div>
          <div
            aria-disabled={false}
            aria-hidden={true}
            className="MuiButtonBase-root MuiIconButton-root MuiAccordionSummary-expandIcon MuiIconButton-edgeEnd"
            onBlur={[Function]}
            onDragLeave={[Function]}
            onFocus={[Function]}
            onKeyDown={[Function]}
            onKeyUp={[Function]}
            onMouseDown={[Function]}
            onMouseLeave={[Function]}
            onMouseUp={[Function]}
            onTouchEnd={[Function]}
            onTouchMove={[Function]}
            onTouchStart={[Function]}
            role={null}
            tabIndex={null}
          >
            <span
              className="MuiIconButton-label"
            >
              <button
                aria-describedby={null}
                className="MuiButtonBase-root MuiIconButton-root"
                disabled={false}
                onBlur={[Function]}
                onDragLeave={[Function]}
                onFocus={[Function]}
                onKeyDown={[Function]}
                onKeyUp={[Function]}
                onMouseDown={[Function]}
                onMouseLeave={[Function]}
                onMouseOver={[Function]}
                onMouseUp={[Function]}
                onTouchEnd={[Function]}
                onTouchMove={[Function]}
                onTouchStart={[Function]}
                style={
                  Object {
                    "padding": 0,
                  }
                }
                tabIndex={0}
                title="Expand/collapse card"
                type="button"
              >
                <span
                  className="MuiIconButton-label"
                >
                  <svg
                    aria-hidden={true}
                    className="MuiSvgIcon-root"
                    focusable="false"
                    viewBox="0 0 24 24"
                  >
                    <path
                      d="M16.59 8.59L12 13.17 7.41 8.59 6 10l6 6 6-6z"
                    />
                  </svg>
                </span>
                <span
                  className="MuiTouchRipple-root"
                />
              </button>
            </span>
            <span
              className="MuiTouchRipple-root"
            />
          </div>
        </div>
      </div>
      <div
        className="MuiPaper-root MuiAccordion-root MuiAccordion-rounded MuiPaper-elevation1 MuiPaper-rounded"
      >
        <div
          aria-controls="Python Projects-content"
          aria-disabled={false}
          aria-expanded={false}
          aria-label="Python Projects"
          className="MuiButtonBase-root MuiAccordionSummary-root"
          id="Python Projects-header"
          onBlur={[Function]}
          onClick={[Function]}
          onDragLeave={[Function]}
          onFocus={[Function]}
          onKeyDown={[Function]}
          onKeyUp={[Function]}
          onMouseDown={[Function]}
          onMouseLeave={[Function]}
          onMouseUp={[Function]}
          onTouchEnd={[Function]}
          onTouchMove={[Function]}
          onTouchStart={[Function]}
          role="button"
          tabIndex={0}
        >
          <div
            className="MuiAccordionSummary-content"
          >
            <img
              alt="Python Projects button"
              className="GlossaryCard-tagIcon-21"
              src={
                Object {
                  "process": [Function],
                }
              }
            />
            <h6
              className="MuiTypography-root GlossaryCard-tag-20 MuiTypography-h6 MuiTypography-colorTextPrimary"
            >
              Python Projects
               
              (
              1
              )
            </h6>
          </div>
          <div
            aria-disabled={false}
            aria-hidden={true}
            className="MuiButtonBase-root MuiIconButton-root MuiAccordionSummary-expandIcon MuiIconButton-edgeEnd"
            onBlur={[Function]}
            onDragLeave={[Function]}
            onFocus={[Function]}
            onKeyDown={[Function]}
            onKeyUp={[Function]}
            onMouseDown={[Function]}
            onMouseLeave={[Function]}
            onMouseUp={[Function]}
            onTouchEnd={[Function]}
            onTouchMove={[Function]}
            onTouchStart={[Function]}
            role={null}
            tabIndex={null}
          >
            <span
              className="MuiIconButton-label"
            >
              <button
                aria-describedby={null}
                className="MuiButtonBase-root MuiIconButton-root"
                disabled={false}
                onBlur={[Function]}
                onDragLeave={[Function]}
                onFocus={[Function]}
                onKeyDown={[Function]}
                onKeyUp={[Function]}
                onMouseDown={[Function]}
                onMouseLeave={[Function]}
                onMouseOver={[Function]}
                onMouseUp={[Function]}
                onTouchEnd={[Function]}
                onTouchMove={[Function]}
                onTouchStart={[Function]}
                style={
                  Object {
                    "padding": 0,
                  }
                }
                tabIndex={0}
                title="Expand/collapse card"
                type="button"
              >
                <span
                  className="MuiIconButton-label"
                >
                  <svg
                    aria-hidden={true}
                    className="MuiSvgIcon-root"
                    focusable="false"
                    viewBox="0 0 24 24"
                  >
                    <path
                      d="M16.59 8.59L12 13.17 7.41 8.59 6 10l6 6 6-6z"
                    />
                  </svg>
                </span>
                <span
                  className="MuiTouchRipple-root"
                />
              </button>
            </span>
            <span
              className="MuiTouchRipple-root"
            />
          </div>
        </div>
      </div>
      <div
        className="MuiPaper-root MuiAccordion-root MuiAccordion-rounded MuiPaper-elevation1 MuiPaper-rounded"
      >
        <div
          aria-controls="React Projects-content"
          aria-disabled={false}
          aria-expanded={false}
          aria-label="React Projects"
          className="MuiButtonBase-root MuiAccordionSummary-root"
          id="React Projects-header"
          onBlur={[Function]}
          onClick={[Function]}
          onDragLeave={[Function]}
          onFocus={[Function]}
          onKeyDown={[Function]}
          onKeyUp={[Function]}
          onMouseDown={[Function]}
          onMouseLeave={[Function]}
          onMouseUp={[Function]}
          onTouchEnd={[Function]}
          onTouchMove={[Function]}
          onTouchStart={[Function]}
          role="button"
          tabIndex={0}
        >
          <div
            className="MuiAccordionSummary-content"
          >
            <img
              alt="React Projects button"
              className="GlossaryCard-tagIcon-21"
              src={
                Object {
                  "process": [Function],
                }
              }
            />
            <h6
              className="MuiTypography-root GlossaryCard-tag-20 MuiTypography-h6 MuiTypography-colorTextPrimary"
            >
              React Projects
               
              (
              2
              )
            </h6>
          </div>
          <div
            aria-disabled={false}
            aria-hidden={true}
            className="MuiButtonBase-root MuiIconButton-root MuiAccordionSummary-expandIcon MuiIconButton-edgeEnd"
            onBlur={[Function]}
            onDragLeave={[Function]}
            onFocus={[Function]}
            onKeyDown={[Function]}
            onKeyUp={[Function]}
            onMouseDown={[Function]}
            onMouseLeave={[Function]}
            onMouseUp={[Function]}
            onTouchEnd={[Function]}
            onTouchMove={[Function]}
            onTouchStart={[Function]}
            role={null}
            tabIndex={null}
          >
            <span
              className="MuiIconButton-label"
            >
              <button
                aria-describedby={null}
                className="MuiButtonBase-root MuiIconButton-root"
                disabled={false}
                onBlur={[Function]}
                onDragLeave={[Function]}
                onFocus={[Function]}
                onKeyDown={[Function]}
                onKeyUp={[Function]}
                onMouseDown={[Function]}
                onMouseLeave={[Function]}
                onMouseOver={[Function]}
                onMouseUp={[Function]}
                onTouchEnd={[Function]}
                onTouchMove={[Function]}
                onTouchStart={[Function]}
                style={
                  Object {
                    "padding": 0,
                  }
                }
                tabIndex={0}
                title="Expand/collapse card"
                type="button"
              >
                <span
                  className="MuiIconButton-label"
                >
                  <svg
                    aria-hidden={true}
                    className="MuiSvgIcon-root"
                    focusable="false"
                    viewBox="0 0 24 24"
                  >
                    <path
                      d="M16.59 8.59L12 13.17 7.41 8.59 6 10l6 6 6-6z"
                    />
                  </svg>
                </span>
                <span
                  className="MuiTouchRipple-root"
                />
              </button>
            </span>
            <span
              className="MuiTouchRipple-root"
            />
          </div>
        </div>
      </div>
      <div
        className="MuiPaper-root MuiAccordion-root MuiAccordion-rounded MuiPaper-elevation1 MuiPaper-rounded"
      >
        <div
          aria-controls="React Native Projects-content"
          aria-disabled={false}
          aria-expanded={false}
          aria-label="React Native Projects"
          className="MuiButtonBase-root MuiAccordionSummary-root"
          id="React Native Projects-header"
          onBlur={[Function]}
          onClick={[Function]}
          onDragLeave={[Function]}
          onFocus={[Function]}
          onKeyDown={[Function]}
          onKeyUp={[Function]}
          onMouseDown={[Function]}
          onMouseLeave={[Function]}
          onMouseUp={[Function]}
          onTouchEnd={[Function]}
          onTouchMove={[Function]}
          onTouchStart={[Function]}
          role="button"
          tabIndex={0}
        >
          <div
            className="MuiAccordionSummary-content"
          >
            <img
              alt="React Native Projects button"
              className="GlossaryCard-tagIcon-21"
              src={
                Object {
                  "process": [Function],
                }
              }
            />
            <h6
              className="MuiTypography-root GlossaryCard-tag-20 MuiTypography-h6 MuiTypography-colorTextPrimary"
            >
              React Native Projects
               
              (
              2
              )
            </h6>
          </div>
          <div
            aria-disabled={false}
            aria-hidden={true}
            className="MuiButtonBase-root MuiIconButton-root MuiAccordionSummary-expandIcon MuiIconButton-edgeEnd"
            onBlur={[Function]}
            onDragLeave={[Function]}
            onFocus={[Function]}
            onKeyDown={[Function]}
            onKeyUp={[Function]}
            onMouseDown={[Function]}
            onMouseLeave={[Function]}
            onMouseUp={[Function]}
            onTouchEnd={[Function]}
            onTouchMove={[Function]}
            onTouchStart={[Function]}
            role={null}
            tabIndex={null}
          >
            <span
              className="MuiIconButton-label"
            >
              <button
                aria-describedby={null}
                className="MuiButtonBase-root MuiIconButton-root"
                disabled={false}
                onBlur={[Function]}
                onDragLeave={[Function]}
                onFocus={[Function]}
                onKeyDown={[Function]}
                onKeyUp={[Function]}
                onMouseDown={[Function]}
                onMouseLeave={[Function]}
                onMouseOver={[Function]}
                onMouseUp={[Function]}
                onTouchEnd={[Function]}
                onTouchMove={[Function]}
                onTouchStart={[Function]}
                style={
                  Object {
                    "padding": 0,
                  }
                }
                tabIndex={0}
                title="Expand/collapse card"
                type="button"
              >
                <span
                  className="MuiIconButton-label"
                >
                  <svg
                    aria-hidden={true}
                    className="MuiSvgIcon-root"
                    focusable="false"
                    viewBox="0 0 24 24"
                  >
                    <path
                      d="M16.59 8.59L12 13.17 7.41 8.59 6 10l6 6 6-6z"
                    />
                  </svg>
                </span>
                <span
                  className="MuiTouchRipple-root"
                />
              </button>
            </span>
            <span
              className="MuiTouchRipple-root"
            />
          </div>
        </div>
      </div>
    </div>
  </div>
</div>
`;
