// Jest Snapshot v1, https://goo.gl/fbAQLP

exports[`Home matches snapshot 1`] = `
<div>
  <h6
    className="MuiTypography-root Home-title-1 MuiTypography-h6"
  >
    Senior Computer Science in Engineering student at the University of Michigan · Minor in Entrepreneurship · Focus on Web & Android development
  </h6>
  <div>
    <div
      className="MuiPaper-root MuiPaper-elevation8 MuiCard-root card MuiPaper-rounded"
    >
      <div
        className="MuiCardHeader-root"
      >
        <div
          className="MuiCardHeader-content"
        >
          <span
            className="MuiTypography-root MuiCardHeader-title MuiTypography-h5 MuiTypography-displayBlock"
          >
            Recent Highlight: MHacks 12
          </span>
          <span
            className="MuiTypography-root MuiCardHeader-subheader MuiTypography-body1 MuiTypography-colorTextSecondary MuiTypography-displayBlock"
          >
            Check out my MHacks 12 hackathon project, InstEvents!
          </span>
        </div>
      </div>
      <div
        className="MuiCardMedia-root HighlightsCard-media-33"
        style={
          Object {
            "backgroundImage": "url(\\"/images/mhacks_logo.png\\")",
          }
        }
        title="MHacks 12 logo"
      />
      <div
        className="MuiCardContent-root"
      >
        <p
          className="MuiTypography-root MuiTypography-body1"
        >
          This project was definitely my favorite hackathon project. Nathan and I had 36 hours at MHacks to make a very solid project, and I thought we delivered on our own high expectations. The idea for the app came out of one of my entrepreneurship classes where we were asked to "explore" something new every week. It did not matter where we went - concerts, festivals, restaurants - as long as it was something new to us. Thus, I was craving an app that I could open up to instantly view current events in my area. The app features a Google Maps view that immediately opens to show today's current and upcoming events. In addition, it allows users to browse current and upcoming events in a clean RecyclerView/Cards list. Users can add events with an interface that features date pickers, time pickers, address autocomplete using the Google Maps Places API, the ability to add a cover photo and more!
          <br />
           
          <br />
          For this app, we focused on making sure all of the features that we completed were done well. For example, we put lots of extra time into making sure the "Add Event" flow was as seamless as possible, instead of using that time to partially complete some of our stretch goals. The advantage of this is a good UX, even with just the app we made during the hackathon. Going forward, we plan to continue working on other features like web-scraping for popular events, and an eventual release to the Google Play Store. More details on upcoming features and more on our
           
          <a
            className="MuiTypography-root MuiLink-root MuiLink-underlineHover MuiTypography-colorSecondary"
            href="https://github.com/markfonte/InstEvents"
            onBlur={[Function]}
            onFocus={[Function]}
          >
            Github
          </a>
          ! We also believe that the app has significant value as-is, because of the fact that anyone can post an event. This, in combination with the built-in Google Maps view, allows for a location-based sorting of events as opposed to the normal popularity-based sorting of events. In other words, events with only 30 people attending get the same weight on the map as those with 5,000. This allows for an even playing field and is a concept we have not really seen before.
          <br />
           
          <br />
          View it on
           
          <a
            className="MuiTypography-root MuiLink-root MuiLink-underlineHover MuiTypography-colorSecondary"
            href="https://devpost.com/software/instevent"
            onBlur={[Function]}
            onFocus={[Function]}
          >
            Devpost
          </a>
           
          or
           
          <a
            className="MuiTypography-root MuiLink-root MuiLink-underlineHover MuiTypography-colorSecondary"
            href="https://github.com/markfonte/InstEvents"
            onBlur={[Function]}
            onFocus={[Function]}
          >
            Github
          </a>
          <br />
           
          <br />
          <img
            alt="InstEvents Screenshot 3"
            className="HighlightsCard-screenshot-35"
            height="500"
            src={
              Object {
                "process": [Function],
              }
            }
            title="InstEvents Screenshot 3"
            width="240"
          />
          <img
            alt="InstEvents Screenshot 1"
            className="HighlightsCard-screenshot-35"
            height="500"
            src={
              Object {
                "process": [Function],
              }
            }
            title="InstEvents Screenshot 1"
            width="240"
          />
          <img
            alt="InstEvents Screenshot 2"
            className="HighlightsCard-screenshot-35"
            height="500"
            src={
              Object {
                "process": [Function],
              }
            }
            title="InstEvents Screenshot 2"
            width="240"
          />
        </p>
      </div>
      <div
        className="MuiCardActions-root MuiCardActions-spacing"
      >
        <a
          aria-disabled={false}
          aria-label="Go to website"
          className="MuiButtonBase-root MuiIconButton-root"
          href="https://mhacks12.devpost.com/"
          onBlur={[Function]}
          onDragLeave={[Function]}
          onFocus={[Function]}
          onKeyDown={[Function]}
          onKeyUp={[Function]}
          onMouseDown={[Function]}
          onMouseLeave={[Function]}
          onMouseUp={[Function]}
          onTouchEnd={[Function]}
          onTouchMove={[Function]}
          onTouchStart={[Function]}
          tabIndex={0}
        >
          <span
            className="MuiIconButton-label"
          >
            <svg
              aria-hidden="true"
              className="MuiSvgIcon-root"
              focusable="false"
              role="presentation"
              viewBox="0 0 24 24"
            >
              <path
                d="M20 4H4c-1.1 0-1.99.9-1.99 2L2 18c0 1.1.9 2 2 2h16c1.1 0 2-.9 2-2V6c0-1.1-.9-2-2-2zm-5 14H4v-4h11v4zm0-5H4V9h11v4zm5 5h-4V9h4v9z"
              />
            </svg>
          </span>
        </a>
      </div>
    </div>
  </div>
  <div
    className="MuiPaper-root MuiPaper-elevation8 MuiCard-root card MuiPaper-rounded"
  >
    <div
      className="MuiCardContent-root PhotoFeedCard-cardContent-103"
    >
      <ul
        className="MuiGridList-root PhotoFeedCard-photoGrid-104"
        style={
          Object {
            "margin": -2,
          }
        }
      >
        <li
          className="MuiGridListTile-root PhotoFeedCard-photoGridTile-105"
          style={
            Object {
              "height": 324,
              "padding": 2,
              "width": "50%",
            }
          }
        >
          <div
            className="MuiGridListTile-tile"
          >
            <img
              alt="Mark Feed 7"
              src={
                Object {
                  "process": [Function],
                }
              }
            />
          </div>
        </li>
        <li
          className="MuiGridListTile-root PhotoFeedCard-photoGridTile-105"
          style={
            Object {
              "height": 324,
              "padding": 2,
              "width": "50%",
            }
          }
        >
          <div
            className="MuiGridListTile-tile"
          >
            <img
              alt="Mark Feed 5"
              src={
                Object {
                  "process": [Function],
                }
              }
            />
          </div>
        </li>
        <li
          className="MuiGridListTile-root PhotoFeedCard-photoGridTile-105"
          style={
            Object {
              "height": 324,
              "padding": 2,
              "width": "100%",
            }
          }
        >
          <div
            className="MuiGridListTile-tile"
          >
            <img
              alt="Mark Feed 3"
              src={
                Object {
                  "process": [Function],
                }
              }
            />
          </div>
        </li>
        <li
          className="MuiGridListTile-root PhotoFeedCard-photoGridTile-105"
          style={
            Object {
              "height": 324,
              "padding": 2,
              "width": "100%",
            }
          }
        >
          <div
            className="MuiGridListTile-tile"
          >
            <img
              alt="Mark Feed 6"
              src={
                Object {
                  "process": [Function],
                }
              }
            />
          </div>
        </li>
        <li
          className="MuiGridListTile-root PhotoFeedCard-photoGridTile-105"
          style={
            Object {
              "height": 324,
              "padding": 2,
              "width": "100%",
            }
          }
        >
          <div
            className="MuiGridListTile-tile"
          >
            <img
              alt="Mark Feed 4"
              src={
                Object {
                  "process": [Function],
                }
              }
            />
          </div>
        </li>
      </ul>
    </div>
  </div>
  <div>
    <div
      className="MuiPaper-root MuiPaper-elevation8 MuiCard-root card MuiPaper-rounded"
    >
      <div
        className="MuiCardHeader-root"
      >
        <div
          className="MuiCardHeader-content"
        >
          <span
            className="MuiTypography-root MuiCardHeader-title MuiTypography-h5 MuiTypography-displayBlock"
          >
            Built With:
          </span>
        </div>
      </div>
      <div
        className="MuiCardContent-root"
      >
        <div
          className="BuiltWithTable-builtWithTableWrapper-112"
        >
          <table
            className="MuiTable-root BuiltWithTable-builtWithTable-113"
          >
            <tbody
              className="MuiTableBody-root"
            >
              <tr
                className="MuiTableRow-root"
              >
                <th
                  aria-sort={null}
                  className="MuiTableCell-root MuiTableCell-alignLeft MuiTableCell-body"
                  scope="row"
                >
                  <a
                    className="MuiTypography-root MuiLink-root MuiLink-underlineHover MuiTypography-colorPrimary"
                    href="https://www.digitalocean.com/"
                    onBlur={[Function]}
                    onFocus={[Function]}
                  >
                    <h6
                      className="MuiTypography-root MuiTypography-h6 MuiTypography-colorTextPrimary"
                    >
                      DigitalOcean
                    </h6>
                  </a>
                </th>
                <td
                  aria-sort={null}
                  className="MuiTableCell-root MuiTableCell-alignCenter MuiTableCell-body"
                >
                  <img
                    alt="express"
                    className="BuiltWithTable-logoDefault-111"
                    src={
                      Object {
                        "process": [Function],
                      }
                    }
                  />
                </td>
                <td
                  aria-sort={null}
                  className="MuiTableCell-root MuiTableCell-alignRight MuiTableCell-body"
                >
                  <h6
                    className="MuiTypography-root MuiTypography-subtitle2"
                  >
                    cloud provider
                  </h6>
                </td>
              </tr>
              <tr
                className="MuiTableRow-root"
              >
                <th
                  aria-sort={null}
                  className="MuiTableCell-root MuiTableCell-alignLeft MuiTableCell-body"
                  scope="row"
                >
                  <a
                    className="MuiTypography-root MuiLink-root MuiLink-underlineHover MuiTypography-colorPrimary"
                    href="https://expressjs.com/"
                    onBlur={[Function]}
                    onFocus={[Function]}
                  >
                    <h6
                      className="MuiTypography-root MuiTypography-h6 MuiTypography-colorTextPrimary"
                    >
                      Express
                    </h6>
                  </a>
                </th>
                <td
                  aria-sort={null}
                  className="MuiTableCell-root MuiTableCell-alignCenter MuiTableCell-body"
                >
                  <img
                    alt="express"
                    className="BuiltWithTable-logoDefault-111"
                    src={
                      Object {
                        "process": [Function],
                      }
                    }
                  />
                </td>
                <td
                  aria-sort={null}
                  className="MuiTableCell-root MuiTableCell-alignRight MuiTableCell-body"
                >
                  <h6
                    className="MuiTypography-root MuiTypography-subtitle2"
                  >
                    backend framework
                  </h6>
                </td>
              </tr>
              <tr
                className="MuiTableRow-root"
              >
                <th
                  aria-sort={null}
                  className="MuiTableCell-root MuiTableCell-alignLeft MuiTableCell-body"
                  scope="row"
                >
                  <a
                    className="MuiTypography-root MuiLink-root MuiLink-underlineHover MuiTypography-colorPrimary"
                    href="https://github.com/"
                    onBlur={[Function]}
                    onFocus={[Function]}
                  >
                    <h6
                      className="MuiTypography-root MuiTypography-h6 MuiTypography-colorTextPrimary"
                    >
                      GitHub
                    </h6>
                  </a>
                </th>
                <td
                  aria-sort={null}
                  className="MuiTableCell-root MuiTableCell-alignCenter MuiTableCell-body"
                >
                  <img
                    alt="express"
                    className="BuiltWithTable-logoDefault-111"
                    src={
                      Object {
                        "process": [Function],
                      }
                    }
                  />
                </td>
                <td
                  aria-sort={null}
                  className="MuiTableCell-root MuiTableCell-alignRight MuiTableCell-body"
                >
                  <h6
                    className="MuiTypography-root MuiTypography-subtitle2"
                  >
                    repository hosting
                  </h6>
                </td>
              </tr>
              <tr
                className="MuiTableRow-root"
              >
                <th
                  aria-sort={null}
                  className="MuiTableCell-root MuiTableCell-alignLeft MuiTableCell-body"
                  scope="row"
                >
                  <a
                    className="MuiTypography-root MuiLink-root MuiLink-underlineHover MuiTypography-colorPrimary"
                    href="https://jestjs.io/"
                    onBlur={[Function]}
                    onFocus={[Function]}
                  >
                    <h6
                      className="MuiTypography-root MuiTypography-h6 MuiTypography-colorTextPrimary"
                    >
                      Jest
                    </h6>
                  </a>
                </th>
                <td
                  aria-sort={null}
                  className="MuiTableCell-root MuiTableCell-alignCenter MuiTableCell-body"
                >
                  <img
                    alt="express"
                    className="BuiltWithTable-logoDefault-111"
                    src={
                      Object {
                        "process": [Function],
                      }
                    }
                  />
                </td>
                <td
                  aria-sort={null}
                  className="MuiTableCell-root MuiTableCell-alignRight MuiTableCell-body"
                >
                  <h6
                    className="MuiTypography-root MuiTypography-subtitle2"
                  >
                    UI testing
                  </h6>
                </td>
              </tr>
              <tr
                className="MuiTableRow-root"
              >
                <th
                  aria-sort={null}
                  className="MuiTableCell-root MuiTableCell-alignLeft MuiTableCell-body"
                  scope="row"
                >
                  <a
                    className="MuiTypography-root MuiLink-root MuiLink-underlineHover MuiTypography-colorPrimary"
                    href="https://material-ui.com/"
                    onBlur={[Function]}
                    onFocus={[Function]}
                  >
                    <h6
                      className="MuiTypography-root MuiTypography-h6 MuiTypography-colorTextPrimary"
                    >
                      Material-UI
                    </h6>
                  </a>
                </th>
                <td
                  aria-sort={null}
                  className="MuiTableCell-root MuiTableCell-alignCenter MuiTableCell-body"
                >
                  <img
                    alt="express"
                    className="BuiltWithTable-logoDefault-111"
                    src={
                      Object {
                        "process": [Function],
                      }
                    }
                  />
                </td>
                <td
                  aria-sort={null}
                  className="MuiTableCell-root MuiTableCell-alignRight MuiTableCell-body"
                >
                  <h6
                    className="MuiTypography-root MuiTypography-subtitle2"
                  >
                    UI framework
                  </h6>
                </td>
              </tr>
              <tr
                className="MuiTableRow-root"
              >
                <th
                  aria-sort={null}
                  className="MuiTableCell-root MuiTableCell-alignLeft MuiTableCell-body"
                  scope="row"
                >
                  <a
                    className="MuiTypography-root MuiLink-root MuiLink-underlineHover MuiTypography-colorPrimary"
                    href="https://www.nginx.com/"
                    onBlur={[Function]}
                    onFocus={[Function]}
                  >
                    <h6
                      className="MuiTypography-root MuiTypography-h6 MuiTypography-colorTextPrimary"
                    >
                      Nginx
                    </h6>
                  </a>
                </th>
                <td
                  aria-sort={null}
                  className="MuiTableCell-root MuiTableCell-alignCenter MuiTableCell-body"
                >
                  <img
                    alt="express"
                    className="BuiltWithTable-logoDefault-111"
                    src={
                      Object {
                        "process": [Function],
                      }
                    }
                  />
                </td>
                <td
                  aria-sort={null}
                  className="MuiTableCell-root MuiTableCell-alignRight MuiTableCell-body"
                >
                  <h6
                    className="MuiTypography-root MuiTypography-subtitle2"
                  >
                    web server
                  </h6>
                </td>
              </tr>
              <tr
                className="MuiTableRow-root"
              >
                <th
                  aria-sort={null}
                  className="MuiTableCell-root MuiTableCell-alignLeft MuiTableCell-body"
                  scope="row"
                >
                  <a
                    className="MuiTypography-root MuiLink-root MuiLink-underlineHover MuiTypography-colorPrimary"
                    href="https://nodejs.org/"
                    onBlur={[Function]}
                    onFocus={[Function]}
                  >
                    <h6
                      className="MuiTypography-root MuiTypography-h6 MuiTypography-colorTextPrimary"
                    >
                      NodeJS
                    </h6>
                  </a>
                </th>
                <td
                  aria-sort={null}
                  className="MuiTableCell-root MuiTableCell-alignCenter MuiTableCell-body"
                >
                  <img
                    alt="express"
                    className="BuiltWithTable-logoDefault-111"
                    src={
                      Object {
                        "process": [Function],
                      }
                    }
                  />
                </td>
                <td
                  aria-sort={null}
                  className="MuiTableCell-root MuiTableCell-alignRight MuiTableCell-body"
                >
                  <h6
                    className="MuiTypography-root MuiTypography-subtitle2"
                  >
                    server environment
                  </h6>
                </td>
              </tr>
              <tr
                className="MuiTableRow-root"
              >
                <th
                  aria-sort={null}
                  className="MuiTableCell-root MuiTableCell-alignLeft MuiTableCell-body"
                  scope="row"
                >
                  <a
                    className="MuiTypography-root MuiLink-root MuiLink-underlineHover MuiTypography-colorPrimary"
                    href="https://reactjs.org/"
                    onBlur={[Function]}
                    onFocus={[Function]}
                  >
                    <h6
                      className="MuiTypography-root MuiTypography-h6 MuiTypography-colorTextPrimary"
                    >
                      React
                    </h6>
                  </a>
                </th>
                <td
                  aria-sort={null}
                  className="MuiTableCell-root MuiTableCell-alignCenter MuiTableCell-body"
                >
                  <img
                    alt="express"
                    className="BuiltWithTable-logoDefault-111"
                    src={
                      Object {
                        "process": [Function],
                      }
                    }
                  />
                </td>
                <td
                  aria-sort={null}
                  className="MuiTableCell-root MuiTableCell-alignRight MuiTableCell-body"
                >
                  <h6
                    className="MuiTypography-root MuiTypography-subtitle2"
                  >
                    frontend framework
                  </h6>
                </td>
              </tr>
              <tr
                className="MuiTableRow-root"
              >
                <th
                  aria-sort={null}
                  className="MuiTableCell-root MuiTableCell-alignLeft MuiTableCell-body"
                  scope="row"
                >
                  <a
                    className="MuiTypography-root MuiLink-root MuiLink-underlineHover MuiTypography-colorPrimary"
                    href="https://travis-ci.org/"
                    onBlur={[Function]}
                    onFocus={[Function]}
                  >
                    <h6
                      className="MuiTypography-root MuiTypography-h6 MuiTypography-colorTextPrimary"
                    >
                      TravisCI
                    </h6>
                  </a>
                </th>
                <td
                  aria-sort={null}
                  className="MuiTableCell-root MuiTableCell-alignCenter MuiTableCell-body"
                >
                  <img
                    alt="express"
                    className="BuiltWithTable-logoDefault-111"
                    src={
                      Object {
                        "process": [Function],
                      }
                    }
                  />
                </td>
                <td
                  aria-sort={null}
                  className="MuiTableCell-root MuiTableCell-alignRight MuiTableCell-body"
                >
                  <h6
                    className="MuiTypography-root MuiTypography-subtitle2"
                  >
                    continuous integration
                  </h6>
                </td>
              </tr>
              <tr
                className="MuiTableRow-root"
              >
                <th
                  aria-sort={null}
                  className="MuiTableCell-root MuiTableCell-alignLeft MuiTableCell-body"
                  scope="row"
                >
                  <a
                    className="MuiTypography-root MuiLink-root MuiLink-underlineHover MuiTypography-colorPrimary"
                    href="https://trello.com/"
                    onBlur={[Function]}
                    onFocus={[Function]}
                  >
                    <h6
                      className="MuiTypography-root MuiTypography-h6 MuiTypography-colorTextPrimary"
                    >
                      Trello
                    </h6>
                  </a>
                </th>
                <td
                  aria-sort={null}
                  className="MuiTableCell-root MuiTableCell-alignCenter MuiTableCell-body"
                >
                  <img
                    alt="express"
                    className="BuiltWithTable-logoDefault-111"
                    src={
                      Object {
                        "process": [Function],
                      }
                    }
                  />
                </td>
                <td
                  aria-sort={null}
                  className="MuiTableCell-root MuiTableCell-alignRight MuiTableCell-body"
                >
                  <h6
                    className="MuiTypography-root MuiTypography-subtitle2"
                  >
                    project management
                  </h6>
                </td>
              </tr>
            </tbody>
          </table>
        </div>
      </div>
    </div>
  </div>
</div>
`;
