// Jest Snapshot v1, https://goo.gl/fbAQLP

exports[`Home matches snapshot 1`] = `
<div>
  <h6
    className="MuiTypography-root Home-title-1 MuiTypography-h6"
  >
    Incoming
     
    <a
      className="MuiTypography-root MuiLink-root MuiLink-underlineHover MuiTypography-colorTextSecondary"
      href="https://amazon.jobs/en/job_categories/software-development"
      onBlur={[Function]}
      onFocus={[Function]}
    >
      <i>
        Software Development Engineer
      </i>
    </a>
     
    at
     
    <a
      className="MuiTypography-root MuiLink-root MuiLink-underlineHover Home-amazon-3 MuiTypography-colorSecondary"
      href="https://www.amazon.com/"
      onBlur={[Function]}
      onFocus={[Function]}
    >
      <i>
        Amazon
      </i>
    </a>
     
    · Senior
     
    <a
      className="MuiTypography-root MuiLink-root MuiLink-underlineHover Home-compSci-8 MuiTypography-colorTextSecondary"
      href="https://majors.engin.umich.edu/program/computer-science/"
      onBlur={[Function]}
      onFocus={[Function]}
    >
      <i>
        Computer Science in Engineering
      </i>
    </a>
     
    student at the
     
    <a
      className="MuiTypography-root MuiLink-root MuiLink-underlineHover Home-michigan-4 MuiTypography-colorPrimary"
      href="https://umich.edu/"
      onBlur={[Function]}
      onFocus={[Function]}
    >
      <i>
        University of Michigan
      </i>
    </a>
     
    · Minor in
     
    <a
      className="MuiTypography-root MuiLink-root MuiLink-underlineHover Home-entrepreneurship-9 MuiTypography-colorTextSecondary"
      href="https://innovateblue.umich.edu/academics/minor-in-entrepreneurship/"
      onBlur={[Function]}
      onFocus={[Function]}
    >
      <i>
        Entrepreneurship
      </i>
    </a>
     
    · Focus on
     
    <a
      className="MuiTypography-root MuiLink-root MuiLink-underlineHover Home-web-6 MuiTypography-colorPrimary"
      href="https://en.wikipedia.org/wiki/Web_development"
      onBlur={[Function]}
      onFocus={[Function]}
    >
      <i>
        Web
      </i>
    </a>
     
    &
     
    <a
      className="MuiTypography-root MuiLink-root MuiLink-underlineHover Home-android-7 MuiTypography-colorPrimary"
      href="https://developer.android.com/"
      onBlur={[Function]}
      onFocus={[Function]}
    >
      <i>
        Android
      </i>
    </a>
     
    development
  </h6>
  <div
    className="MuiPaper-root MuiCard-root card MuiPaper-elevation8 MuiPaper-rounded"
  >
    <div
      className="MuiCardContent-root PhotoFeedCard-cardContent-46"
    >
      <ul
        className="MuiGridList-root PhotoFeedCard-photoGrid-47"
        style={
          Object {
            "margin": -2,
          }
        }
      >
        <li
          className="MuiGridListTile-root PhotoFeedCard-photoGridTile-48"
          style={
            Object {
              "height": "auto",
              "padding": 2,
              "width": "76.92307692307692%",
            }
          }
        >
          <div
            className="MuiGridListTile-tile"
          >
            <blockquote
              className="instagram-media"
              data-instgrm-version={7}
              style={
                Object {
                  "background": "#FFF",
                  "border": 0,
                  "borderRadius": "3px",
                  "boxShadow": "0 0 1px 0 rgba(0,0,0,0.5),0 1px 10px 0 rgba(0,0,0,0.15)",
                  "margin": "1px",
                  "maxWidth": "670px",
                  "padding": 0,
                  "width": "calc(100% - 2px)",
                }
              }
            >
              <div
                style={
                  Object {
                    "padding": "8px",
                  }
                }
              >
                <div
                  style={
                    Object {
                      "background": "#F8F8F8",
                      "lineHeight": 0,
                      "marginTop": "40px",
                      "padding": "28.2638888889% 0",
                      "textAlign": "center",
                      "width": "100%",
                    }
                  }
                >
                  <div
                    style={
                      Object {
                        "background": "url(data:image/png",
                        "display": "block",
                        "height": "44px",
                        "margin": "0 auto -44px",
                        "position": "relative",
                        "top": "-22px",
                        "width": "44px",
                      }
                    }
                  />
                </div>
                <p
                  style={
                    Object {
                      "color": "#c9c8cd",
                      "fontFamily": "Arial,sans-serif",
                      "fontSize": "14px",
                      "lineHeight": "17px",
                      "marginBottom": 0,
                      "marginTop": "8px",
                      "overflow": "hidden",
                      "padding": "8px 0 7px",
                      "textAlign": "center",
                      "textOverflow": "ellipsis",
                      "whiteSpace": "nowrap",
                    }
                  }
                >
                  <a
                    href="https://www.instagram.com/p/B_yokGTgNUK/"
                    loading="lazy"
                    rel="noopener noreferrer"
                    style={
                      Object {
                        "color": "#c9c8cd",
                        "fontFamily": "Arial,sans-serif",
                        "fontSize": "14px",
                        "fontStyle": "normal",
                        "fontWeight": "normal",
                        "lineHeight": "17px",
                        "textDecoration": "none",
                      }
                    }
                    target="_blank"
                  >
                    Mark Fonte (@mark_fonte21)
                  </a>
                  <time
                    dateTime="2020-05-05T20:53:11+00:00"
                    style={
                      Object {
                        "fontFamily": "Arial,sans-serif",
                        "fontSize": "14px",
                        "lineHeight": "17px",
                      }
                    }
                  />
                </p>
              </div>
            </blockquote>
          </div>
        </li>
        <li
          className="MuiGridListTile-root PhotoFeedCard-photoGridTile-48"
          style={
            Object {
              "height": "auto",
              "padding": 2,
              "width": "76.92307692307692%",
            }
          }
        >
          <div
            className="MuiGridListTile-tile"
          >
            <blockquote
              className="instagram-media"
              data-instgrm-version={7}
              style={
                Object {
                  "background": "#FFF",
                  "border": 0,
                  "borderRadius": "3px",
                  "boxShadow": "0 0 1px 0 rgba(0,0,0,0.5),0 1px 10px 0 rgba(0,0,0,0.15)",
                  "margin": "1px",
                  "maxWidth": "670px",
                  "padding": 0,
                  "width": "calc(100% - 2px)",
                }
              }
            >
              <div
                style={
                  Object {
                    "padding": "8px",
                  }
                }
              >
                <div
                  style={
                    Object {
                      "background": "#F8F8F8",
                      "lineHeight": 0,
                      "marginTop": "40px",
                      "padding": "28.2638888889% 0",
                      "textAlign": "center",
                      "width": "100%",
                    }
                  }
                >
                  <div
                    style={
                      Object {
                        "background": "url(data:image/png",
                        "display": "block",
                        "height": "44px",
                        "margin": "0 auto -44px",
                        "position": "relative",
                        "top": "-22px",
                        "width": "44px",
                      }
                    }
                  />
                </div>
                <p
                  style={
                    Object {
                      "color": "#c9c8cd",
                      "fontFamily": "Arial,sans-serif",
                      "fontSize": "14px",
                      "lineHeight": "17px",
                      "marginBottom": 0,
                      "marginTop": "8px",
                      "overflow": "hidden",
                      "padding": "8px 0 7px",
                      "textAlign": "center",
                      "textOverflow": "ellipsis",
                      "whiteSpace": "nowrap",
                    }
                  }
                >
                  <a
                    href="https://www.instagram.com/p/B9K_P5AAQp6/"
                    loading="lazy"
                    rel="noopener noreferrer"
                    style={
                      Object {
                        "color": "#c9c8cd",
                        "fontFamily": "Arial,sans-serif",
                        "fontSize": "14px",
                        "fontStyle": "normal",
                        "fontWeight": "normal",
                        "lineHeight": "17px",
                        "textDecoration": "none",
                      }
                    }
                    target="_blank"
                  >
                    Mark Fonte (@mark_fonte21)
                  </a>
                  <time
                    dateTime="2020-05-05T20:53:11+00:00"
                    style={
                      Object {
                        "fontFamily": "Arial,sans-serif",
                        "fontSize": "14px",
                        "lineHeight": "17px",
                      }
                    }
                  />
                </p>
              </div>
            </blockquote>
          </div>
        </li>
        <li
          className="MuiGridListTile-root PhotoFeedCard-photoGridTile-48"
          style={
            Object {
              "height": "auto",
              "padding": 2,
              "width": "76.92307692307692%",
            }
          }
        >
          <div
            className="MuiGridListTile-tile"
          >
            <blockquote
              className="instagram-media"
              data-instgrm-version={7}
              style={
                Object {
                  "background": "#FFF",
                  "border": 0,
                  "borderRadius": "3px",
                  "boxShadow": "0 0 1px 0 rgba(0,0,0,0.5),0 1px 10px 0 rgba(0,0,0,0.15)",
                  "margin": "1px",
                  "maxWidth": "670px",
                  "padding": 0,
                  "width": "calc(100% - 2px)",
                }
              }
            >
              <div
                style={
                  Object {
                    "padding": "8px",
                  }
                }
              >
                <div
                  style={
                    Object {
                      "background": "#F8F8F8",
                      "lineHeight": 0,
                      "marginTop": "40px",
                      "padding": "28.2638888889% 0",
                      "textAlign": "center",
                      "width": "100%",
                    }
                  }
                >
                  <div
                    style={
                      Object {
                        "background": "url(data:image/png",
                        "display": "block",
                        "height": "44px",
                        "margin": "0 auto -44px",
                        "position": "relative",
                        "top": "-22px",
                        "width": "44px",
                      }
                    }
                  />
                </div>
                <p
                  style={
                    Object {
                      "color": "#c9c8cd",
                      "fontFamily": "Arial,sans-serif",
                      "fontSize": "14px",
                      "lineHeight": "17px",
                      "marginBottom": 0,
                      "marginTop": "8px",
                      "overflow": "hidden",
                      "padding": "8px 0 7px",
                      "textAlign": "center",
                      "textOverflow": "ellipsis",
                      "whiteSpace": "nowrap",
                    }
                  }
                >
                  <a
                    href="https://www.instagram.com/p/B6RFvKXA69I/"
                    loading="lazy"
                    rel="noopener noreferrer"
                    style={
                      Object {
                        "color": "#c9c8cd",
                        "fontFamily": "Arial,sans-serif",
                        "fontSize": "14px",
                        "fontStyle": "normal",
                        "fontWeight": "normal",
                        "lineHeight": "17px",
                        "textDecoration": "none",
                      }
                    }
                    target="_blank"
                  >
                    Mark Fonte (@mark_fonte21)
                  </a>
                  <time
                    dateTime="2020-05-05T20:53:11+00:00"
                    style={
                      Object {
                        "fontFamily": "Arial,sans-serif",
                        "fontSize": "14px",
                        "lineHeight": "17px",
                      }
                    }
                  />
                </p>
              </div>
            </blockquote>
          </div>
        </li>
        <li
          className="MuiGridListTile-root PhotoFeedCard-photoGridTile-48"
          style={
            Object {
              "height": "auto",
              "padding": 2,
              "width": "76.92307692307692%",
            }
          }
        >
          <div
            className="MuiGridListTile-tile"
          >
            <blockquote
              className="instagram-media"
              data-instgrm-version={7}
              style={
                Object {
                  "background": "#FFF",
                  "border": 0,
                  "borderRadius": "3px",
                  "boxShadow": "0 0 1px 0 rgba(0,0,0,0.5),0 1px 10px 0 rgba(0,0,0,0.15)",
                  "margin": "1px",
                  "maxWidth": "670px",
                  "padding": 0,
                  "width": "calc(100% - 2px)",
                }
              }
            >
              <div
                style={
                  Object {
                    "padding": "8px",
                  }
                }
              >
                <div
                  style={
                    Object {
                      "background": "#F8F8F8",
                      "lineHeight": 0,
                      "marginTop": "40px",
                      "padding": "28.2638888889% 0",
                      "textAlign": "center",
                      "width": "100%",
                    }
                  }
                >
                  <div
                    style={
                      Object {
                        "background": "url(data:image/png",
                        "display": "block",
                        "height": "44px",
                        "margin": "0 auto -44px",
                        "position": "relative",
                        "top": "-22px",
                        "width": "44px",
                      }
                    }
                  />
                </div>
                <p
                  style={
                    Object {
                      "color": "#c9c8cd",
                      "fontFamily": "Arial,sans-serif",
                      "fontSize": "14px",
                      "lineHeight": "17px",
                      "marginBottom": 0,
                      "marginTop": "8px",
                      "overflow": "hidden",
                      "padding": "8px 0 7px",
                      "textAlign": "center",
                      "textOverflow": "ellipsis",
                      "whiteSpace": "nowrap",
                    }
                  }
                >
                  <a
                    href="https://www.instagram.com/p/Bz1m6oGgh4j/"
                    loading="lazy"
                    rel="noopener noreferrer"
                    style={
                      Object {
                        "color": "#c9c8cd",
                        "fontFamily": "Arial,sans-serif",
                        "fontSize": "14px",
                        "fontStyle": "normal",
                        "fontWeight": "normal",
                        "lineHeight": "17px",
                        "textDecoration": "none",
                      }
                    }
                    target="_blank"
                  >
                    Mark Fonte (@mark_fonte21)
                  </a>
                  <time
                    dateTime="2020-05-05T20:53:11+00:00"
                    style={
                      Object {
                        "fontFamily": "Arial,sans-serif",
                        "fontSize": "14px",
                        "lineHeight": "17px",
                      }
                    }
                  />
                </p>
              </div>
            </blockquote>
          </div>
        </li>
        <li
          className="MuiGridListTile-root PhotoFeedCard-photoGridTile-48"
          style={
            Object {
              "height": "auto",
              "padding": 2,
              "width": "76.92307692307692%",
            }
          }
        >
          <div
            className="MuiGridListTile-tile"
          >
            <blockquote
              className="instagram-media"
              data-instgrm-version={7}
              style={
                Object {
                  "background": "#FFF",
                  "border": 0,
                  "borderRadius": "3px",
                  "boxShadow": "0 0 1px 0 rgba(0,0,0,0.5),0 1px 10px 0 rgba(0,0,0,0.15)",
                  "margin": "1px",
                  "maxWidth": "670px",
                  "padding": 0,
                  "width": "calc(100% - 2px)",
                }
              }
            >
              <div
                style={
                  Object {
                    "padding": "8px",
                  }
                }
              >
                <div
                  style={
                    Object {
                      "background": "#F8F8F8",
                      "lineHeight": 0,
                      "marginTop": "40px",
                      "padding": "28.2638888889% 0",
                      "textAlign": "center",
                      "width": "100%",
                    }
                  }
                >
                  <div
                    style={
                      Object {
                        "background": "url(data:image/png",
                        "display": "block",
                        "height": "44px",
                        "margin": "0 auto -44px",
                        "position": "relative",
                        "top": "-22px",
                        "width": "44px",
                      }
                    }
                  />
                </div>
                <p
                  style={
                    Object {
                      "color": "#c9c8cd",
                      "fontFamily": "Arial,sans-serif",
                      "fontSize": "14px",
                      "lineHeight": "17px",
                      "marginBottom": 0,
                      "marginTop": "8px",
                      "overflow": "hidden",
                      "padding": "8px 0 7px",
                      "textAlign": "center",
                      "textOverflow": "ellipsis",
                      "whiteSpace": "nowrap",
                    }
                  }
                >
                  <a
                    href="https://www.instagram.com/p/BZ-SbmLBhhk/"
                    loading="lazy"
                    rel="noopener noreferrer"
                    style={
                      Object {
                        "color": "#c9c8cd",
                        "fontFamily": "Arial,sans-serif",
                        "fontSize": "14px",
                        "fontStyle": "normal",
                        "fontWeight": "normal",
                        "lineHeight": "17px",
                        "textDecoration": "none",
                      }
                    }
                    target="_blank"
                  >
                    Mark Fonte (@mark_fonte21)
                  </a>
                  <time
                    dateTime="2020-05-05T20:53:11+00:00"
                    style={
                      Object {
                        "fontFamily": "Arial,sans-serif",
                        "fontSize": "14px",
                        "lineHeight": "17px",
                      }
                    }
                  />
                </p>
              </div>
            </blockquote>
          </div>
        </li>
      </ul>
      <span
        className="MuiTypography-root PhotoFeedCard-scrollTip-49 MuiTypography-caption MuiTypography-colorTextSecondary"
      >
        Scroll horizontally to view all photos!
      </span>
    </div>
  </div>
  <div>
    <div
      className="MuiPaper-root MuiCard-root card MuiPaper-elevation8 MuiPaper-rounded"
    >
      <div
        className="MuiCardHeader-root"
      >
        <div
          className="MuiCardHeader-content"
        >
          <span
            className="MuiTypography-root MuiCardHeader-title MuiTypography-h5 MuiTypography-displayBlock"
          >
            Built With:
          </span>
        </div>
      </div>
      <div
        className="MuiCardContent-root"
      >
        <div
          className="BuiltWithTable-builtWithTableWrapper-86"
        >
          <table
            className="MuiTable-root BuiltWithTable-builtWithTable-87"
            role={null}
          >
            <tbody
              className="MuiTableBody-root"
              role={null}
            >
              <tr
                className="MuiTableRow-root"
                role={null}
              >
                <th
                  aria-sort={null}
                  className="MuiTableCell-root MuiTableCell-body MuiTableCell-alignLeft"
                  role="cell"
                  scope="row"
                >
                  <a
                    className="MuiTypography-root MuiLink-root MuiLink-underlineHover MuiTypography-colorPrimary"
                    href="https://www.digitalocean.com/"
                    onBlur={[Function]}
                    onFocus={[Function]}
                  >
                    <h6
                      className="MuiTypography-root MuiTypography-h6 MuiTypography-colorTextPrimary"
                    >
                      DigitalOcean
                    </h6>
                  </a>
                </th>
                <td
                  aria-sort={null}
                  className="MuiTableCell-root MuiTableCell-body MuiTableCell-alignCenter"
                >
                  <img
                    alt="express"
                    className="BuiltWithTable-logoDefault-85"
                    src={
                      Object {
                        "process": [Function],
                      }
                    }
                  />
                </td>
                <td
                  aria-sort={null}
                  className="MuiTableCell-root MuiTableCell-body MuiTableCell-alignRight"
                >
                  <h6
                    className="MuiTypography-root MuiTypography-subtitle2"
                  >
                    cloud provider
                  </h6>
                </td>
              </tr>
              <tr
                className="MuiTableRow-root"
                role={null}
              >
                <th
                  aria-sort={null}
                  className="MuiTableCell-root MuiTableCell-body MuiTableCell-alignLeft"
                  role="cell"
                  scope="row"
                >
                  <a
                    className="MuiTypography-root MuiLink-root MuiLink-underlineHover MuiTypography-colorPrimary"
                    href="https://expressjs.com/"
                    onBlur={[Function]}
                    onFocus={[Function]}
                  >
                    <h6
                      className="MuiTypography-root MuiTypography-h6 MuiTypography-colorTextPrimary"
                    >
                      Express
                    </h6>
                  </a>
                </th>
                <td
                  aria-sort={null}
                  className="MuiTableCell-root MuiTableCell-body MuiTableCell-alignCenter"
                >
                  <img
                    alt="express"
                    className="BuiltWithTable-logoDefault-85"
                    src={
                      Object {
                        "process": [Function],
                      }
                    }
                  />
                </td>
                <td
                  aria-sort={null}
                  className="MuiTableCell-root MuiTableCell-body MuiTableCell-alignRight"
                >
                  <h6
                    className="MuiTypography-root MuiTypography-subtitle2"
                  >
                    backend framework
                  </h6>
                </td>
              </tr>
              <tr
                className="MuiTableRow-root"
                role={null}
              >
                <th
                  aria-sort={null}
                  className="MuiTableCell-root MuiTableCell-body MuiTableCell-alignLeft"
                  role="cell"
                  scope="row"
                >
                  <a
                    className="MuiTypography-root MuiLink-root MuiLink-underlineHover MuiTypography-colorPrimary"
                    href="https://github.com/"
                    onBlur={[Function]}
                    onFocus={[Function]}
                  >
                    <h6
                      className="MuiTypography-root MuiTypography-h6 MuiTypography-colorTextPrimary"
                    >
                      GitHub
                    </h6>
                  </a>
                </th>
                <td
                  aria-sort={null}
                  className="MuiTableCell-root MuiTableCell-body MuiTableCell-alignCenter"
                >
                  <img
                    alt="express"
                    className="BuiltWithTable-logoDefault-85"
                    src={
                      Object {
                        "process": [Function],
                      }
                    }
                  />
                </td>
                <td
                  aria-sort={null}
                  className="MuiTableCell-root MuiTableCell-body MuiTableCell-alignRight"
                >
                  <h6
                    className="MuiTypography-root MuiTypography-subtitle2"
                  >
                    repository hosting
                  </h6>
                </td>
              </tr>
              <tr
                className="MuiTableRow-root"
                role={null}
              >
                <th
                  aria-sort={null}
                  className="MuiTableCell-root MuiTableCell-body MuiTableCell-alignLeft"
                  role="cell"
                  scope="row"
                >
                  <a
                    className="MuiTypography-root MuiLink-root MuiLink-underlineHover MuiTypography-colorPrimary"
                    href="https://jestjs.io/"
                    onBlur={[Function]}
                    onFocus={[Function]}
                  >
                    <h6
                      className="MuiTypography-root MuiTypography-h6 MuiTypography-colorTextPrimary"
                    >
                      Jest
                    </h6>
                  </a>
                </th>
                <td
                  aria-sort={null}
                  className="MuiTableCell-root MuiTableCell-body MuiTableCell-alignCenter"
                >
                  <img
                    alt="express"
                    className="BuiltWithTable-logoDefault-85"
                    src={
                      Object {
                        "process": [Function],
                      }
                    }
                  />
                </td>
                <td
                  aria-sort={null}
                  className="MuiTableCell-root MuiTableCell-body MuiTableCell-alignRight"
                >
                  <h6
                    className="MuiTypography-root MuiTypography-subtitle2"
                  >
                    UI testing
                  </h6>
                </td>
              </tr>
              <tr
                className="MuiTableRow-root"
                role={null}
              >
                <th
                  aria-sort={null}
                  className="MuiTableCell-root MuiTableCell-body MuiTableCell-alignLeft"
                  role="cell"
                  scope="row"
                >
                  <a
                    className="MuiTypography-root MuiLink-root MuiLink-underlineHover MuiTypography-colorPrimary"
                    href="https://material-ui.com/"
                    onBlur={[Function]}
                    onFocus={[Function]}
                  >
                    <h6
                      className="MuiTypography-root MuiTypography-h6 MuiTypography-colorTextPrimary"
                    >
                      Material-UI
                    </h6>
                  </a>
                </th>
                <td
                  aria-sort={null}
                  className="MuiTableCell-root MuiTableCell-body MuiTableCell-alignCenter"
                >
                  <img
                    alt="express"
                    className="BuiltWithTable-logoDefault-85"
                    src={
                      Object {
                        "process": [Function],
                      }
                    }
                  />
                </td>
                <td
                  aria-sort={null}
                  className="MuiTableCell-root MuiTableCell-body MuiTableCell-alignRight"
                >
                  <h6
                    className="MuiTypography-root MuiTypography-subtitle2"
                  >
                    UI framework
                  </h6>
                </td>
              </tr>
              <tr
                className="MuiTableRow-root"
                role={null}
              >
                <th
                  aria-sort={null}
                  className="MuiTableCell-root MuiTableCell-body MuiTableCell-alignLeft"
                  role="cell"
                  scope="row"
                >
                  <a
                    className="MuiTypography-root MuiLink-root MuiLink-underlineHover MuiTypography-colorPrimary"
                    href="https://www.nginx.com/"
                    onBlur={[Function]}
                    onFocus={[Function]}
                  >
                    <h6
                      className="MuiTypography-root MuiTypography-h6 MuiTypography-colorTextPrimary"
                    >
                      Nginx
                    </h6>
                  </a>
                </th>
                <td
                  aria-sort={null}
                  className="MuiTableCell-root MuiTableCell-body MuiTableCell-alignCenter"
                >
                  <img
                    alt="express"
                    className="BuiltWithTable-logoDefault-85"
                    src={
                      Object {
                        "process": [Function],
                      }
                    }
                  />
                </td>
                <td
                  aria-sort={null}
                  className="MuiTableCell-root MuiTableCell-body MuiTableCell-alignRight"
                >
                  <h6
                    className="MuiTypography-root MuiTypography-subtitle2"
                  >
                    web server
                  </h6>
                </td>
              </tr>
              <tr
                className="MuiTableRow-root"
                role={null}
              >
                <th
                  aria-sort={null}
                  className="MuiTableCell-root MuiTableCell-body MuiTableCell-alignLeft"
                  role="cell"
                  scope="row"
                >
                  <a
                    className="MuiTypography-root MuiLink-root MuiLink-underlineHover MuiTypography-colorPrimary"
                    href="https://nodejs.org/"
                    onBlur={[Function]}
                    onFocus={[Function]}
                  >
                    <h6
                      className="MuiTypography-root MuiTypography-h6 MuiTypography-colorTextPrimary"
                    >
                      NodeJS
                    </h6>
                  </a>
                </th>
                <td
                  aria-sort={null}
                  className="MuiTableCell-root MuiTableCell-body MuiTableCell-alignCenter"
                >
                  <img
                    alt="express"
                    className="BuiltWithTable-logoDefault-85"
                    src={
                      Object {
                        "process": [Function],
                      }
                    }
                  />
                </td>
                <td
                  aria-sort={null}
                  className="MuiTableCell-root MuiTableCell-body MuiTableCell-alignRight"
                >
                  <h6
                    className="MuiTypography-root MuiTypography-subtitle2"
                  >
                    server environment
                  </h6>
                </td>
              </tr>
              <tr
                className="MuiTableRow-root"
                role={null}
              >
                <th
                  aria-sort={null}
                  className="MuiTableCell-root MuiTableCell-body MuiTableCell-alignLeft"
                  role="cell"
                  scope="row"
                >
                  <a
                    className="MuiTypography-root MuiLink-root MuiLink-underlineHover MuiTypography-colorPrimary"
                    href="https://reactjs.org/"
                    onBlur={[Function]}
                    onFocus={[Function]}
                  >
                    <h6
                      className="MuiTypography-root MuiTypography-h6 MuiTypography-colorTextPrimary"
                    >
                      React
                    </h6>
                  </a>
                </th>
                <td
                  aria-sort={null}
                  className="MuiTableCell-root MuiTableCell-body MuiTableCell-alignCenter"
                >
                  <img
                    alt="express"
                    className="BuiltWithTable-logoDefault-85"
                    src={
                      Object {
                        "process": [Function],
                      }
                    }
                  />
                </td>
                <td
                  aria-sort={null}
                  className="MuiTableCell-root MuiTableCell-body MuiTableCell-alignRight"
                >
                  <h6
                    className="MuiTypography-root MuiTypography-subtitle2"
                  >
                    frontend framework
                  </h6>
                </td>
              </tr>
              <tr
                className="MuiTableRow-root"
                role={null}
              >
                <th
                  aria-sort={null}
                  className="MuiTableCell-root MuiTableCell-body MuiTableCell-alignLeft"
                  role="cell"
                  scope="row"
                >
                  <a
                    className="MuiTypography-root MuiLink-root MuiLink-underlineHover MuiTypography-colorPrimary"
                    href="https://travis-ci.org/"
                    onBlur={[Function]}
                    onFocus={[Function]}
                  >
                    <h6
                      className="MuiTypography-root MuiTypography-h6 MuiTypography-colorTextPrimary"
                    >
                      TravisCI
                    </h6>
                  </a>
                </th>
                <td
                  aria-sort={null}
                  className="MuiTableCell-root MuiTableCell-body MuiTableCell-alignCenter"
                >
                  <img
                    alt="express"
                    className="BuiltWithTable-logoDefault-85"
                    src={
                      Object {
                        "process": [Function],
                      }
                    }
                  />
                </td>
                <td
                  aria-sort={null}
                  className="MuiTableCell-root MuiTableCell-body MuiTableCell-alignRight"
                >
                  <h6
                    className="MuiTypography-root MuiTypography-subtitle2"
                  >
                    continuous integration
                  </h6>
                </td>
              </tr>
              <tr
                className="MuiTableRow-root"
                role={null}
              >
                <th
                  aria-sort={null}
                  className="MuiTableCell-root MuiTableCell-body MuiTableCell-alignLeft"
                  role="cell"
                  scope="row"
                >
                  <a
                    className="MuiTypography-root MuiLink-root MuiLink-underlineHover MuiTypography-colorPrimary"
                    href="https://trello.com/"
                    onBlur={[Function]}
                    onFocus={[Function]}
                  >
                    <h6
                      className="MuiTypography-root MuiTypography-h6 MuiTypography-colorTextPrimary"
                    >
                      Trello
                    </h6>
                  </a>
                </th>
                <td
                  aria-sort={null}
                  className="MuiTableCell-root MuiTableCell-body MuiTableCell-alignCenter"
                >
                  <img
                    alt="express"
                    className="BuiltWithTable-logoDefault-85"
                    src={
                      Object {
                        "process": [Function],
                      }
                    }
                  />
                </td>
                <td
                  aria-sort={null}
                  className="MuiTableCell-root MuiTableCell-body MuiTableCell-alignRight"
                >
                  <h6
                    className="MuiTypography-root MuiTypography-subtitle2"
                  >
                    project management
                  </h6>
                </td>
              </tr>
            </tbody>
          </table>
        </div>
        <span
          className="MuiTypography-root BuiltWithTable-scrollTip-88 MuiTypography-caption MuiTypography-colorTextSecondary"
        >
          This table scrolls horizontally on smaller-width devices!
        </span>
      </div>
    </div>
  </div>
</div>
`;
