// Jest Snapshot v1, https://goo.gl/fbAQLP

exports[`Projects matches snapshot 1`] = `
<div>
  <h6
    className="MuiTypography-root Projects-title-1 MuiTypography-h6"
  >
    My work experiences, internships, side projects and hackathon projects
  </h6>
  <div>
    <div
      className="MuiPaper-root MuiCard-root card MuiPaper-elevation8 MuiPaper-rounded"
    >
      <div
        className="MuiCardHeader-root"
      >
        <div
          className="MuiCardHeader-content"
        >
          <span
            className="MuiTypography-root MuiCardHeader-title MuiTypography-h5 MuiTypography-displayBlock"
          >
            Amazon
          </span>
          <span
            className="MuiTypography-root MuiCardHeader-subheader MuiTypography-body1 MuiTypography-colorTextSecondary MuiTypography-displayBlock"
          >
            Software Engineer
          </span>
        </div>
      </div>
      <img
        alt="Amazon logo"
        className="MuiCardMedia-root AmazonCard-amazonLogo-32 MuiCardMedia-media MuiCardMedia-img"
        src="/images/amazon_logo.svg"
        title="Amazon logo"
      />
      <div
        className="MuiCardContent-root"
      >
        <p
          className="MuiTypography-root MuiTypography-body1"
        >
          I will become a software engineer at
           
          <a
            className="MuiTypography-root MuiLink-root MuiLink-underlineHover MuiTypography-colorSecondary"
            href="https://www.amazon.com/"
            onBlur={[Function]}
            onFocus={[Function]}
          >
            Amazon
          </a>
           
          in Seattle later this year. I can't wait!
        </p>
      </div>
    </div>
  </div>
  <div>
    <div
      className="MuiPaper-root MuiCard-root card MuiPaper-elevation8 MuiPaper-rounded"
    >
      <div
        className="MuiCardHeader-root"
      >
        <div
          className="MuiCardHeader-content"
        >
          <span
            className="MuiTypography-root MuiCardHeader-title MuiTypography-h5 MuiTypography-displayBlock"
          >
            J.P. Morgan Chase
          </span>
          <span
            className="MuiTypography-root MuiCardHeader-subheader MuiTypography-body1 MuiTypography-colorTextSecondary MuiTypography-displayBlock"
          >
            Software Engineering Intern
          </span>
        </div>
      </div>
      <img
        alt="J.P. Morgan Chase logo"
        className="MuiCardMedia-root JPMorganCard-jpMorganLogo-78 MuiCardMedia-media MuiCardMedia-img"
        src="/images/jpmorgan_logo.svg"
        title="J.P. Morgan Chase logo"
      />
      <div
        className="MuiCardContent-root"
      >
        <h5
          className="MuiTypography-root MuiTypography-h5 MuiTypography-gutterBottom"
        >
          Summer 2019
        </h5>
        <p
          className="MuiTypography-root MuiTypography-body1"
        >
          I worked at
           
          <a
            className="MuiTypography-root MuiLink-root MuiLink-underlineHover MuiTypography-colorSecondary"
            href="https://www.jpmorganchase.com/"
            onBlur={[Function]}
            onFocus={[Function]}
          >
            J.P. Morgan Chase
          </a>
           
          throughout Summer 2019 on a mobile application for J.P. Morgan corporate cardholders (for example, Amazon employees who have been given a Chase credit card to use on business trips). The application, called
           
          <a
            className="MuiTypography-root MuiLink-root MuiLink-underlineHover MuiTypography-colorSecondary"
            href="https://m.jpmorgan.com/"
            onBlur={[Function]}
            onFocus={[Function]}
          >
            PaymentNet® Mobile
          </a>
          , is a mobile webview for these corporate clients to track their payment history, enter receipts, and perform other necessary cardholder functions. Built in
           
          <a
            className="MuiTypography-root MuiLink-root MuiLink-underlineHover MuiTypography-colorSecondary"
            href="https://reactjs.org/"
            onBlur={[Function]}
            onFocus={[Function]}
          >
            React
          </a>
           
          and
           
          <a
            className="MuiTypography-root MuiLink-root MuiLink-underlineHover MuiTypography-colorSecondary"
            href="https://spring.io/projects/spring-boot"
            onBlur={[Function]}
            onFocus={[Function]}
          >
            Java Spring Boot
          </a>
          , there was no 
          <i>
            native
          </i>
           mobile application for PaymentNet®, and they asked us to make a proof of concept for one using
           
          <a
            className="MuiTypography-root MuiLink-root MuiLink-underlineHover MuiTypography-colorSecondary"
            href="https://reactnative.dev/"
            onBlur={[Function]}
            onFocus={[Function]}
          >
            React Native
          </a>
          .
          <br />
          <br />
          After working in React Native for the first half of the summer, I moved my focus to refactoring and cleaning up the React webview. There was lots of legacy code, spaghetti code and a strong dependency on
           
          <a
            className="MuiTypography-root MuiLink-root MuiLink-underlineHover MuiTypography-colorSecondary"
            href="https://getbootstrap.com/"
            onBlur={[Function]}
            onFocus={[Function]}
          >
            Bootstrap
          </a>
           
          and
           
          <a
            className="MuiTypography-root MuiLink-root MuiLink-underlineHover MuiTypography-colorSecondary"
            href="https://jquery.com/"
            onBlur={[Function]}
            onFocus={[Function]}
          >
            JQuery
          </a>
           
          . Given my previous knowledge in React, I was able to refactor and reshape much of the codebase to remove the dependency on third party libraries like JQuery. I replaced legacy React components with an internal J.P. Morgan adaptation of the
           
          <a
            className="MuiTypography-root MuiLink-root MuiLink-underlineHover MuiTypography-colorSecondary"
            href="https://material-ui.com/"
            onBlur={[Function]}
            onFocus={[Function]}
          >
            Material-UI
          </a>
           
          library. These custom components were much more responsive, reusable and accessible. For example, I replaced Boostrap modal pop-ups throughout the application with J.P. Morgan-branded version of
           
          <a
            className="MuiTypography-root MuiLink-root MuiLink-underlineHover MuiTypography-colorSecondary"
            href="https://material-ui.com/components/dialogs/"
            onBlur={[Function]}
            onFocus={[Function]}
          >
            Material-UI Dialog
          </a>
           
          pop-ups.
          <br />
          <img
            alt="J.P. Morgan screenshot 1"
            className="JPMorganCard-mobileScreenshot-79"
            src={
              Object {
                "process": [Function],
              }
            }
            title="J.P. Morgan screenshot 1"
          />
          <br />
          Although this was not one of my most challenging technical experiences, I did learn a lot about work cultures where there are lots of manual steps surrounding development. I believe that learning how to navigate these types of situations while maintaining productivity is a crucial skill for me going forward. My main takeaways from J.P. Morgan were:
          <br />
          <br />
          - Adapting to and refactoring legacy code
          <br />
          - Navigating corporate red tape
          <br />
          - Extensive work with React and React Native
          <br />
          - Some awesome friends!
          <br />
        </p>
      </div>
    </div>
  </div>
  <div>
    <div
      className="MuiPaper-root MuiCard-root card MuiPaper-elevation8 MuiPaper-rounded"
    >
      <div
        className="MuiCardHeader-root"
      >
        <div
          className="MuiCardHeader-content"
        >
          <span
            className="MuiTypography-root MuiCardHeader-title MuiTypography-h5 MuiTypography-displayBlock"
          >
            Learning A-Z
          </span>
          <span
            className="MuiTypography-root MuiCardHeader-subheader MuiTypography-body1 MuiTypography-colorTextSecondary MuiTypography-displayBlock"
          >
            Software Engineering Intern
          </span>
        </div>
      </div>
      <img
        alt="Learning A-Z logo"
        className="MuiCardMedia-root LAZCard-lazLogo-80 MuiCardMedia-media MuiCardMedia-img"
        src="/images/laz_logo.svg"
        title="Learning A-Z logo"
      />
      <div
        className="MuiCardContent-root"
      >
        <p
          className="MuiTypography-root MuiTypography-body1"
        >
          I worked at
           
          <a
            className="MuiTypography-root MuiLink-root MuiLink-underlineHover MuiTypography-colorSecondary"
            href="https://www.learninga-z.com/"
            onBlur={[Function]}
            onFocus={[Function]}
          >
            Learning A-Z
          </a>
           
          in Summer 2017 and Summer 2018 on two separate projects. Learning A-Z is a educational software company for elementary school students, and both of my projects were features to serve the students. Each summer, outside of the main project I worked on a small project with the other interns and presented on a computer science-related research topic. I was fortunate enough to have two great mentors and had the opportunity work alongside some awesome coworkers and fellow interns!
        </p>
        <h5
          className="MuiTypography-root MuiTypography-h5 MuiTypography-gutterBottom"
        >
          <br />
          Summer 2018
        </h5>
        <p
          className="MuiTypography-root MuiTypography-body1 MuiTypography-gutterBottom"
        >
          In Summer 2018, I worked on the Android
           
          <a
            className="MuiTypography-root MuiLink-root MuiLink-underlineHover MuiTypography-colorSecondary"
            href="https://www.kidsa-z.com/main/ParentHome"
            onBlur={[Function]}
            onFocus={[Function]}
          >
            Parent Portal
          </a>
           
          project. The Parent Portal is a dashboard for each student's parents to view their child's activity on the
           
          <a
            className="MuiTypography-root MuiLink-root MuiLink-underlineHover MuiTypography-colorSecondary"
            href="https://www.kidsa-z.com/"
            onBlur={[Function]}
            onFocus={[Function]}
          >
            Kids A-Z
          </a>
           
          website. At the time, the Parent Portal only existed as a web app.
           
          <i>
            (fun fact: that was a project started by my brother John several years ago)
          </i>
          . My task was to bring that functionality to native mobile. I built an
           
          <a
            className="MuiTypography-root MuiLink-root MuiLink-underlineHover MuiTypography-colorSecondary"
            href="https://developer.android.com/"
            onBlur={[Function]}
            onFocus={[Function]}
          >
            Android
          </a>
           
          app using the same APIs as the web application. I built a separate application than the
           
          <a
            className="MuiTypography-root MuiLink-root MuiLink-underlineHover MuiTypography-colorSecondary"
            href="https://play.google.com/store/apps/details?id=com.learninga_z.onyourown"
            onBlur={[Function]}
            onFocus={[Function]}
          >
            existing Learning A-Z Android application
          </a>
           
          because I wanted parents to have a streamlined way of viewing their children's activity instead of adding another user segment to the existing application. Later, they merged my code into the existing Android application, which now has seperate logins for students, their parents, and their teachers.
          <br />
          <br />
          I built it using
           
          <a
            className="MuiTypography-root MuiLink-root MuiLink-underlineHover MuiTypography-colorSecondary"
            href="https://kotlinlang.org/"
            onBlur={[Function]}
            onFocus={[Function]}
          >
            Kotlin
          </a>
           
          (as opposed to
           
          <a
            className="MuiTypography-root MuiLink-root MuiLink-underlineHover MuiTypography-colorSecondary"
            href="https://www.java.com/en/"
            onBlur={[Function]}
            onFocus={[Function]}
          >
            Java
          </a>
          ), which had
           
          <a
            className="MuiTypography-root MuiLink-root MuiLink-underlineHover MuiTypography-colorSecondary"
            href="https://developer.android.com/kotlin"
            onBlur={[Function]}
            onFocus={[Function]}
          >
            just been officially adopted as an official language for Android
          </a>
           
          at the time. I found that Kotlin was much easier to write clean code with. It supports many
           
          <a
            className="MuiTypography-root MuiLink-root MuiLink-underlineHover MuiTypography-colorSecondary"
            href="https://kotlinlang.org/api/latest/jvm/stdlib/kotlin/-any/"
            onBlur={[Function]}
            onFocus={[Function]}
          >
            gradual typing concepts
          </a>
          , modern features like
           
          <a
            className="MuiTypography-root MuiLink-root MuiLink-underlineHover MuiTypography-colorSecondary"
            href="https://kotlinlang.org/docs/reference/lambdas.html"
            onBlur={[Function]}
            onFocus={[Function]}
          >
            lamda functions
          </a>
           
          and
           
          <a
            className="MuiTypography-root MuiLink-root MuiLink-underlineHover MuiTypography-colorSecondary"
            href="https://kotlinlang.org/docs/reference/null-safety.html"
            onBlur={[Function]}
            onFocus={[Function]}
          >
            nullable types/null safety
          </a>
          , and Android-specific features like the ability to
           
          <a
            className="MuiTypography-root MuiLink-root MuiLink-underlineHover MuiTypography-colorSecondary"
            href="https://developer.android.com/kotlin"
            onBlur={[Function]}
            onFocus={[Function]}
          >
            refer directly to XML objects
          </a>
          . Plus, it is
           
          <a
            className="MuiTypography-root MuiLink-root MuiLink-underlineHover MuiTypography-colorSecondary"
            href="https://developer.android.com/kotlin/interop"
            onBlur={[Function]}
            onFocus={[Function]}
          >
            interoperable with Java code
          </a>
           
          (meaning you can have part-Kotlin, part-Java projects)! I would, without question, recommend that any Android developer use Kotlin instead of Java for all of their projects.
          <br />
          <br />
          The project was picked up by a full-time developer and is
           
          <a
            className="MuiTypography-root MuiLink-root MuiLink-underlineHover MuiTypography-colorSecondary"
            href="https://play.google.com/store/apps/details?id=com.learninga_z.onyourown"
            onBlur={[Function]}
            onFocus={[Function]}
          >
            live in production
          </a>
          ! The following screenshots are from the production application:
        </p>
        <img
          alt="LAZ parent portal screenshot 1"
          className="LAZCard-mobileScreenshot-81"
          src={
            Object {
              "process": [Function],
            }
          }
          title="LAZ parent portal screenshot 1"
        />
        <img
          alt="LAZ parent portal screenshot 2"
          className="LAZCard-mobileScreenshot-81"
          src={
            Object {
              "process": [Function],
            }
          }
          title="LAZ parent portal screenshot 2"
        />
        <img
          alt="LAZ parent portal screenshot 3"
          className="LAZCard-mobileScreenshot-81"
          src={
            Object {
              "process": [Function],
            }
          }
          title="LAZ parent portal screenshot 3"
        />
        <h5
          className="MuiTypography-root MuiTypography-h5 MuiTypography-gutterBottom"
        >
          <br />
          Summer 2017
        </h5>
        <p
          className="MuiTypography-root MuiTypography-body1 MuiTypography-gutterBottom"
        >
          In Summer 2017, I worked on the
           
          <a
            className="MuiTypography-root MuiLink-root MuiLink-underlineHover MuiTypography-colorSecondary"
            href="https://www.learninga-z.com/site/breakroom/kidsaz-student-badges"
            onBlur={[Function]}
            onFocus={[Function]}
          >
            Student Badge Project
          </a>
          . This is an incentives program for the students in which they receive "badges" for achieving goals such as "Read at least one book a day for five straight days" or "Complete eight 100% quizzes in a row"
           
          <br />
          <br />
          This badge program was only an idea at the time that I took it on, so much of the work was in planning. I particularly learned a lot from the struggle with how to represent the badges in the database in a way that minimizes load, and where to hook in the code that could tell us when students earned badges while still minimizing the number of API calls. I am so thankful that I had great engineers around me that could fix and help me learn from my numerous mistakes throughout that summer. This project was my first formal experience writing server-side code in
           
          <a
            className="MuiTypography-root MuiLink-root MuiLink-underlineHover MuiTypography-colorSecondary"
            href="https://www.php.net/"
            onBlur={[Function]}
            onFocus={[Function]}
          >
            PHP
          </a>
           
          /
           
          <a
            className="MuiTypography-root MuiLink-root MuiLink-underlineHover MuiTypography-colorSecondary"
            href="https://www.mysql.com/"
            onBlur={[Function]}
            onFocus={[Function]}
          >
            MySQL
          </a>
           
          and client-side code in
           
          <a
            className="MuiTypography-root MuiLink-root MuiLink-underlineHover MuiTypography-colorSecondary"
            href="https://www.javascript.com/"
            onBlur={[Function]}
            onFocus={[Function]}
          >
            JavaScript
          </a>
           
          /
           
          <a
            className="MuiTypography-root MuiLink-root MuiLink-underlineHover MuiTypography-colorSecondary"
            href="https://developer.mozilla.org/en-US/docs/Web/HTML"
            onBlur={[Function]}
            onFocus={[Function]}
          >
            HTML
          </a>
           
          /
           
          <a
            className="MuiTypography-root MuiLink-root MuiLink-underlineHover MuiTypography-colorSecondary"
            href="https://developer.mozilla.org/en-US/docs/Web/CSS"
            onBlur={[Function]}
            onFocus={[Function]}
          >
            CSS
          </a>
          . I also partially integrated it into the
           
          <a
            className="MuiTypography-root MuiLink-root MuiLink-underlineHover MuiTypography-colorSecondary"
            href="https://play.google.com/store/apps/details?id=com.learninga_z.onyourown"
            onBlur={[Function]}
            onFocus={[Function]}
          >
            existing Kids A-Z Android application
          </a>
          .
          <br />
          <br />
          The project was picked up by full-time developers and is
           
          <a
            className="MuiTypography-root MuiLink-root MuiLink-underlineHover MuiTypography-colorSecondary"
            href="https://play.google.com/store/apps/details?id=com.learninga_z.onyourown"
            onBlur={[Function]}
            onFocus={[Function]}
          >
            live in production
          </a>
           
          today! The following screenshot is from the production site:
        </p>
        <img
          alt="LAZ badge screenshot"
          className="LAZCard-webScreenshot-82"
          src={
            Object {
              "process": [Function],
            }
          }
          title="LAZ badge screenshot"
        />
        <p
          className="MuiTypography-root MuiTypography-body1"
        >
          <br />
          As a final note, I met some of the best people I have ever known during my two summers at Learning A-Z. They are welcoming, encouraging, great engineers and just good people. I am very thankful for my time there. To anyone looking for a job in Ann Arbor, I would certainly recommend Learning A-Z. Feel free to contact me and I would be happy to give more details on what my experience was like working there!
        </p>
      </div>
    </div>
  </div>
  <div>
    <div
      className="MuiPaper-root MuiCard-root card MuiPaper-elevation8 MuiPaper-rounded"
    >
      <div
        className="MuiCardHeader-root"
      >
        <div
          className="MuiCardHeader-content"
        >
          <span
            className="MuiTypography-root MuiCardHeader-title MuiTypography-h5 MuiTypography-displayBlock"
          >
            University of Michigan
          </span>
          <span
            className="MuiTypography-root MuiCardHeader-subheader MuiTypography-body1 MuiTypography-colorTextSecondary MuiTypography-displayBlock"
          >
            Graduated May 2020 with a Bachelor's in Computer Science in Engineering and a minor in Entrepreneurship
          </span>
        </div>
      </div>
      <img
        alt="University of Michigan banner logo"
        className="MuiCardMedia-root CompletedCourseworkCard-universityOfMichiganLogo-83 MuiCardMedia-media MuiCardMedia-img"
        src="images/university_of_michigan_logo.svg"
        title="University of Michigan banner logo"
      />
      <div
        className="MuiCardContent-root"
      >
        <a
          className="MuiTypography-root MuiLink-root MuiLink-underlineHover MuiTypography-h5 MuiTypography-colorTextPrimary MuiTypography-gutterBottom"
          href="https://umich.edu/"
          onBlur={[Function]}
          onFocus={[Function]}
        >
          Completed coursework:
        </a>
        <h6
          className="MuiTypography-root MuiTypography-subtitle1"
        >
          <a
            className="MuiTypography-root MuiLink-root MuiLink-underlineHover MuiTypography-subtitle1 MuiTypography-colorTextPrimary MuiTypography-gutterBottom MuiTypography-displayBlock"
            href="https://art.ai.umich.edu/course/EECS%20482/"
            onBlur={[Function]}
            onFocus={[Function]}
          >
            <h6
              className="MuiTypography-root MuiTypography-h6 MuiTypography-colorSecondary MuiTypography-displayInline"
            >
              EECS 482
            </h6>
            :
            <p
              className="MuiTypography-root MuiTypography-body1 MuiTypography-colorTextSecondary MuiTypography-displayInline"
            >
              <i>
                 Introduction to Operating Systems
              </i>
            </p>
          </a>
          <a
            className="MuiTypography-root MuiLink-root MuiLink-underlineHover MuiTypography-subtitle1 MuiTypography-colorTextPrimary MuiTypography-gutterBottom MuiTypography-displayBlock"
            href="https://art.ai.umich.edu/course/EECS%20485/"
            onBlur={[Function]}
            onFocus={[Function]}
          >
            <h6
              className="MuiTypography-root MuiTypography-h6 MuiTypography-colorSecondary MuiTypography-displayInline"
            >
              EECS 485
            </h6>
            :
            <p
              className="MuiTypography-root MuiTypography-body1 MuiTypography-colorTextSecondary MuiTypography-displayInline"
            >
              <i>
                 Web Systems
              </i>
            </p>
          </a>
          <a
            className="MuiTypography-root MuiLink-root MuiLink-underlineHover MuiTypography-subtitle1 MuiTypography-colorTextPrimary MuiTypography-gutterBottom MuiTypography-displayBlock"
            href="https://atlas.ai.umich.edu/course/EECS%20490/"
            onBlur={[Function]}
            onFocus={[Function]}
          >
            <h6
              className="MuiTypography-root MuiTypography-h6 MuiTypography-colorSecondary MuiTypography-displayInline"
            >
              EECS 490
            </h6>
            :
            <p
              className="MuiTypography-root MuiTypography-body1 MuiTypography-colorTextSecondary MuiTypography-displayInline"
            >
              <i>
                 Programming Languages
              </i>
            </p>
          </a>
          <a
            className="MuiTypography-root MuiLink-root MuiLink-underlineHover MuiTypography-subtitle1 MuiTypography-colorTextPrimary MuiTypography-gutterBottom MuiTypography-displayBlock"
            href="https://atlas.ai.umich.edu/course/EECS%20493/"
            onBlur={[Function]}
            onFocus={[Function]}
          >
            <h6
              className="MuiTypography-root MuiTypography-h6 MuiTypography-colorSecondary MuiTypography-displayInline"
            >
              EECS 493
            </h6>
            :
            <p
              className="MuiTypography-root MuiTypography-body1 MuiTypography-colorTextSecondary MuiTypography-displayInline"
            >
              <i>
                 User Interface Development
              </i>
            </p>
          </a>
          <a
            className="MuiTypography-root MuiLink-root MuiLink-underlineHover MuiTypography-subtitle1 MuiTypography-colorTextPrimary MuiTypography-gutterBottom MuiTypography-displayBlock"
            href="https://art.ai.umich.edu/course/EECS%20441/"
            onBlur={[Function]}
            onFocus={[Function]}
          >
            <h6
              className="MuiTypography-root MuiTypography-h6 MuiTypography-colorSecondary MuiTypography-displayInline"
            >
              EECS 441
            </h6>
            :
            <p
              className="MuiTypography-root MuiTypography-body1 MuiTypography-colorTextSecondary MuiTypography-displayInline"
            >
              <i>
                 Mobile App Development for Entrepreneurs
              </i>
            </p>
          </a>
          <a
            className="MuiTypography-root MuiLink-root MuiLink-underlineHover MuiTypography-subtitle1 MuiTypography-colorTextPrimary MuiTypography-gutterBottom MuiTypography-displayBlock"
            href="https://art.ai.umich.edu/course/EECS%20481/"
            onBlur={[Function]}
            onFocus={[Function]}
          >
            <h6
              className="MuiTypography-root MuiTypography-h6 MuiTypography-colorSecondary MuiTypography-displayInline"
            >
              EECS 481
            </h6>
            :
            <p
              className="MuiTypography-root MuiTypography-body1 MuiTypography-colorTextSecondary MuiTypography-displayInline"
            >
              <i>
                 Software Engineering
              </i>
            </p>
          </a>
          <a
            className="MuiTypography-root MuiLink-root MuiLink-underlineHover MuiTypography-subtitle1 MuiTypography-colorTextPrimary MuiTypography-gutterBottom MuiTypography-displayBlock"
            href="https://art.ai.umich.edu/course/EECS%20388/"
            onBlur={[Function]}
            onFocus={[Function]}
          >
            <h6
              className="MuiTypography-root MuiTypography-h6 MuiTypography-colorSecondary MuiTypography-displayInline"
            >
              EECS 388
            </h6>
            :
            <p
              className="MuiTypography-root MuiTypography-body1 MuiTypography-colorTextSecondary MuiTypography-displayInline"
            >
              <i>
                 Introduction to Computer Security
              </i>
            </p>
          </a>
          <a
            className="MuiTypography-root MuiLink-root MuiLink-underlineHover MuiTypography-subtitle1 MuiTypography-colorTextPrimary MuiTypography-gutterBottom MuiTypography-displayBlock"
            href="https://art.ai.umich.edu/course/EECS%20376/"
            onBlur={[Function]}
            onFocus={[Function]}
          >
            <h6
              className="MuiTypography-root MuiTypography-h6 MuiTypography-colorSecondary MuiTypography-displayInline"
            >
              EECS 376
            </h6>
            :
            <p
              className="MuiTypography-root MuiTypography-body1 MuiTypography-colorTextSecondary MuiTypography-displayInline"
            >
              <i>
                 Foundations of Computer Science
              </i>
            </p>
          </a>
          <a
            className="MuiTypography-root MuiLink-root MuiLink-underlineHover MuiTypography-subtitle1 MuiTypography-colorTextPrimary MuiTypography-gutterBottom MuiTypography-displayBlock"
            href="https://art.ai.umich.edu/course/EECS%20370/"
            onBlur={[Function]}
            onFocus={[Function]}
          >
            <h6
              className="MuiTypography-root MuiTypography-h6 MuiTypography-colorSecondary MuiTypography-displayInline"
            >
              EECS 370
            </h6>
            :
            <p
              className="MuiTypography-root MuiTypography-body1 MuiTypography-colorTextSecondary MuiTypography-displayInline"
            >
              <i>
                 Introduction to Computer Organization
              </i>
            </p>
          </a>
          <a
            className="MuiTypography-root MuiLink-root MuiLink-underlineHover MuiTypography-subtitle1 MuiTypography-colorTextPrimary MuiTypography-gutterBottom MuiTypography-displayBlock"
            href="https://art.ai.umich.edu/course/EECS%20281/"
            onBlur={[Function]}
            onFocus={[Function]}
          >
            <h6
              className="MuiTypography-root MuiTypography-h6 MuiTypography-colorSecondary MuiTypography-displayInline"
            >
              EECS 281
            </h6>
            :
            <p
              className="MuiTypography-root MuiTypography-body1 MuiTypography-colorTextSecondary MuiTypography-displayInline"
            >
              <i>
                 Data Structures and Algorithms
              </i>
            </p>
          </a>
          <a
            className="MuiTypography-root MuiLink-root MuiLink-underlineHover MuiTypography-subtitle1 MuiTypography-colorTextPrimary MuiTypography-gutterBottom MuiTypography-displayBlock"
            href="https://art.ai.umich.edu/course/EECS%20280/"
            onBlur={[Function]}
            onFocus={[Function]}
          >
            <h6
              className="MuiTypography-root MuiTypography-h6 MuiTypography-colorSecondary MuiTypography-displayInline"
            >
              EECS 280
            </h6>
            :
            <p
              className="MuiTypography-root MuiTypography-body1 MuiTypography-colorTextSecondary MuiTypography-displayInline"
            >
              <i>
                 Programming and Introductory Data Structures
              </i>
            </p>
          </a>
          <a
            className="MuiTypography-root MuiLink-root MuiLink-underlineHover MuiTypography-subtitle1 MuiTypography-colorTextPrimary MuiTypography-gutterBottom MuiTypography-displayBlock"
            href="https://art.ai.umich.edu/course/EECS%20203/"
            onBlur={[Function]}
            onFocus={[Function]}
          >
            <h6
              className="MuiTypography-root MuiTypography-h6 MuiTypography-colorSecondary MuiTypography-displayInline"
            >
              EECS 203
            </h6>
            :
            <p
              className="MuiTypography-root MuiTypography-body1 MuiTypography-colorTextSecondary MuiTypography-displayInline"
            >
              <i>
                 Discrete Math
              </i>
            </p>
          </a>
          <a
            className="MuiTypography-root MuiLink-root MuiLink-underlineHover MuiTypography-subtitle1 MuiTypography-colorTextPrimary MuiTypography-gutterBottom MuiTypography-displayBlock"
            href="https://art.ai.umich.edu/course/EECS%20496/"
            onBlur={[Function]}
            onFocus={[Function]}
          >
            <h6
              className="MuiTypography-root MuiTypography-h6 MuiTypography-colorSecondary MuiTypography-displayInline"
            >
              EECS 496
            </h6>
            :
            <p
              className="MuiTypography-root MuiTypography-body1 MuiTypography-colorTextSecondary MuiTypography-displayInline"
            >
              <i>
                 Major Design Experience-Professionalism
              </i>
            </p>
          </a>
          <a
            className="MuiTypography-root MuiLink-root MuiLink-underlineHover MuiTypography-subtitle1 MuiTypography-colorTextPrimary MuiTypography-gutterBottom MuiTypography-displayBlock"
            href="https://art.ai.umich.edu/course/MATH%20214/"
            onBlur={[Function]}
            onFocus={[Function]}
          >
            <h6
              className="MuiTypography-root MuiTypography-h6 MuiTypography-colorSecondary MuiTypography-displayInline"
            >
              Math 214
            </h6>
            :
            <p
              className="MuiTypography-root MuiTypography-body1 MuiTypography-colorTextSecondary MuiTypography-displayInline"
            >
              <i>
                 Applied Linear Algebra
              </i>
            </p>
          </a>
          <a
            className="MuiTypography-root MuiLink-root MuiLink-underlineHover MuiTypography-subtitle1 MuiTypography-colorTextPrimary MuiTypography-gutterBottom MuiTypography-displayBlock"
            href="https://art.ai.umich.edu/course/MATH%20425/"
            onBlur={[Function]}
            onFocus={[Function]}
          >
            <h6
              className="MuiTypography-root MuiTypography-h6 MuiTypography-colorSecondary MuiTypography-displayInline"
            >
              Math 425
            </h6>
            :
            <p
              className="MuiTypography-root MuiTypography-body1 MuiTypography-colorTextSecondary MuiTypography-displayInline"
            >
              <i>
                 Introduction to Probability
              </i>
            </p>
          </a>
          <a
            className="MuiTypography-root MuiLink-root MuiLink-underlineHover MuiTypography-subtitle1 MuiTypography-colorTextPrimary MuiTypography-gutterBottom MuiTypography-displayBlock"
            href="https://art.ai.umich.edu/course/MATH%20215/"
            onBlur={[Function]}
            onFocus={[Function]}
          >
            <h6
              className="MuiTypography-root MuiTypography-h6 MuiTypography-colorSecondary MuiTypography-displayInline"
            >
              Math 215
            </h6>
            :
            <p
              className="MuiTypography-root MuiTypography-body1 MuiTypography-colorTextSecondary MuiTypography-displayInline"
            >
              <i>
                 Calculus III
              </i>
            </p>
          </a>
          <a
            className="MuiTypography-root MuiLink-root MuiLink-underlineHover MuiTypography-subtitle1 MuiTypography-colorTextPrimary MuiTypography-gutterBottom MuiTypography-displayBlock"
            href="https://art.ai.umich.edu/course/ENTR%20411/"
            onBlur={[Function]}
            onFocus={[Function]}
          >
            <h6
              className="MuiTypography-root MuiTypography-h6 MuiTypography-colorSecondary MuiTypography-displayInline"
            >
              Entrepreneurship 411
            </h6>
            :
            <p
              className="MuiTypography-root MuiTypography-body1 MuiTypography-colorTextSecondary MuiTypography-displayInline"
            >
              <i>
                 Entrepreneurship Practicum
              </i>
            </p>
          </a>
          <a
            className="MuiTypography-root MuiLink-root MuiLink-underlineHover MuiTypography-subtitle1 MuiTypography-colorTextPrimary MuiTypography-gutterBottom MuiTypography-displayBlock"
            href="https://art.ai.umich.edu/course/ALA%20256/"
            onBlur={[Function]}
            onFocus={[Function]}
          >
            <h6
              className="MuiTypography-root MuiTypography-h6 MuiTypography-colorSecondary MuiTypography-displayInline"
            >
              ALA 256
            </h6>
            :
            <p
              className="MuiTypography-root MuiTypography-body1 MuiTypography-colorTextSecondary MuiTypography-displayInline"
            >
              <i>
                 Innovator's Toolkit
              </i>
            </p>
          </a>
          <a
            className="MuiTypography-root MuiLink-root MuiLink-underlineHover MuiTypography-subtitle1 MuiTypography-colorTextPrimary MuiTypography-gutterBottom MuiTypography-displayBlock"
            href="https://art.ai.umich.edu/course/PHYSICS%20240/"
            onBlur={[Function]}
            onFocus={[Function]}
          >
            <h6
              className="MuiTypography-root MuiTypography-h6 MuiTypography-colorSecondary MuiTypography-displayInline"
            >
              Physics 240
            </h6>
            :
            <p
              className="MuiTypography-root MuiTypography-body1 MuiTypography-colorTextSecondary MuiTypography-displayInline"
            >
              <i>
                 Electricity and Magnetism
              </i>
            </p>
          </a>
          <a
            className="MuiTypography-root MuiLink-root MuiLink-underlineHover MuiTypography-subtitle1 MuiTypography-colorTextPrimary MuiTypography-gutterBottom MuiTypography-displayBlock"
            href="https://art.ai.umich.edu/course/PHYSICS%20140/"
            onBlur={[Function]}
            onFocus={[Function]}
          >
            <h6
              className="MuiTypography-root MuiTypography-h6 MuiTypography-colorSecondary MuiTypography-displayInline"
            >
              Physics 140
            </h6>
            :
            <p
              className="MuiTypography-root MuiTypography-body1 MuiTypography-colorTextSecondary MuiTypography-displayInline"
            >
              <i>
                 Mechanics
              </i>
            </p>
          </a>
          <a
            className="MuiTypography-root MuiLink-root MuiLink-underlineHover MuiTypography-subtitle1 MuiTypography-colorTextPrimary MuiTypography-gutterBottom MuiTypography-displayBlock"
            href="https://art.ai.umich.edu/course/ENGR%20100/"
            onBlur={[Function]}
            onFocus={[Function]}
          >
            <h6
              className="MuiTypography-root MuiTypography-h6 MuiTypography-colorSecondary MuiTypography-displayInline"
            >
              Engineering 100
            </h6>
            :
            <p
              className="MuiTypography-root MuiTypography-body1 MuiTypography-colorTextSecondary MuiTypography-displayInline"
            >
              <i>
                 Wireless Communication Design
              </i>
            </p>
          </a>
        </h6>
        <span
          className="MuiTypography-root MuiTypography-caption MuiTypography-colorTextSecondary MuiTypography-gutterBottom"
        >
          note: this is only the most relevant coursework, not an exhaustive list
        </span>
      </div>
    </div>
  </div>
  <div>
    <div
      className="MuiPaper-root MuiCard-root card MuiPaper-elevation8 MuiPaper-rounded"
    >
      <div
        className="MuiCardHeader-root"
      >
        <div
          className="MuiCardHeader-content"
        >
          <span
            className="MuiTypography-root MuiCardHeader-title MuiTypography-h5 MuiTypography-displayBlock"
          >
            MI Symptoms Project
          </span>
          <span
            className="MuiTypography-root MuiCardHeader-subheader MuiTypography-body1 MuiTypography-colorTextSecondary MuiTypography-displayBlock"
          >
            Testing Team Lead[object Object]                                               hell
          </span>
        </div>
      </div>
      <div
        className="MuiCardContent-root"
      >
        <p
          className="MuiTypography-root MuiTypography-body1 MuiTypography-paragraph"
        >
          I was asked to join this project, along with many others from the
           
          <a
            className="MuiTypography-root MuiLink-root MuiLink-underlineHover MuiTypography-colorSecondary"
            href="https://umich.edu/"
            onBlur={[Function]}
            onFocus={[Function]}
          >
            University of Michigan
          </a>
          , in response to the
           
          <a
            className="MuiTypography-root MuiLink-root MuiLink-underlineHover MuiTypography-colorSecondary"
            href="https://www.cdc.gov/coronavirus/2019-ncov/index.html"
            onBlur={[Function]}
            onFocus={[Function]}
          >
            COVID-19 pandemic
          </a>
          . This web application, known as
           
          <a
            className="MuiTypography-root MuiLink-root MuiLink-underlineHover MuiTypography-colorSecondary"
            href="https://misymptomapp.state.mi.us/"
            onBlur={[Function]}
            onFocus={[Function]}
          >
            MI Symptoms
          </a>
          , is a project issued by the
           
          <a
            className="MuiTypography-root MuiLink-root MuiLink-underlineHover MuiTypography-colorSecondary"
            href="https://www.michigan.gov/som/"
            onBlur={[Function]}
            onFocus={[Function]}
          >
            State of Michigan
          </a>
           
          to track the spread of the coronavirus and give residents resources they need to fight it. Residents can take a survey each day through the application which asks about current symptoms, current temperature, test results and more. Users who are determined "at-risk" based on their symptoms are given the resources they need and can even be contacted directly by health professionals. No sensitive user data is stored by the application (it is sent straight to the State of Michigan).
          <br />
           
          <br />
          It is backed by the highest levels of the Michigan government and is being developed by about 30 University of Michigan computer science juniors and seniors, along with a few professors, government workers, the
           
          <a
            className="MuiTypography-root MuiLink-root MuiLink-underlineHover MuiTypography-colorSecondary"
            href="https://caen.engin.umich.edu/about/senior-management-team/"
            onBlur={[Function]}
            onFocus={[Function]}
          >
            University of Michigan CAEN team
          </a>
           
          and the
           
          <a
            className="MuiTypography-root MuiLink-root MuiLink-underlineHover MuiTypography-colorSecondary"
            href="https://its.umich.edu/about/leadership"
            onBlur={[Function]}
            onFocus={[Function]}
          >
            University of Michigan ITS team
          </a>
          . At the time of writing (May 20th, 2020), it is being tested in production with larger and larger groups of people.
        </p>
        <picture>
          <source
            srcSet={
              Object {
                "process": [Function],
              }
            }
            type="image/webp"
          />
          <source
            srcSet={
              Object {
                "process": [Function],
              }
            }
            type="image/jpg"
          />
          <img
            alt="MI Symptoms screenshot 1"
            className="MISymptomsCard-mobileScreenshot-84"
            srcSet={
              Array [
                Object {
                  "process": [Function],
                },
                Object {
                  "process": [Function],
                },
              ]
            }
            title="MI Symptoms screenshot 1"
          />
        </picture>
        <picture>
          <source
            srcSet={
              Object {
                "process": [Function],
              }
            }
            type="image/webp"
          />
          <source
            srcSet={
              Object {
                "process": [Function],
              }
            }
            type="image/jpg"
          />
          <img
            alt="MI Symptoms screenshot 2"
            className="MISymptomsCard-mobileScreenshot-84"
            srcSet={
              Array [
                Object {
                  "process": [Function],
                },
                Object {
                  "process": [Function],
                },
              ]
            }
            title="MI Symptoms screenshot 2"
          />
        </picture>
        <picture>
          <source
            srcSet={
              Object {
                "process": [Function],
              }
            }
            type="image/webp"
          />
          <source
            srcSet={
              Object {
                "process": [Function],
              }
            }
            type="image/jpg"
          />
          <img
            alt="MI Symptoms screenshot 3"
            className="MISymptomsCard-mobileScreenshot-84"
            srcSet={
              Array [
                Object {
                  "process": [Function],
                },
                Object {
                  "process": [Function],
                },
              ]
            }
            title="MI Symptoms screenshot 3"
          />
        </picture>
        <p
          className="MuiTypography-root MuiTypography-body1 MuiTypography-paragraph"
        >
          As testing team lead, I was responsible for the day-to-day operations of the testing team. This was another great opportunity to improve on my leadership skills, especially with the added challenge of only being able to communicate remotely. I managed building out testing tools to cover different domains like
           
          <a
            className="MuiTypography-root MuiLink-root MuiLink-underlineHover MuiTypography-colorSecondary"
            href="https://en.wikipedia.org/wiki/Unit_testing"
            onBlur={[Function]}
            onFocus={[Function]}
          >
            unit testing
          </a>
          ,
           
          <a
            className="MuiTypography-root MuiLink-root MuiLink-underlineHover MuiTypography-colorSecondary"
            href="https://www.cypress.io/how-it-works/"
            onBlur={[Function]}
            onFocus={[Function]}
          >
            end-to-end testing
          </a>
          ,
           
          <a
            className="MuiTypography-root MuiLink-root MuiLink-underlineHover MuiTypography-colorSecondary"
            href="https://en.wikipedia.org/wiki/Penetration_test"
            onBlur={[Function]}
            onFocus={[Function]}
          >
            security/pen testing
          </a>
           
          and
           
          <a
            className="MuiTypography-root MuiLink-root MuiLink-underlineHover MuiTypography-colorSecondary"
            href="https://en.wikipedia.org/wiki/Stress_testing"
            onBlur={[Function]}
            onFocus={[Function]}
          >
            performance/stress testing
          </a>
          . We built a
           
          <a
            className="MuiTypography-root MuiLink-root MuiLink-underlineHover MuiTypography-colorSecondary"
            href="https://jestjs.io/"
            onBlur={[Function]}
            onFocus={[Function]}
          >
            Jest
          </a>
           
          test suite for unit testing, a
           
          <a
            className="MuiTypography-root MuiLink-root MuiLink-underlineHover MuiTypography-colorSecondary"
            href="https://www.cypress.io/"
            onBlur={[Function]}
            onFocus={[Function]}
          >
            Cypress
          </a>
           
          test suite for end-to-end testing and a
           
          <a
            className="MuiTypography-root MuiLink-root MuiLink-underlineHover MuiTypography-colorSecondary"
            href="https://jmeter.apache.org/"
            onBlur={[Function]}
            onFocus={[Function]}
          >
            JMeter
          </a>
           
          test suite for stress testing. We put in place a process for continuously
           
          <a
            className="MuiTypography-root MuiLink-root MuiLink-underlineHover MuiTypography-colorSecondary"
            href="https://en.wikipedia.org/wiki/Smoke_testing_(software)"
            onBlur={[Function]}
            onFocus={[Function]}
          >
            smoke testing
          </a>
           
          the application and putting actionable, reproducible issues in front of the development team on our
           
          <a
            className="MuiTypography-root MuiLink-root MuiLink-underlineHover MuiTypography-colorSecondary"
            href="https://trello.com/"
            onBlur={[Function]}
            onFocus={[Function]}
          >
            Trello
          </a>
           
          board. Everything required constant communication with all parts of the team to ensure that we were responding as quickly as possible to frequent requirements changes. We used tools like
           
          <a
            className="MuiTypography-root MuiLink-root MuiLink-underlineHover MuiTypography-colorSecondary"
            href="https://analytics.google.com/analytics/web/"
            onBlur={[Function]}
            onFocus={[Function]}
          >
            Google Analytics
          </a>
          ,
           
          <a
            className="MuiTypography-root MuiLink-root MuiLink-underlineHover MuiTypography-colorSecondary"
            href="https://firebase.google.com/docs/perf-mon"
            onBlur={[Function]}
            onFocus={[Function]}
          >
            Firebase Performance Monitoring
          </a>
          ,
           
          <a
            className="MuiTypography-root MuiLink-root MuiLink-underlineHover MuiTypography-colorSecondary"
            href="https://developers.google.com/speed/pagespeed/insights/"
            onBlur={[Function]}
            onFocus={[Function]}
          >
            Google PageSpeed Insights
          </a>
          , and facilitated the use of security tools like
           
          <a
            className="MuiTypography-root MuiLink-root MuiLink-underlineHover MuiTypography-colorSecondary"
            href="https://www.ibm.com/developerworks/library/se-scan/index.html"
            onBlur={[Function]}
            onFocus={[Function]}
          >
            IBM AppScan
          </a>
           
          from the University of Michigan ITS team - anything that would help the product become as robust as possible, as quickly as possible.
        </p>
        <p
          className="MuiTypography-root MuiTypography-body1 MuiTypography-paragraph"
        >
          I am so thankful for this experience. In my opinion, the most special part about the project was the way that everyone came together and sacrificed their time and energy out of the goodness of their hearts - simply for the prospect that they might be able to help some people. Thank you all!
        </p>
      </div>
    </div>
  </div>
  <div>
    <div
      className="MuiPaper-root MuiCard-root card MuiPaper-elevation8 MuiPaper-rounded"
    >
      <div
        className="MuiCardHeader-root"
      >
        <div
          className="MuiCardHeader-content"
        >
          <span
            className="MuiTypography-root MuiCardHeader-title MuiTypography-h5 MuiTypography-displayBlock"
          >
            InstEvents
          </span>
          <span
            className="MuiTypography-root MuiCardHeader-subheader MuiTypography-body1 MuiTypography-colorTextSecondary MuiTypography-displayBlock"
          >
            Hackathon Project @ MHacks 12
          </span>
        </div>
      </div>
      <div
        alt="MHacks 12 logo"
        className="MuiCardMedia-root MHacks12Card-media-85"
        style={
          Object {
            "backgroundImage": "url(\\"/images/mhacks_logo.webp\\")",
          }
        }
        title="MHacks 12 logo"
      />
      <div
        className="MuiCardContent-root"
      >
        <p
          className="MuiTypography-root MuiTypography-body1"
        >
          This project was definitely my favorite hackathon project. Nathan and I had 36 hours at MHacks to make a very solid project, and I thought we delivered on our own high expectations. The idea for the app came out of one of my entrepreneurship classes where we were asked to "explore" something new every week. It did not matter where we went - concerts, festivals, restaurants - as long as it was something new to us. Thus, I was craving an app that I could open up to instantly view current events in my area. The app features a Google Maps view that immediately opens to show today's current and upcoming events. In addition, it allows users to browse current and upcoming events in a clean RecyclerView/Cards list. Users can add events with an interface that features date pickers, time pickers, address autocomplete using the Google Maps Places API, the ability to add a cover photo and more!
          <br />
           
          <br />
          For this app, we focused on making sure all of the features that we completed were done well. For example, we put lots of extra time into making sure the "Add Event" flow was as seamless as possible, instead of using that time to partially complete some of our stretch goals. The advantage of this is a good UX, even with just the app we made during the hackathon. Going forward, we plan to continue working on other features like web-scraping for popular events, and an eventual release to the Google Play Store. More details on upcoming features and more on our
           
          <a
            className="MuiTypography-root MuiLink-root MuiLink-underlineHover MuiTypography-colorSecondary"
            href="https://github.com/markfonte/InstEvents"
            onBlur={[Function]}
            onFocus={[Function]}
          >
            Github
          </a>
          ! We also believe that the app has significant value as-is, because of the fact that anyone can post an event. This, in combination with the built-in Google Maps view, allows for a location-based sorting of events as opposed to the normal popularity-based sorting of events. In other words, events with only 30 people attending get the same weight on the map as those with 5,000. This allows for an even playing field and is a concept we have not really seen before.
          <br />
           
          <br />
          View it on
           
          <a
            className="MuiTypography-root MuiLink-root MuiLink-underlineHover MuiTypography-colorSecondary"
            href="https://devpost.com/software/instevent"
            onBlur={[Function]}
            onFocus={[Function]}
          >
            Devpost
          </a>
           
          or
           
          <a
            className="MuiTypography-root MuiLink-root MuiLink-underlineHover MuiTypography-colorSecondary"
            href="https://github.com/markfonte/InstEvents"
            onBlur={[Function]}
            onFocus={[Function]}
          >
            Github
          </a>
          <br />
           
          <br />
          <img
            alt="InstEvents screenshot 3"
            className="MHacks12Card-screenshot-87"
            height="500"
            src={
              Object {
                "process": [Function],
              }
            }
            title="InstEvents screenshot 3"
            width="240"
          />
          <img
            alt="InstEvents screenshot 1"
            className="MHacks12Card-screenshot-87"
            height="500"
            src={
              Object {
                "process": [Function],
              }
            }
            title="InstEvents screenshot 1"
            width="240"
          />
          <img
            alt="InstEvents screenshot 2"
            className="MHacks12Card-screenshot-87"
            height="500"
            src={
              Object {
                "process": [Function],
              }
            }
            title="InstEvents screenshot 2"
            width="240"
          />
          <img
            alt="Nathan and Mark MHacks 12"
            className="MHacks12Card-screenshot-87"
            height="360"
            src={
              Object {
                "process": [Function],
              }
            }
            title="Nathan and Mark MHacks 12"
            width="240"
          />
        </p>
      </div>
      <div
        className="MuiCardActions-root MuiCardActions-spacing"
      >
        <a
          aria-disabled={false}
          aria-label="Go to website"
          className="MuiButtonBase-root MuiIconButton-root"
          href="https://mhacks12.devpost.com/"
          onBlur={[Function]}
          onDragLeave={[Function]}
          onFocus={[Function]}
          onKeyDown={[Function]}
          onKeyUp={[Function]}
          onMouseDown={[Function]}
          onMouseLeave={[Function]}
          onMouseUp={[Function]}
          onTouchEnd={[Function]}
          onTouchMove={[Function]}
          onTouchStart={[Function]}
          tabIndex={0}
        >
          <span
            className="MuiIconButton-label"
          >
            <svg
              aria-hidden={true}
              className="MuiSvgIcon-root"
              focusable="false"
              viewBox="0 0 24 24"
            >
              <path
                d="M20 4H4c-1.1 0-1.99.9-1.99 2L2 18c0 1.1.9 2 2 2h16c1.1 0 2-.9 2-2V6c0-1.1-.9-2-2-2zm-5 14H4v-4h11v4zm0-5H4V9h11v4zm5 5h-4V9h4v9z"
              />
            </svg>
          </span>
          <span
            className="MuiTouchRipple-root"
          />
        </a>
      </div>
    </div>
  </div>
  <div>
    <div
      className="MuiPaper-root MuiCard-root card MuiPaper-elevation8 MuiPaper-rounded"
    >
      <div
        className="MuiCardHeader-root"
      >
        <div
          className="MuiCardHeader-content"
        >
          <span
            className="MuiTypography-root MuiCardHeader-title MuiTypography-h5 MuiTypography-displayBlock"
          >
            WalkLens
          </span>
          <span
            className="MuiTypography-root MuiCardHeader-subheader MuiTypography-body1 MuiTypography-colorTextSecondary MuiTypography-displayBlock"
          >
            Android application
          </span>
        </div>
      </div>
      <div
        className="MuiCardContent-root"
      >
        <picture>
          <source
            srcSet={
              Object {
                "process": [Function],
              }
            }
            type="image/webp"
          />
          <source
            srcSet={
              Object {
                "process": [Function],
              }
            }
            type="image/png"
          />
          <img
            alt="WalkLens logo"
            className="WalklensCard-logo-112"
            srcSet={
              Array [
                Object {
                  "process": [Function],
                },
                Object {
                  "process": [Function],
                },
              ]
            }
            title="WalkLens logo"
          />
        </picture>
        <p
          className="MuiTypography-root MuiTypography-body1"
        >
          This project was built in my
           
          <a
            className="MuiTypography-root MuiLink-root MuiLink-underlineHover MuiTypography-colorSecondary"
            href="https://art.ai.umich.edu/course/EECS%20441/"
            onBlur={[Function]}
            onFocus={[Function]}
          >
            EECS 441: Mobile App Development for Entrepreneurs
          </a>
           
          class during senior year. The idea is that users give permission to the application to periodically poll their location to see if they are approaching a crosswalk. If the app determines that a user is approaching a road, they receive a pop-up notification. This alerts the user to look up from their phone to help ensure that they are not wandering into the street and putting themselves in danger. The application comes from the idea that pedestrian safety is an issue that can be addressed by encouraging smartphone users to look up while they are walking. A more perfect solution would be for people to simply look while they are walking, but this does not always happen so we tried to combat it from the technology side.
          <br />
           
          <br />
          WalkLens is able to do all of the work it needs inside the logic of the Android application; it does not require a custom backend database. It uses the
           
          <a
            className="MuiTypography-root MuiLink-root MuiLink-underlineHover MuiTypography-colorSecondary"
            href="https://developers.google.com/maps/documentation/android-sdk/intro"
            onBlur={[Function]}
            onFocus={[Function]}
          >
            Google Maps SDK for Android
          </a>
           
          to display the map UI when opening the application, and the
           
          <a
            className="MuiTypography-root MuiLink-root MuiLink-underlineHover MuiTypography-colorSecondary"
            href="https://developers.google.com/maps/documentation/roads/intro"
            onBlur={[Function]}
            onFocus={[Function]}
          >
            Google Roads API
          </a>
           
          to find the nearest road to a user. It runs as a background process that wakes up in set intervals (between 5 and 30 seconds), then determines the user's current latitude/longitude and calculates if it is near a road. If it is close to the nearest road (between 30-70 feet) then it sends a notification to the user. Additionally, as an implementation of dead reckoning, if a user is approaching a crosswalk it delays sending the notification until they have almost reached it. WalkLens uses
           
          <a
            className="MuiTypography-root MuiLink-root MuiLink-underlineHover MuiTypography-colorSecondary"
            href="https://developer.android.com/topic/libraries/architecture/livedata"
            onBlur={[Function]}
            onFocus={[Function]}
          >
            LiveData
          </a>
          , the
           
          <a
            className="MuiTypography-root MuiLink-root MuiLink-underlineHover MuiTypography-colorSecondary"
            href="https://developer.android.com/guide/navigation"
            onBlur={[Function]}
            onFocus={[Function]}
          >
            Navigation Architecture component
          </a>
          , data binding, coroutines, ViewModels,
           
          <a
            className="MuiTypography-root MuiLink-root MuiLink-underlineHover MuiTypography-colorSecondary"
            href="https://square.github.io/okhttp/"
            onBlur={[Function]}
            onFocus={[Function]}
          >
            OkHttp
          </a>
           
          and much more. At the time of writing, it is available on the Google Play Store. There are no plans to make an iOS version of WalkLens.
          <br />
           
          <br />
          View it on
           
          <a
            className="MuiTypography-root MuiLink-root MuiLink-underlineHover MuiTypography-colorSecondary"
            href="https://github.com/markfonte/WalkLens"
            onBlur={[Function]}
            onFocus={[Function]}
          >
            Github
          </a>
           
          or the
           
          <a
            className="MuiTypography-root MuiLink-root MuiLink-underlineHover MuiTypography-colorSecondary"
            href="https://play.google.com/store/apps/details?id=fonte.com.walklens&hl=en_US"
            onBlur={[Function]}
            onFocus={[Function]}
          >
            Google Play Store
          </a>
        </p>
        <img
          alt="WalkLens screenshot 1"
          className="WalklensCard-screenshot-111"
          src={
            Object {
              "process": [Function],
            }
          }
          title="WalkLens screenshot 1"
        />
        <img
          alt="WalkLens screenshot 2"
          className="WalklensCard-screenshot-111"
          src={
            Object {
              "process": [Function],
            }
          }
          title="WalkLens screenshot 2"
        />
        <img
          alt="WalkLens screenshot 3"
          className="WalklensCard-screenshot-111"
          src={
            Object {
              "process": [Function],
            }
          }
          title="WalkLens screenshot 3"
        />
      </div>
      <div
        className="MuiCardActions-root MuiCardActions-spacing"
      >
        <a
          aria-disabled={false}
          aria-label="Go to Google Play Store listing"
          className="MuiButtonBase-root MuiIconButton-root"
          href="https://play.google.com/store/apps/details?id=fonte.com.walklens&hl=en_US"
          onBlur={[Function]}
          onDragLeave={[Function]}
          onFocus={[Function]}
          onKeyDown={[Function]}
          onKeyUp={[Function]}
          onMouseDown={[Function]}
          onMouseLeave={[Function]}
          onMouseUp={[Function]}
          onTouchEnd={[Function]}
          onTouchMove={[Function]}
          onTouchStart={[Function]}
          tabIndex={0}
        >
          <span
            className="MuiIconButton-label"
          >
            <svg
              aria-hidden={true}
              className="MuiSvgIcon-root"
              focusable="false"
              viewBox="0 0 24 24"
            >
              <path
                d="M12 2C6.48 2 2 6.48 2 12s4.48 10 10 10 10-4.48 10-10S17.52 2 12 2zm-2 14.5v-9l6 4.5-6 4.5z"
              />
            </svg>
          </span>
          <span
            className="MuiTouchRipple-root"
          />
        </a>
      </div>
    </div>
  </div>
  <div>
    <div
      className="MuiPaper-root MuiCard-root card MuiPaper-elevation8 MuiPaper-rounded"
    >
      <div
        className="MuiCardHeader-root"
      >
        <div
          className="MuiCardHeader-content"
        >
          <span
            className="MuiTypography-root MuiCardHeader-title MuiTypography-h5 MuiTypography-displayBlock"
          >
            Laughable Lyrics
          </span>
          <span
            className="MuiTypography-root MuiCardHeader-subheader MuiTypography-body1 MuiTypography-colorTextSecondary MuiTypography-displayBlock"
          >
            Hackathon Winner @ Spartahack V
          </span>
        </div>
      </div>
      <div
        alt="SpartaHack V logo"
        className="MuiCardMedia-root Spartahack5Card-media-113"
        style={
          Object {
            "backgroundImage": "url(\\"/images/spartahack_logo.webp\\")",
          }
        }
        title="SpartaHack V logo"
      />
      <div
        className="MuiCardContent-root"
      >
        <p
          className="MuiTypography-root MuiTypography-body1"
        >
          This hackathon project,
           
          <i>
            Laughable Lyrics
          </i>
          , is one of my favorites.
           
          We took inspiration from the popular
           
          <i>
            "Google Translate Sings"
          </i>
           
          <a
            className="MuiTypography-root MuiLink-root MuiLink-underlineHover MuiTypography-colorSecondary"
            href="https://www.youtube.com/watch?v=2bVAoVlFYf0"
            onBlur={[Function]}
            onFocus={[Function]}
          >
            YouTube videos
          </a>
           
          and decided we could automate that process. Using Google Translate APIs we built an Android application that allowed users to translate the Genius Lyrics through a specified number of languages, and back to English. The result was always hilarious, and the user interface we built (using Android Jetpack) made it very easy to do. We won 
          <i>
            Most Creative/Funniest Hack
          </i>
           for the project. View it on
           
          <a
            className="MuiTypography-root MuiLink-root MuiLink-underlineHover MuiTypography-colorSecondary"
            href="https://devpost.com/software/laughable-lyrics"
            onBlur={[Function]}
            onFocus={[Function]}
          >
            Devpost
          </a>
           
          or
           
          <a
            className="MuiTypography-root MuiLink-root MuiLink-underlineHover MuiTypography-colorSecondary"
            href="https://github.com/nathan815/Laughable-Lyrics"
            onBlur={[Function]}
            onFocus={[Function]}
          >
            Github
          </a>
          <br />
          <img
            alt="Laughable Lyrics logo"
            className="Spartahack5Card-logo-114"
            src={
              Object {
                "process": [Function],
              }
            }
            title="Laughable Lyrics logo"
          />
        </p>
      </div>
      <div
        className="MuiCardActions-root MuiCardActions-spacing"
      >
        <a
          aria-disabled={false}
          aria-label="Go to website"
          className="MuiButtonBase-root MuiIconButton-root"
          href="https://spartahackv.devpost.com/"
          onBlur={[Function]}
          onDragLeave={[Function]}
          onFocus={[Function]}
          onKeyDown={[Function]}
          onKeyUp={[Function]}
          onMouseDown={[Function]}
          onMouseLeave={[Function]}
          onMouseUp={[Function]}
          onTouchEnd={[Function]}
          onTouchMove={[Function]}
          onTouchStart={[Function]}
          tabIndex={0}
        >
          <span
            className="MuiIconButton-label"
          >
            <svg
              aria-hidden={true}
              className="MuiSvgIcon-root"
              focusable="false"
              viewBox="0 0 24 24"
            >
              <path
                d="M20 4H4c-1.1 0-1.99.9-1.99 2L2 18c0 1.1.9 2 2 2h16c1.1 0 2-.9 2-2V6c0-1.1-.9-2-2-2zm-5 14H4v-4h11v4zm0-5H4V9h11v4zm5 5h-4V9h4v9z"
              />
            </svg>
          </span>
          <span
            className="MuiTouchRipple-root"
          />
        </a>
      </div>
    </div>
  </div>
  <div>
    <div
      className="MuiPaper-root MuiCard-root card MuiPaper-elevation8 MuiPaper-rounded"
    >
      <div
        className="MuiCardHeader-root"
      >
        <div
          className="MuiCardHeader-content"
        >
          <span
            className="MuiTypography-root MuiCardHeader-title MuiTypography-h5 MuiTypography-displayBlock"
          >
            Road Mapper
          </span>
          <span
            className="MuiTypography-root MuiCardHeader-subheader MuiTypography-body1 MuiTypography-colorTextSecondary MuiTypography-displayBlock"
          >
            EECS 493 class project
          </span>
        </div>
      </div>
      <div
        className="MuiCardContent-root"
      >
        <p
          className="MuiTypography-root MuiTypography-body1 MuiTypography-gutterBottom"
        >
          This was just a small project that we worked on for
           
          <a
            className="MuiTypography-root MuiLink-root MuiLink-underlineHover MuiTypography-colorSecondary"
            href="https://atlas.ai.umich.edu/course/EECS%20493/"
            onBlur={[Function]}
            onFocus={[Function]}
          >
            EECS 493
          </a>
           
          during my final semester in college. It was really fun because I got to use
           
          <a
            className="MuiTypography-root MuiLink-root MuiLink-underlineHover MuiTypography-colorSecondary"
            href="https://vuejs.org/"
            onBlur={[Function]}
            onFocus={[Function]}
          >
            Vue.js
          </a>
           
          for the first time on an actual web application. It was very simple to use, and I loved how lightweight it was (with a single import you can start using Vue right away in any web application).
          <br />
          <br />
          The application was modeled off of how applications like
           
          <a
            className="MuiTypography-root MuiLink-root MuiLink-underlineHover MuiTypography-colorSecondary"
            href="https://www.waze.com/"
            onBlur={[Function]}
            onFocus={[Function]}
          >
            Waze
          </a>
           
          allow users to indicate driving hazards and speed traps that they find. We used the same concept to crowdsource the presence of (primarily winter) walking hazards like ice, snow and mud. Using the
           
          <a
            className="MuiTypography-root MuiLink-root MuiLink-underlineHover MuiTypography-colorSecondary"
            href="https://docs.mapbox.com/api/"
            onBlur={[Function]}
            onFocus={[Function]}
          >
            Mapbox API
          </a>
           
          we had a map that allowed users to create, read, update and delete different walking hazards. They could enter a description, drag markers to a spot, select the type of hazard, and even use built-in walking directions. We stored the currently-active hazards in a
           
          <a
            className="MuiTypography-root MuiLink-root MuiLink-underlineHover MuiTypography-colorSecondary"
            href="https://docs.python.org/2/library/sqlite3.html"
            onBlur={[Function]}
            onFocus={[Function]}
          >
            SQLite
          </a>
           
          database managed by a
           
          <a
            className="MuiTypography-root MuiLink-root MuiLink-underlineHover MuiTypography-colorSecondary"
            href="https://www.python.org/"
            onBlur={[Function]}
            onFocus={[Function]}
          >
            Python
          </a>
           
          <a
            className="MuiTypography-root MuiLink-root MuiLink-underlineHover MuiTypography-colorSecondary"
            href="https://flask.palletsprojects.com/en/1.1.x/"
            onBlur={[Function]}
            onFocus={[Function]}
          >
            Flask
          </a>
           
          application.
        </p>
        <picture>
          <br />
          <source
            srcSet={
              Object {
                "process": [Function],
              }
            }
            type="image/webp"
          />
          <source
            srcSet={
              Object {
                "process": [Function],
              }
            }
            type="image/png"
          />
          <img
            alt="Road Mappers screenshot 1"
            className="RoadMapperCard-screenshotOne-115"
            srcSet={
              Array [
                Object {
                  "process": [Function],
                },
                Object {
                  "process": [Function],
                },
              ]
            }
            title="Road Mappers screenshot 1"
          />
        </picture>
        <p
          className="MuiTypography-root MuiTypography-body1 MuiTypography-gutterBottom"
        >
          <br />
          Although we never released it to the public, it was a great experience with a new framework and a new API. It was also a testament to how smoothly a project can be built if the team is on the same page, despite being made entirely during quarantine!
        </p>
      </div>
    </div>
  </div>
  <div>
    <div
      className="MuiPaper-root MuiCard-root card MuiPaper-elevation8 MuiPaper-rounded"
    >
      <div
        className="MuiCardHeader-root"
      >
        <div
          className="MuiCardHeader-content"
        >
          <span
            className="MuiTypography-root MuiCardHeader-title MuiTypography-h5 MuiTypography-displayBlock"
          >
            Denial Dial
          </span>
          <span
            className="MuiTypography-root MuiCardHeader-subheader MuiTypography-body1 MuiTypography-colorTextSecondary MuiTypography-displayBlock"
          >
            Hackathon Project @ RevolutionUC 8
          </span>
        </div>
      </div>
      <div
        className="RevolutionUC8Card-mediaWrapper-117"
      >
        <div
          alt="RevolutionUC 8 logo"
          className="MuiCardMedia-root RevolutionUC8Card-media-116"
          style={
            Object {
              "backgroundImage": "url(\\"/images/revolutionuc_logo.webp\\")",
            }
          }
          title="RevolutionUC 8 logo"
        />
      </div>
      <div
        className="MuiCardContent-root"
      >
        <p
          className="MuiTypography-root MuiTypography-body1"
        >
          This hackathon was not as successful as the other two, but it was still a great experience. We spent at least the first 12 hours of the 24-hour hackathon bouncing between a bunch of different ideas. We ended up building a clever rejection hotline called Denial Dial using Twilio's APIs. It connected two people who were given the fake phone number we set up, and had them communicate for awhile before breaking the news to them. It also had some cool side features like an automated message that played if anyone called the number. We did not win anything with the project, but was still fun experimenting with some new technologies! View it on
           
          <a
            className="MuiTypography-root MuiLink-root MuiLink-underlineHover MuiTypography-colorSecondary"
            href="https://devpost.com/software/revolution-banking"
            onBlur={[Function]}
            onFocus={[Function]}
          >
            Devpost
          </a>
           
          or
           
          <a
            className="MuiTypography-root MuiLink-root MuiLink-underlineHover MuiTypography-colorSecondary"
            href="https://github.com/nathan815/denial-dial"
            onBlur={[Function]}
            onFocus={[Function]}
          >
            Github
          </a>
        </p>
        <img
          alt="CongoAI logo"
          className="RevolutionUC8Card-logo-118"
          src={
            Object {
              "process": [Function],
            }
          }
          title="CongoAI logo"
        />
      </div>
      <div
        className="MuiCardActions-root MuiCardActions-spacing"
      >
        <a
          aria-disabled={false}
          aria-label="Go to website"
          className="MuiButtonBase-root MuiIconButton-root"
          href="http://revolutionuc.com/"
          onBlur={[Function]}
          onDragLeave={[Function]}
          onFocus={[Function]}
          onKeyDown={[Function]}
          onKeyUp={[Function]}
          onMouseDown={[Function]}
          onMouseLeave={[Function]}
          onMouseUp={[Function]}
          onTouchEnd={[Function]}
          onTouchMove={[Function]}
          onTouchStart={[Function]}
          tabIndex={0}
        >
          <span
            className="MuiIconButton-label"
          >
            <svg
              aria-hidden={true}
              className="MuiSvgIcon-root"
              focusable="false"
              viewBox="0 0 24 24"
            >
              <path
                d="M20 4H4c-1.1 0-1.99.9-1.99 2L2 18c0 1.1.9 2 2 2h16c1.1 0 2-.9 2-2V6c0-1.1-.9-2-2-2zm-5 14H4v-4h11v4zm0-5H4V9h11v4zm5 5h-4V9h4v9z"
              />
            </svg>
          </span>
          <span
            className="MuiTouchRipple-root"
          />
        </a>
      </div>
    </div>
  </div>
  <div>
    <div
      className="MuiPaper-root MuiCard-root card MuiPaper-elevation8 MuiPaper-rounded"
    >
      <div
        className="MuiCardHeader-root"
      >
        <div
          className="MuiCardHeader-content"
        >
          <span
            className="MuiTypography-root MuiCardHeader-title MuiTypography-h5 MuiTypography-displayBlock"
          >
            Congo AI
          </span>
          <span
            className="MuiTypography-root MuiCardHeader-subheader MuiTypography-body1 MuiTypography-colorTextSecondary MuiTypography-displayBlock"
          >
            Hackathon Winner @ GrizzHacks 3
          </span>
        </div>
      </div>
      <div
        alt="GrizzHacks 3 logo"
        className="MuiCardMedia-root Grizzhacks3Card-media-119"
        style={
          Object {
            "backgroundImage": "url(\\"/images/grizzhacks_logo.webp\\")",
          }
        }
        title="GrizzHacks 3 logo"
      />
      <div
        className="MuiCardContent-root"
      >
        <p
          className="MuiTypography-root MuiTypography-body1"
        >
          This was the first hackathon I ever competed in. We built an online store to buy and sell pre-trained machine learning models, using Vue.js and MongoDB. While we did not completely finish, the idea was to be able to test out the machine learning models first in the store before purchasing from the person that made it. Most of the credit on this project goes to my team. We won 
          <i>
            Best DevOps Hack, Presented by Ally Financial
          </i>
           and 
          <i>
            Best use of Dynatrace
          </i>
          . View it on 
          <a
            className="MuiTypography-root MuiLink-root MuiLink-underlineHover MuiTypography-colorSecondary"
            href="https://devpost.com/software/congoai"
            onBlur={[Function]}
            onFocus={[Function]}
          >
            Devpost
          </a>
           
          or
           
          <a
            className="MuiTypography-root MuiLink-root MuiLink-underlineHover MuiTypography-colorSecondary"
            href="https://github.com/nathan815/CongoAI"
            onBlur={[Function]}
            onFocus={[Function]}
          >
            Github
          </a>
        </p>
        <br />
        <img
          alt="CongoAI logo"
          className="Grizzhacks3Card-logo-120"
          src={
            Object {
              "process": [Function],
            }
          }
          title="CongoAI logo"
        />
      </div>
      <div
        className="MuiCardActions-root MuiCardActions-spacing"
      >
        <a
          aria-disabled={false}
          aria-label="Go to website"
          className="MuiButtonBase-root MuiIconButton-root"
          href="http://grizzhacks.com/"
          onBlur={[Function]}
          onDragLeave={[Function]}
          onFocus={[Function]}
          onKeyDown={[Function]}
          onKeyUp={[Function]}
          onMouseDown={[Function]}
          onMouseLeave={[Function]}
          onMouseUp={[Function]}
          onTouchEnd={[Function]}
          onTouchMove={[Function]}
          onTouchStart={[Function]}
          tabIndex={0}
        >
          <span
            className="MuiIconButton-label"
          >
            <svg
              aria-hidden={true}
              className="MuiSvgIcon-root"
              focusable="false"
              viewBox="0 0 24 24"
            >
              <path
                d="M20 4H4c-1.1 0-1.99.9-1.99 2L2 18c0 1.1.9 2 2 2h16c1.1 0 2-.9 2-2V6c0-1.1-.9-2-2-2zm-5 14H4v-4h11v4zm0-5H4V9h11v4zm5 5h-4V9h4v9z"
              />
            </svg>
          </span>
          <span
            className="MuiTouchRipple-root"
          />
        </a>
      </div>
    </div>
  </div>
  <div>
    <div
      className="MuiPaper-root MuiCard-root card MuiPaper-elevation8 MuiPaper-rounded"
    >
      <div
        className="MuiCardHeader-root"
      >
        <div
          className="MuiCardHeader-content"
        >
          <span
            className="MuiTypography-root MuiCardHeader-title MuiTypography-h5 MuiTypography-displayBlock"
          >
            Spotlight
          </span>
          <span
            className="MuiTypography-root MuiCardHeader-subheader MuiTypography-body1 MuiTypography-colorTextSecondary MuiTypography-displayBlock"
          >
            Lead Android developer
          </span>
        </div>
      </div>
      <div
        className="MuiCardContent-root"
      >
        <p
          className="MuiTypography-root MuiTypography-body1"
        >
          We worked on Android and iOS applications to help streamline the sorority recruitment process. Both applications were built using Firebase, and the Android application is built using Android Jetpack, architecture components and Google Maps APIs. I built a successful POC for the Android application and successfully onboarded another developer to maintain the project.
        </p>
        <img
          alt="Spotlight screenshot 1"
          className="SpotlightCard-screenshot-121"
          src={
            Object {
              "process": [Function],
            }
          }
          title="Spotlight screenshot 1"
        />
        <img
          alt="Spotlight screenshot 2"
          className="SpotlightCard-screenshot-121"
          src={
            Object {
              "process": [Function],
            }
          }
          title="Spotlight screenshot 2"
        />
      </div>
    </div>
  </div>
  <div>
    <div
      className="MuiPaper-root MuiCard-root card MuiPaper-elevation8 MuiPaper-rounded"
    >
      <div
        className="MuiCardHeader-root"
      >
        <div
          className="MuiCardHeader-content"
        >
          <span
            className="MuiTypography-root MuiCardHeader-title MuiTypography-h5 MuiTypography-displayBlock"
          >
            Doggie Doodles
          </span>
          <span
            className="MuiTypography-root MuiCardHeader-subheader MuiTypography-body1 MuiTypography-colorTextSecondary MuiTypography-displayBlock"
          >
            Entrepreneur
          </span>
        </div>
      </div>
      <div
        alt="Gimble A Cappella - 2019"
        className="MuiCardMedia-root DoggieDoodlesCard-media-122"
        style={
          Object {
            "backgroundImage": "url(\\"/images/doggie_doodles_logo.webp\\")",
          }
        }
        title="Gimble A Cappella - 2019"
      />
      <div
        className="MuiCardContent-root"
      >
        <p
          className="MuiTypography-root MuiTypography-body1"
        >
          Started from a class project, this business sells custom merchandise using a digital drawing of your animal.
           
          <a
            className="MuiTypography-root MuiLink-root MuiLink-underlineHover MuiTypography-colorSecondary"
            href="mailto:dopedoggiedoodles@gmail.com"
            onBlur={[Function]}
            onFocus={[Function]}
          >
            Send us a picture of your dog or cat
             
          </a>
           and we will turn it into a custom drawing. Then head over to
           
          <a
            className="MuiTypography-root MuiLink-root MuiLink-underlineHover MuiTypography-colorSecondary"
            href="https://www.redbubble.com/people/doggiedoodles"
            onBlur={[Function]}
            onFocus={[Function]}
          >
            Redbubble
          </a>
           
          and you can purchase a custom mug, laptop sticker, phone case, and more. I might not be writing software for this business, but it is still lots of fun!
        </p>
      </div>
      <div
        className="MuiCardActions-root MuiCardActions-spacing"
      >
        <a
          aria-disabled={false}
          aria-label="Go to website"
          className="MuiButtonBase-root MuiIconButton-root"
          href="https://dopedoggiedoodles.wixsite.com/home"
          onBlur={[Function]}
          onDragLeave={[Function]}
          onFocus={[Function]}
          onKeyDown={[Function]}
          onKeyUp={[Function]}
          onMouseDown={[Function]}
          onMouseLeave={[Function]}
          onMouseUp={[Function]}
          onTouchEnd={[Function]}
          onTouchMove={[Function]}
          onTouchStart={[Function]}
          tabIndex={0}
        >
          <span
            className="MuiIconButton-label"
          >
            <svg
              aria-hidden={true}
              className="MuiSvgIcon-root"
              focusable="false"
              viewBox="0 0 24 24"
            >
              <path
                d="M20 4H4c-1.1 0-1.99.9-1.99 2L2 18c0 1.1.9 2 2 2h16c1.1 0 2-.9 2-2V6c0-1.1-.9-2-2-2zm-5 14H4v-4h11v4zm0-5H4V9h11v4zm5 5h-4V9h4v9z"
              />
            </svg>
          </span>
          <span
            className="MuiTouchRipple-root"
          />
        </a>
      </div>
    </div>
  </div>
  <div
    className="InteractionCard-root-123"
  >
    <div
      className="MuiPaper-root MuiCard-root MuiPaper-elevation8 MuiPaper-rounded"
    >
      <div
        className="MuiCardContent-root"
      >
        <div />
        <div
          className="LikeButton-root-124"
        >
          <div
            className="LikeButton-likeButtonWrapper-125"
          >
            <svg
              aria-describedby={null}
              aria-hidden={true}
              className="MuiSvgIcon-root MuiSvgIcon-fontSizeLarge"
              focusable="false"
              onBlur={[Function]}
              onClick={[Function]}
              onFocus={[Function]}
              onMouseLeave={[Function]}
              onMouseOver={[Function]}
              onTouchEnd={[Function]}
              onTouchStart={[Function]}
              title="Click to like page"
              viewBox="0 0 24 24"
            >
              <path
                d="M16.5 3c-1.74 0-3.41.81-4.5 2.09C10.91 3.81 9.24 3 7.5 3 4.42 3 2 5.42 2 8.5c0 3.78 3.4 6.86 8.55 11.54L12 21.35l1.45-1.32C18.6 15.36 22 12.28 22 8.5 22 5.42 19.58 3 16.5 3zm-4.4 15.55l-.1.1-.1-.1C7.14 14.24 4 11.39 4 8.5 4 6.5 5.5 5 7.5 5c1.54 0 3.04.99 3.57 2.36h1.87C13.46 5.99 14.96 5 16.5 5c2 0 3.5 1.5 3.5 3.5 0 2.89-3.14 5.74-7.9 10.05z"
              />
            </svg>
            <div
              className="MuiPaper-root MuiCard-root LikeButton-captionRoot-126 MuiPaper-elevation1 MuiPaper-rounded"
            >
              <span
                className="MuiTypography-root LikeButton-captionText-127 MuiTypography-caption MuiTypography-colorInherit"
                size="small"
              >
                0
                 likes
              </span>
            </div>
          </div>
        </div>
      </div>
    </div>
  </div>
</div>
`;
